<html>
<body>
<pre>
<h1>µVision Build Log</h1>
<h2>Tool Versions:</h2>
IDE-Version: ¦ÌVision V5.27.0.0
Copyright (C) 2018 ARM Ltd and ARM Germany GmbH. All rights reserved.
License Information: rw c, august, LIC=JDA0P-MK9YE-AWZ2F-6N7EN-BWKZN-Z42AJ
 
Tool Versions:
Toolchain:       MDK-ARM Professional  Version: 5.27.0.0
Toolchain Path:  C:\Keil_v5\ARM\ARMCC\Bin
C Compiler:      Armcc.exe V5.06 update 6 (build 750)
Assembler:       Armasm.exe V5.06 update 6 (build 750)
Linker/Locator:  ArmLink.exe V5.06 update 6 (build 750)
Library Manager: ArmAr.exe V5.06 update 6 (build 750)
Hex Converter:   FromElf.exe V5.06 update 6 (build 750)
CPU DLL:         
Dialog DLL:      
Target DLL:      Segger\JL2CM3.dll V2.99.34.0
Dialog DLL:      TCM.DLL V1.36.1.0
 
<h2>Project:</h2>
C:\Users\larry\Desktop\52810_ble\JPR_NRF52810_20210809\JPR\examples\dfu\secure_bootloader\pca10040e_s112_ble\arm5_no_packs\secure_bootloader_ble_s112_pca10040e.uvprojx
Project File Date:  06/03/2021

<h2>Output:</h2>
*** Using Compiler 'V5.06 update 6 (build 750)', folder: 'C:\Keil_v5\ARM\ARMCC\Bin'
Rebuild target 'nrf52810_xxaa_s112'
compiling dfu_public_key.c...
compiling ble_srv_common.c...
compiling nrf_bootloader_app_start.c...
compiling nrf_bootloader_app_start_final.c...
compiling nrf_crypto_ecc.c...
compiling boards.c...
compiling nrf_bootloader_wdt.c...
compiling nrf_bootloader_fw_activation.c...
compiling nrf_bootloader_dfu_timers.c...
compiling nrf_bootloader_info.c...
compiling main.c...
compiling oberon_backend_ecc.c...
compiling oberon_backend_ecdh.c...
compiling nrf_bootloader.c...
compiling oberon_backend_eddsa.c...
compiling oberon_backend_ecdsa.c...
compiling oberon_backend_chacha_poly_aead.c...
compiling oberon_backend_hmac.c...
compiling nrf_crypto_init.c...
compiling oberon_backend_hash.c...
compiling nrf_crypto_shared.c...
compiling micro_ecc_backend_ecdh.c...
compiling nrf_crypto_hash.c...
compiling nrf_crypto_ecdsa.c...
compiling micro_ecc_backend_ecdsa.c...
compiling nrf_sw_backend_hash.c...
compiling dfu-cc.pb.c...
compiling micro_ecc_backend_ecc.c...
compiling nrf_dfu.c...
compiling nrf_dfu_handling_error.c...
compiling nrf_dfu_flash.c...
compiling nrf_dfu_mbr.c...
compiling nrf_dfu_transport.c...
compiling nrf_dfu_utils.c...
compiling nrf_dfu_settings.c...
compiling nrf_dfu_settings_svci.c...
compiling nrf_dfu_ble.c...
compiling nrf_dfu_req_handler.c...
compiling app_util_platform.c...
compiling crc32.c...
compiling nrf_dfu_validation.c...
compiling mem_manager.c...
compiling app_scheduler.c...
compiling app_error_weak.c...
compiling nrfx_atomic.c...
compiling nrf_nvmc.c...
compiling nrf_assert.c...
compiling nrf_dfu_ver_validation.c...
compiling nrf_atomic.c...
compiling nrf_queue.c...
compiling nrf_ringbuf.c...
compiling nrf_strerror.c...
compiling nrf_fstorage.c...
compiling nrf_section_iter.c...
compiling nrf_atfifo.c...
compiling nrf_fstorage_sd.c...
compiling nrf_fstorage_nvmc.c...
compiling nrf_balloc.c...
compiling sha256.c...
assembling arm_startup_nrf52810.s...
compiling pb_common.c...
compiling pb_decode.c...
compiling nrf_svc_handler.c...
compiling system_nrf52810.c...
compiling nrf_dfu_svci.c...
compiling nrf_sdh_soc.c...
compiling nrf_sdh_ble.c...
compiling nrf_sdh.c...
compiling nrf_dfu_svci_handler.c...
linking...
Program Size: Code=21576 RO-data=2256 RW-data=188 ZI-data=19768  
FromELF: creating hex file...
".\_build\bootloader.axf" - 0 Error(s), 0 Warning(s).

<h2>Software Packages used:</h2>

Package Vendor: ARM
                http://www.keil.com/pack/ARM.CMSIS.4.5.0.pack
                ARM.CMSIS.4.5.0
                CMSIS (Cortex Microcontroller Software Interface Standard)
   * Component: CORE Version: 4.3.0

Package Vendor: NordicSemiconductor
                http://developer.nordicsemi.com/nRF5_SDK/pieces/nRF_DeviceFamilyPack/NordicSemiconductor.nRF_DeviceFamilyPack_NordicLicense.8.27.0.pack
                NordicSemiconductor.nRF_DeviceFamilyPack_NordicLicense.8.27.0
                Nordic Semiconductor nRF ARM devices Device Family Pack with Nordic license.
   * Component: Startup Version: 8.27.0

<h2>Collection of Component include folders:</h2>
  .\RTE\_nrf52810_xxaa_s112
  C:\Keil_v5\ARM\PACK\ARM\CMSIS\4.5.0\CMSIS\Include
  C:\Keil_v5\ARM\PACK\NordicSemiconductor\nRF_DeviceFamilyPack\8.27.0\Device\Include

<h2>Collection of Component Files used:</h2>

   * Component: ARM::CMSIS:CORE:4.3.0

   * Component: NordicSemiconductor::Device:Startup:8.27.0
      Include file:  Device\Include\system_nrf52810.h
      Include file:  Device\Include\system_nrf.h
      Source file:   Device\Source\arm\arm_startup_nrf52810.s
      Source file:   Device\Source\system_nrf52810.c
Build Time Elapsed:  00:00:09
</pre>
</body>
</html>
