<html>
<body>
<pre>
<h1>µVision Build Log</h1>
<h2>Tool Versions:</h2>
IDE-Version: ¦ÌVision V5.27.0.0
Copyright (C) 2018 ARM Ltd and ARM Germany GmbH. All rights reserved.
License Information: ly ly, AUGUST, LIC=BL28G-VHBXV-E0EN4-FSXSS-SY4S2-UNVLR
 
Tool Versions:
Toolchain:       MDK-ARM Professional  Version: 5.27.0.0
Toolchain Path:  C:\Keil_v5\ARM\ARMCC\Bin
C Compiler:      Armcc.exe V5.06 update 6 (build 750)
Assembler:       Armasm.exe V5.06 update 6 (build 750)
Linker/Locator:  ArmLink.exe V5.06 update 6 (build 750)
Library Manager: ArmAr.exe V5.06 update 6 (build 750)
Hex Converter:   FromElf.exe V5.06 update 6 (build 750)
CPU DLL:         
Dialog DLL:      
Target DLL:      Segger\JL2CM3.dll V2.99.34.0
Dialog DLL:      TCM.DLL V1.36.1.0
 
<h2>Project:</h2>
E:\AURI_LY_Project\AURI_52810_9160\nRF52810_20210510\examples\ble_peripheral\ble_app_template\pca10040e\s112\arm5_no_packs\ble_app_template_pca10040e_s112.uvprojx
Project File Date:  05/10/2021

<h2>Output:</h2>
*** Using Compiler 'V5.06 update 6 (build 750)', folder: 'C:\Keil_v5\ARM\ARMCC\Bin'
Build target 'nrf52810_xxaa'
compiling main.c...
..\..\..\app\feng_fstorage.h(14): warning:  #1295-D: Deprecated declaration updata_records - give arg types
  bool updata_records();
..\..\..\main.c(351): warning:  #940-D: missing return statement at end of non-void function "whitelist_response" 
  }
..\..\..\main.c(907): warning:  #550-D: variable "error"  was set but never used
  	uint32_t		error;
..\..\..\main.c(1499): warning:  #177-D: variable "i"  was declared but never referenced
  		uint8_t	cr=0,i=0;
..\..\..\main.c(180): warning:  #550-D: variable "m_in_boot_mode"  was set but never used
  static bool              m_in_boot_mode = false; 
..\..\..\main.c(189): warning:  #177-D: variable "m_adv_uuids"  was declared but never referenced
  static ble_uuid_t m_adv_uuids[] =                                               /**< Universally unique service identifiers. */
..\..\..\main.c(1654): warning:  #177-D: function "tp_pin_handler"  was declared but never referenced
  static void tp_pin_handler(nrf_drv_gpiote_pin_t pin, nrf_gpiote_polarity_t action)
..\..\..\main.c: 7 warnings, 0 errors
linking...
Program Size: Code=56952 RO-data=8856 RW-data=1264 ZI-data=7968  
FromELF: creating hex file...
".\_build\nrf52810_xxaa.axf" - 0 Error(s), 7 Warning(s).

<h2>Software Packages used:</h2>

Package Vendor: ARM
                http://www.keil.com/pack/ARM.CMSIS.4.5.0.pack
                ARM.CMSIS.4.5.0
                CMSIS (Cortex Microcontroller Software Interface Standard)
   * Component: CORE Version: 4.3.0

Package Vendor: NordicSemiconductor
                http://developer.nordicsemi.com/nRF5_SDK/pieces/nRF_DeviceFamilyPack/NordicSemiconductor.nRF_DeviceFamilyPack_NordicLicense.8.27.0.pack
                NordicSemiconductor.nRF_DeviceFamilyPack_NordicLicense.8.27.0
                Nordic Semiconductor nRF ARM devices Device Family Pack with Nordic license.
   * Component: Startup Version: 8.27.0

<h2>Collection of Component include folders:</h2>
  .\RTE\_nrf52810_xxaa
  C:\Keil_v5\ARM\PACK\ARM\CMSIS\4.5.0\CMSIS\Include
  C:\Keil_v5\ARM\PACK\NordicSemiconductor\nRF_DeviceFamilyPack\8.27.0\Device\Include

<h2>Collection of Component Files used:</h2>

   * Component: ARM::CMSIS:CORE:4.3.0

   * Component: NordicSemiconductor::Device:Startup:8.27.0
      Source file:   Device\Source\system_nrf52810.c
      Include file:  Device\Include\system_nrf52810.h
      Include file:  Device\Include\system_nrf.h
      Source file:   Device\Source\arm\arm_startup_nrf52810.s
Build Time Elapsed:  00:00:03
</pre>
</body>
</html>
