Component: ARM Compiler 5.06 update 6 (build 750) Tool: armlink [4d35ed]

==============================================================================

Section Cross References

    main.o(i.Read_Touch_Data_Interuputer_Processing) refers to feng_gpiote.o(i.tp_interrupt_handler) for tp_interrupt_handler
    main.o(i.Read_Touch_Data_Interuputer_Processing) refers to main.o(.data) for .data
    main.o(i.ack_find) refers to ble_nus.o(i.ble_nus_data_send) for ble_nus_data_send
    main.o(i.ack_find) refers to nrf_log_frontend.o(i.nrf_log_frontend_std_1) for nrf_log_frontend_std_1
    main.o(i.ack_find) refers to nrf_log_frontend.o(i.nrf_log_frontend_std_0) for nrf_log_frontend_std_0
    main.o(i.ack_find) refers to main.o(.data) for .data
    main.o(i.ack_find) refers to nrf_log_frontend.o(log_const_data) for m_nrf_log_app_logs_data_const
    main.o(i.ack_find) refers to app.o(.data) for connect_flag
    main.o(i.advertising_init) refers to memseta.o(.text) for __aeabi_memclr4
    main.o(i.advertising_init) refers to ble_advertising.o(i.ble_advertising_init) for ble_advertising_init
    main.o(i.advertising_init) refers to app_error.o(i.app_error_handler_bare) for app_error_handler_bare
    main.o(i.advertising_init) refers to ble_advertising.o(i.ble_advertising_conn_cfg_tag_set) for ble_advertising_conn_cfg_tag_set
    main.o(i.advertising_init) refers to app.o(.data) for device_address
    main.o(i.advertising_init) refers to main.o(i.on_adv_evt) for on_adv_evt
    main.o(i.advertising_init) refers to main.o(.bss) for .bss
    main.o(i.advertising_start) refers to main.o(i.advertising_stop) for advertising_stop
    main.o(i.advertising_start) refers to nrf_log_frontend.o(i.nrf_log_frontend_std_0) for nrf_log_frontend_std_0
    main.o(i.advertising_start) refers to peer_manager.o(i.pm_peers_delete) for pm_peers_delete
    main.o(i.advertising_start) refers to ble_advertising.o(i.ble_advertising_start) for ble_advertising_start
    main.o(i.advertising_start) refers to app_error.o(i.app_error_handler_bare) for app_error_handler_bare
    main.o(i.advertising_start) refers to main.o(.bss) for .bss
    main.o(i.advertising_start) refers to nrf_log_frontend.o(log_const_data) for m_nrf_log_app_logs_data_const
    main.o(i.advertising_start) refers to app.o(.data) for ble_work_status
    main.o(i.advertising_stop) refers to app.o(.data) for ble_work_status
    main.o(i.app_connect) refers to memseta.o(.text) for __aeabi_memclr4
    main.o(i.app_connect) refers to app_uart_fifo.o(i.app_uart_put) for app_uart_put
    main.o(i.app_connect) refers to nrf_log_frontend.o(i.nrf_log_frontend_std_2) for nrf_log_frontend_std_2
    main.o(i.app_connect) refers to main.o(.bss) for .bss
    main.o(i.app_connect) refers to nrf_log_frontend.o(log_const_data) for m_nrf_log_app_logs_data_const
    main.o(i.app_disconnect) refers to app_uart_fifo.o(i.app_uart_put) for app_uart_put
    main.o(i.app_disconnect) refers to nrf_log_frontend.o(i.nrf_log_frontend_std_2) for nrf_log_frontend_std_2
    main.o(i.app_disconnect) refers to nrf_log_frontend.o(log_const_data) for m_nrf_log_app_logs_data_const
    main.o(i.assert_nrf_callback) refers to app_error_handler_keil.o(.emb_text) for app_error_handler
    main.o(i.ble_evt_handler) refers to app_error.o(i.app_error_handler_bare) for app_error_handler_bare
    main.o(i.ble_evt_handler) refers to nrf_log_frontend.o(i.nrf_log_frontend_std_0) for nrf_log_frontend_std_0
    main.o(i.ble_evt_handler) refers to app.o(i.guard_time_manger) for guard_time_manger
    main.o(i.ble_evt_handler) refers to main.o(i.app_connect) for app_connect
    main.o(i.ble_evt_handler) refers to bsp.o(i.bsp_indication_set) for bsp_indication_set
    main.o(i.ble_evt_handler) refers to nrf_ble_qwr.o(i.nrf_ble_qwr_conn_handle_assign) for nrf_ble_qwr_conn_handle_assign
    main.o(i.ble_evt_handler) refers to main.o(i.app_disconnect) for app_disconnect
    main.o(i.ble_evt_handler) refers to nrf_log_frontend.o(log_const_data) for m_nrf_log_app_logs_data_const
    main.o(i.ble_evt_handler) refers to app.o(.data) for judg_app_flag
    main.o(i.ble_evt_handler) refers to main.o(.data) for .data
    main.o(i.ble_evt_handler) refers to main.o(.bss) for .bss
    main.o(i.ble_evt_handler) refers to app.o(.data) for ble_work_status
    main.o(i.bsp_event_handler) refers to main.o(i.sleep_mode_enter) for sleep_mode_enter
    main.o(i.bsp_event_handler) refers to app_error.o(i.app_error_handler_bare) for app_error_handler_bare
    main.o(i.bsp_event_handler) refers to ble_advertising.o(i.ble_advertising_restart_without_whitelist) for ble_advertising_restart_without_whitelist
    main.o(i.bsp_event_handler) refers to main.o(.data) for .data
    main.o(i.bsp_event_handler) refers to main.o(.bss) for .bss
    main.o(i.conn_params_error_handler) refers to app_error.o(i.app_error_handler_bare) for app_error_handler_bare
    main.o(i.disconnect_app) refers to main.o(.data) for .data
[...]
    0x0001c42c   0x0001c42c   0x00000190   Code   RO         1936    i.characteristic_add  ble_srv_common.o
    0x0001c5bc   0x0001c5bc   0x0000003e   Code   RO         2802    i.claim             peer_id.o
    0x0001c5fa   0x0001c5fa   0x00000002   PAD
    0x0001c5fc   0x0001c5fc   0x00000028   Code   RO         3682    i.clock_clk_started_notify  nrf_drv_clock.o
    0x0001c624   0x0001c624   0x0000001c   Code   RO         3683    i.clock_irq_handler  nrf_drv_clock.o
    0x0001c640   0x0001c640   0x00000018   Code   RO         5486    i.compare_func      app_timer2.o
    0x0001c658   0x0001c658   0x0000003e   Code   RO         1780    i.conn_handle_list_get  ble_conn_state.o
    0x0001c696   0x0001c696   0x00000088   Code   RO         1497    i.conn_int_encode   ble_advdata.o
    0x0001c71e   0x0001c71e   0x00000004   Code   RO           14    i.conn_params_error_handler  main.o
    0x0001c722   0x0001c722   0x00000002   PAD
    0x0001c724   0x0001c724   0x00000048   Code   RO         1692    i.conn_params_negotiation  ble_conn_params.o
    0x0001c76c   0x0001c76c   0x00000044   Code   RO         3344    i.conn_sec_failure  security_dispatcher.o
    0x0001c7b0   0x0001c7b0   0x00000004   Code   RO         3199    i.conn_secure       peer_manager_handler.o
    0x0001c7b4   0x0001c7b4   0x00000026   Code   RO         7347    i.continous_items_get  nrf_queue.o
    0x0001c7da   0x0001c7da   0x00000002   PAD
    0x0001c7dc   0x0001c7dc   0x00000030   Code   RO         1997    i.db_update_pending_handle  gatt_cache_manager.o
    0x0001c80c   0x0001c80c   0x0000008c   Code   RO         5874    i.delete_execute    fds.o
    0x0001c898   0x0001c898   0x000000aa   Code   RO         1937    i.descriptor_add    ble_srv_common.o
    0x0001c942   0x0001c942   0x00000002   PAD
    0x0001c944   0x0001c944   0x00000048   Code   RO         5251    i.detection_delay_timeout_handler  app_button.o
    0x0001c98c   0x0001c98c   0x00000010   Code   RO           15    i.disconnect_app    main.o
    0x0001c99c   0x0001c99c   0x00000014   Code   RO         7603    i.dropped_sat16_get  nrf_log_frontend.o
    0x0001c9b0   0x0001c9b0   0x00000014   Code   RO         5712    i.drv_rtc_compare_disable  drv_rtc.o
    0x0001c9c4   0x0001c9c4   0x0000000e   Code   RO         5714    i.drv_rtc_compare_pending  drv_rtc.o
    0x0001c9d2   0x0001c9d2   0x00000050   Code   RO         5715    i.drv_rtc_compare_set  drv_rtc.o
    0x0001ca22   0x0001ca22   0x00000008   Code   RO         5716    i.drv_rtc_counter_get  drv_rtc.o
    0x0001ca2a   0x0001ca2a   0x00000002   PAD
    0x0001ca2c   0x0001ca2c   0x000000d4   Code   RO         5717    i.drv_rtc_init      drv_rtc.o
    0x0001cb00   0x0001cb00   0x0000001a   Code   RO         5718    i.drv_rtc_irq_trigger  drv_rtc.o
    0x0001cb1a   0x0001cb1a   0x00000008   Code   RO         5720    i.drv_rtc_overflow_enable  drv_rtc.o
    0x0001cb22   0x0001cb22   0x00000008   Code   RO         5721    i.drv_rtc_overflow_pending  drv_rtc.o
    0x0001cb2a   0x0001cb2a   0x00000008   Code   RO         5722    i.drv_rtc_start     drv_rtc.o
    0x0001cb32   0x0001cb32   0x00000008   Code   RO         5723    i.drv_rtc_stop      drv_rtc.o
    0x0001cb3a   0x0001cb3a   0x000000de   Code   RO         5728    i.drv_rtc_windowed_compare_set  drv_rtc.o
    0x0001cc18   0x0001cc18   0x0000000a   Code   RO         3345    i.encryption_failure  security_dispatcher.o
    0x0001cc22   0x0001cc22   0x00000002   PAD
    0x0001cc24   0x0001cc24   0x0000004c   Code   RO         6704    i.erase             nrf_fstorage_sd.o
    0x0001cc70   0x0001cc70   0x0000004c   Code   RO         8593    i.errata_136        system_nrf52810.o
    0x0001ccbc   0x0001ccbc   0x0000004c   Code   RO         8594    i.errata_31         system_nrf52810.o
    0x0001cd08   0x0001cd08   0x0000004c   Code   RO         8595    i.errata_36         system_nrf52810.o
    0x0001cd54   0x0001cd54   0x00000074   Code   RO         5875    i.event_prepare     fds.o
    0x0001cdc8   0x0001cdc8   0x00000020   Code   RO         5876    i.event_send        fds.o
    0x0001cde8   0x0001cde8   0x00000054   Code   RO         6705    i.event_send        nrf_fstorage_sd.o
    0x0001ce3c   0x0001ce3c   0x00000098   Code   RO         3483    i.events_send_from_err_code  security_manager.o
    0x0001ced4   0x0001ced4   0x00000012   Code   RO         5729    i.evt_enable        drv_rtc.o
    0x0001cee6   0x0001cee6   0x00000002   PAD
    0x0001cee8   0x0001cee8   0x000000e0   Code   RO         5252    i.evt_handle        app_button.o
    0x0001cfc8   0x0001cfc8   0x00000014   Code   RO         5730    i.evt_pending       drv_rtc.o
    0x0001cfdc   0x0001cfdc   0x0000001c   Code   RO         1998    i.evt_send          gatt_cache_manager.o
    0x0001cff8   0x0001cff8   0x0000001c   Code   RO         2160    i.evt_send          gatts_cache_manager.o
    0x0001d014   0x0001d014   0x0000002c   Code   RO         2893    i.evt_send          peer_manager.o
    0x0001d040   0x0001d040   0x0000001c   Code   RO         3346    i.evt_send          security_dispatcher.o
    0x0001d05c   0x0001d05c   0x0000000c   Code   RO         3484    i.evt_send          security_manager.o
    0x0001d068   0x0001d068   0x000000e0   Code   RO         2540    i.fds_evt_handler   peer_data_storage.o
    0x0001d148   0x0001d148   0x00000048   Code   RO         5878    i.fds_file_delete   fds.o
    0x0001d190   0x0001d190   0x00000040   Code   RO         5879    i.fds_gc            fds.o
    0x0001d1d0   0x0001d1d0   0x000000e4   Code   RO         5880    i.fds_init          fds.o
    0x0001d2b4   0x0001d2b4   0x00000048   Code   RO         5881    i.fds_record_close  fds.o
    0x0001d2fc   0x0001d2fc   0x0000000e   Code   RO         5883    i.fds_record_find   fds.o
    0x0001d30a   0x0001d30a   0x00000010   Code   RO         5884    i.fds_record_find_by_key  fds.o
    0x0001d31a   0x0001d31a   0x00000010   Code   RO         5885    i.fds_record_find_in_file  fds.o
    0x0001d32a   0x0001d32a   0x00000012   Code   RO         5886    i.fds_record_id_from_desc  fds.o
    0x0001d33c   0x0001d33c   0x0000004c   Code   RO         5888    i.fds_record_open   fds.o
    0x0001d388   0x0001d388   0x00000010   Code   RO         5889    i.fds_record_update  fds.o
    0x0001d398   0x0001d398   0x00000008   Code   RO         5890    i.fds_record_write  fds.o
    0x0001d3a0   0x0001d3a0   0x00000030   Code   RO         5892    i.fds_register      fds.o
    0x0001d3d0   0x0001d3d0   0x000000a0   Code   RO         5895    i.fds_stat          fds.o
    0x0001d470   0x0001d470   0x00000014   Code   RO         7266    i.fifo_get          app_fifo.o
    0x0001d484   0x0001d484   0x00000012   Code   RO         7267    i.fifo_put          app_fifo.o
    0x0001d496   0x0001d496   0x00000014   Code   RO         2541    i.file_id_within_pm_range  peer_data_storage.o
    0x0001d4aa   0x0001d4aa   0x00000012   Code   RO         3347    i.flag_id_init      security_dispatcher.o
    0x0001d4bc   0x0001d4bc   0x00000012   Code   RO         3485    i.flag_id_init      security_manager.o
    0x0001d4ce   0x0001d4ce   0x0000000a   Code   RO         1781    i.flag_toggle       ble_conn_state.o
    0x0001d4d8   0x0001d4d8   0x00000028   Code   RO         1606    i.flags_set         ble_advertising.o
    0x0001d500   0x0001d500   0x00000030   Code   RO         3486    i.flags_set_from_err_code  security_manager.o
    0x0001d530   0x0001d530   0x00000030   Code   RO         1782    i.for_each_set_flag  ble_conn_state.o
    0x0001d560   0x0001d560   0x00000006   Code   RO         5896    i.fs_event_handler  fds.o
    0x0001d566   0x0001d566   0x00000002   PAD
    0x0001d568   0x0001d568   0x00000020   Code   RO          752    i.fs_init           feng_fstorage.o
    0x0001d588   0x0001d588   0x000000b4   Code   RO          753    i.fstorage_evt_handler  feng_fstorage.o
    0x0001d63c   0x0001d63c   0x0000005c   Code   RO           16    i.gatt_evt_handler  main.o
    0x0001d698   0x0001d698   0x00000080   Code   RO         5897    i.gc_execute        fds.o
    0x0001d718   0x0001d718   0x0000004c   Code   RO         5898    i.gc_next_page      fds.o
    0x0001d764   0x0001d764   0x00000040   Code   RO         5899    i.gc_page_erase     fds.o
    0x0001d7a4   0x0001d7a4   0x00000034   Code   RO         5900    i.gc_record_copy    fds.o
    0x0001d7d8   0x0001d7d8   0x00000024   Code   RO         5901    i.gc_record_find_next  fds.o
    0x0001d7fc   0x0001d7fc   0x00000088   Code   RO         5902    i.gc_state_advance  fds.o
    0x0001d884   0x0001d884   0x00000230   Code   RO         1999    i.gcm_ble_evt_handler  gatt_cache_manager.o
    0x0001dab4   0x0001dab4   0x0000003c   Code   RO         2000    i.gcm_im_evt_handler  gatt_cache_manager.o
    0x0001daf0   0x0001daf0   0x00000094   Code   RO         2001    i.gcm_init          gatt_cache_manager.o
    0x0001db84   0x0001db84   0x00000088   Code   RO         2004    i.gcm_pdb_evt_handler  gatt_cache_manager.o
    0x0001dc0c   0x0001dc0c   0x0000009c   Code   RO          605    i.get_ble_work_stutes  app.o
    0x0001dca8   0x0001dca8   0x00000034   Code   RO         5487    i.get_now           app_timer2.o
    0x0001dcdc   0x0001dcdc   0x0000003c   Code   RO         5253    i.gpiote_event_handler  app_button.o
    0x0001dd18   0x0001dd18   0x0000001c   Code   RO         2161    i.gscm_db_change_notification_done  gatts_cache_manager.o
    0x0001dd34   0x0001dd34   0x00000014   Code   RO         2162    i.gscm_init         gatts_cache_manager.o
    0x0001dd48   0x0001dd48   0x00000090   Code   RO         2164    i.gscm_local_db_cache_apply  gatts_cache_manager.o
    0x0001ddd8   0x0001ddd8   0x000000ac   Code   RO         2165    i.gscm_local_db_cache_update  gatts_cache_manager.o
    0x0001de84   0x0001de84   0x00000018   Code   RO         2166    i.gscm_pdb_evt_handler  gatts_cache_manager.o
    0x0001de9c   0x0001de9c   0x0000001e   Code   RO         2167    i.gscm_service_changed_ind_needed  gatts_cache_manager.o
    0x0001deba   0x0001deba   0x00000002   PAD
    0x0001debc   0x0001debc   0x0000005c   Code   RO         2168    i.gscm_service_changed_ind_send  gatts_cache_manager.o
    0x0001df18   0x0001df18   0x00000020   Code   RO          606    i.guard_time_init   app.o
    0x0001df38   0x0001df38   0x00000038   Code   RO          607    i.guard_time_manger  app.o
    0x0001df70   0x0001df70   0x0000002c   Code   RO         5903    i.header_check      fds.o
    0x0001df9c   0x0001df9c   0x00000012   Code   RO         5904    i.header_has_next   fds.o
    0x0001dfae   0x0001dfae   0x00000062   Code   RO         8466    i.hid_information_char_add  ble_hids.o
    0x0001e010   0x0001e010   0x000000e4   Code   RO           17    i.hids_init         main.o
    0x0001e0f4   0x0001e0f4   0x00000046   Code   RO         2257    i.im_address_resolve  id_manager.o
    0x0001e13a   0x0001e13a   0x00000002   PAD
    0x0001e13c   0x0001e13c   0x00000038   Code   RO         2258    i.im_ble_addr_get   id_manager.o
    0x0001e174   0x0001e174   0x000000dc   Code   RO         2259    i.im_ble_evt_handler  id_manager.o
    0x0001e250   0x0001e250   0x00000040   Code   RO         2260    i.im_conn_handle_get  id_manager.o
    0x0001e290   0x0001e290   0x00000038   Code   RO         2262    i.im_find_duplicate_bonding_data  id_manager.o
    0x0001e2c8   0x0001e2c8   0x00000072   Code   RO         2265    i.im_is_duplicate_bonding_data  id_manager.o
    0x0001e33a   0x0001e33a   0x00000018   Code   RO         2266    i.im_master_id_is_valid  id_manager.o
    0x0001e352   0x0001e352   0x0000002a   Code   RO         2267    i.im_master_ids_compare  id_manager.o
    0x0001e37c   0x0001e37c   0x00000014   Code   RO         2268    i.im_new_peer_id    id_manager.o
    0x0001e390   0x0001e390   0x0000002c   Code   RO         2269    i.im_peer_free      id_manager.o
    0x0001e3bc   0x0001e3bc   0x00000024   Code   RO         2270    i.im_peer_id_get_by_conn_handle  id_manager.o
    0x0001e3e0   0x0001e3e0   0x0000003c   Code   RO         2271    i.im_peer_id_get_by_master_id  id_manager.o
    0x0001e41c   0x0001e41c   0x00000034   Code   RO         6706    i.init              nrf_fstorage_sd.o
    0x0001e450   0x0001e450   0x000000c8   Code   RO         5905    i.init_execute      fds.o
    0x0001e518   0x0001e518   0x0000006c   Code   RO         8467    i.inp_rep_characteristics_add  ble_hids.o
    0x0001e584   0x0001e584   0x00000014   Code   RO         1693    i.instance_get      ble_conn_params.o
    0x0001e598   0x0001e598   0x000000a6   Code   RO         6578    i.int_print         nrf_fprintf_format.o
    0x0001e63e   0x0001e63e   0x00000002   PAD
    0x0001e640   0x0001e640   0x00000084   Code   RO         4669    i.interrupts_enable  nrfx_uarte.o
    0x0001e6c4   0x0001e6c4   0x00000034   Code   RO         7604    i.invalid_packets_omit  nrf_log_frontend.o
    0x0001e6f8   0x0001e6f8   0x00000010   Code   RO         6707    i.is_busy           nrf_fstorage_sd.o
    0x0001e708   0x0001e708   0x00000044   Code   RO         1694    i.is_conn_params_ok  ble_conn_params.o
    0x0001e74c   0x0001e74c   0x00000014   Code   RO         2276    i.is_valid_irk      id_manager.o
    0x0001e760   0x0001e760   0x0000000c   Code   RO         5906    i.is_word_aligned   fds.o
    0x0001e76c   0x0001e76c   0x00000030   Code   RO         1263    i.leds_off          bsp.o
    0x0001e79c   0x0001e79c   0x00000014   Code   RO         1264    i.leds_timer_handler  bsp.o
    0x0001e7b0   0x0001e7b0   0x00000010   Code   RO         2424    i.link_init         nrf_ble_gatt.o
    0x0001e7c0   0x0001e7c0   0x000000d0   Code   RO         3487    i.link_secure       security_manager.o
    0x0001e890   0x0001e890   0x0000003c   Code   RO         3348    i.link_secure_failure  security_dispatcher.o
    0x0001e8cc   0x0001e8cc   0x0000002c   Code   RO         3488    i.link_secure_pending_handle  security_manager.o
    0x0001e8f8   0x0001e8f8   0x000000a8   Code   RO         2005    i.local_db_apply_in_evt  gatt_cache_manager.o
    0x0001e9a0   0x0001e9a0   0x00000010   Code   RO         2006    i.local_db_update   gatt_cache_manager.o
    0x0001e9b0   0x0001e9b0   0x0000010c   Code   RO         2007    i.local_db_update_in_evt  gatt_cache_manager.o
    0x0001eabc   0x0001eabc   0x0000009c   Code   RO         7605    i.log_skip          nrf_log_frontend.o
    0x0001eb58   0x0001eb58   0x000002a0   Code   RO           20    i.main              main.o
    0x0001edf8   0x0001edf8   0x00000012   Code   RO         8468    i.make_char_id      ble_hids.o
    0x0001ee0a   0x0001ee0a   0x00000064   Code   RO         1498    i.manuf_specific_data_encode  ble_advdata.o
    0x0001ee6e   0x0001ee6e   0x0000007e   Code   RO         6816    i.memobj_op         nrf_memobj.o
    0x0001eeec   0x0001eeec   0x00000030   Code   RO         7606    i.module_idx_get    nrf_log_frontend.o
    0x0001ef1c   0x0001ef1c   0x00000008   Code   RO         3295    i.mutex_lock_status_get  pm_buffer.o
    0x0001ef24   0x0001ef24   0x000000a6   Code   RO         1499    i.name_encode       ble_advdata.o
    0x0001efca   0x0001efca   0x00000002   PAD
    0x0001efcc   0x0001efcc   0x00000014   Code   RO         3489    i.new_context_get   security_manager.o
    0x0001efe0   0x0001efe0   0x00000032   Code   RO         3490    i.new_evt           security_manager.o
    0x0001f012   0x0001f012   0x00000030   Code   RO         2803    i.next_id_get       peer_id.o
    0x0001f042   0x0001f042   0x00000010   Code   RO         6231    i.nrf_atfifo_clear  nrf_atfifo.o
    0x0001f052   0x0001f052   0x00000026   Code   RO         6233    i.nrf_atfifo_init   nrf_atfifo.o
    0x0001f078   0x0001f078   0x00000016   Code   RO         6234    i.nrf_atfifo_item_alloc  nrf_atfifo.o
    0x0001f08e   0x0001f08e   0x00000016   Code   RO         6235    i.nrf_atfifo_item_free  nrf_atfifo.o
    0x0001f0a4   0x0001f0a4   0x00000016   Code   RO         6236    i.nrf_atfifo_item_get  nrf_atfifo.o
    0x0001f0ba   0x0001f0ba   0x00000016   Code   RO         6237    i.nrf_atfifo_item_put  nrf_atfifo.o
    0x0001f0d0   0x0001f0d0   0x00000016   Code   RO         6299    i.nrf_atflags_clear  nrf_atflags.o
    0x0001f0e6   0x0001f0e6   0x00000020   Code   RO         6301    i.nrf_atflags_fetch_set  nrf_atflags.o
    0x0001f106   0x0001f106   0x0000004a   Code   RO         6303    i.nrf_atflags_find_and_set_flag  nrf_atflags.o
    0x0001f150   0x0001f150   0x00000016   Code   RO         6304    i.nrf_atflags_get   nrf_atflags.o
    0x0001f166   0x0001f166   0x00000014   Code   RO         6306    i.nrf_atflags_set   nrf_atflags.o
    0x0001f17a   0x0001f17a   0x00000006   Code   RO         6367    i.nrf_atomic_flag_clear_fetch  nrf_atomic.o
    0x0001f180   0x0001f180   0x00000006   Code   RO         6368    i.nrf_atomic_flag_set  nrf_atomic.o
    0x0001f186   0x0001f186   0x00000006   Code   RO         6369    i.nrf_atomic_flag_set_fetch  nrf_atomic.o
    0x0001f18c   0x0001f18c   0x0000000c   Code   RO         6370    i.nrf_atomic_u32_add  nrf_atomic.o
    0x0001f198   0x0001f198   0x0000000c   Code   RO         6371    i.nrf_atomic_u32_and  nrf_atomic.o
    0x0001f1a4   0x0001f1a4   0x0000000a   Code   RO         6373    i.nrf_atomic_u32_fetch_add  nrf_atomic.o
    0x0001f1ae   0x0001f1ae   0x0000000a   Code   RO         6374    i.nrf_atomic_u32_fetch_and  nrf_atomic.o
    0x0001f1b8   0x0001f1b8   0x0000000a   Code   RO         6375    i.nrf_atomic_u32_fetch_or  nrf_atomic.o
    0x0001f1c2   0x0001f1c2   0x0000000a   Code   RO         6376    i.nrf_atomic_u32_fetch_store  nrf_atomic.o
    0x0001f1cc   0x0001f1cc   0x0000000c   Code   RO         6380    i.nrf_atomic_u32_or  nrf_atomic.o
    0x0001f1d8   0x0001f1d8   0x0000000c   Code   RO         6382    i.nrf_atomic_u32_sub  nrf_atomic.o
    0x0001f1e4   0x0001f1e4   0x00000044   Code   RO         6501    i.nrf_balloc_alloc  nrf_balloc.o
    0x0001f228   0x0001f228   0x00000030   Code   RO         6502    i.nrf_balloc_free   nrf_balloc.o
    0x0001f258   0x0001f258   0x00000030   Code   RO         6503    i.nrf_balloc_init   nrf_balloc.o
    0x0001f288   0x0001f288   0x00000010   Code   RO         4161    i.nrf_bitmask_bit_is_set  nrfx_gpiote.o
    0x0001f298   0x0001f298   0x00000014   Code   RO         4162    i.nrf_bitmask_bit_set  nrfx_gpiote.o
    0x0001f2ac   0x0001f2ac   0x00000018   Code   RO         2426    i.nrf_ble_gatt_att_mtu_periph_set  nrf_ble_gatt.o
    0x0001f2c4   0x0001f2c4   0x00000022   Code   RO         2428    i.nrf_ble_gatt_init  nrf_ble_gatt.o
    0x0001f2e6   0x0001f2e6   0x00000002   PAD
    0x0001f2e8   0x0001f2e8   0x000000f4   Code   RO         2429    i.nrf_ble_gatt_on_ble_evt  nrf_ble_gatt.o
    0x0001f3dc   0x0001f3dc   0x00000016   Code   RO         2499    i.nrf_ble_qwr_conn_handle_assign  nrf_ble_qwr.o
    0x0001f3f2   0x0001f3f2   0x00000024   Code   RO         2500    i.nrf_ble_qwr_init  nrf_ble_qwr.o
    0x0001f416   0x0001f416   0x000000b6   Code   RO         2501    i.nrf_ble_qwr_on_ble_evt  nrf_ble_qwr.o
    0x0001f4cc   0x0001f4cc   0x0000000e   Code   RO         4020    i.nrf_clock_event_check  nrfx_clock.o
    0x0001f4da   0x0001f4da   0x00000010   Code   RO         4021    i.nrf_clock_event_clear  nrfx_clock.o
    0x0001f4ea   0x0001f4ea   0x00000002   PAD
    0x0001f4ec   0x0001f4ec   0x00000020   Code   RO          754    i.nrf_delay_ms      feng_fstorage.o
    0x0001f50c   0x0001f50c   0x00000038   Code   RO         3690    i.nrf_drv_clock_init  nrf_drv_clock.o
    0x0001f544   0x0001f544   0x00000030   Code   RO         3694    i.nrf_drv_clock_lfclk_release  nrf_drv_clock.o
    0x0001f574   0x0001f574   0x00000020   Code   RO         5036    i.nrf_drv_rng_bytes_available  nrf_drv_rng.o
    0x0001f594   0x0001f594   0x00000058   Code   RO         5037    i.nrf_drv_rng_init  nrf_drv_rng.o
    0x0001f5ec   0x0001f5ec   0x00000060   Code   RO         5038    i.nrf_drv_rng_rand  nrf_drv_rng.o
    0x0001f64c   0x0001f64c   0x00000040   Code   RO         4828    i.nrf_drv_twi_init  nrf_drv_twi.o
    0x0001f68c   0x0001f68c   0x00000068   Code   RO         3828    i.nrf_drv_uart_init  nrf_drv_uart.o
    0x0001f6f4   0x0001f6f4   0x00000020   Code   RO         7178    i.nrf_drv_uart_rx   app_uart_fifo.o
    0x0001f714   0x0001f714   0x00000020   Code   RO         7179    i.nrf_drv_uart_tx   app_uart_fifo.o
    0x0001f734   0x0001f734   0x0000001a   Code   RO         6538    i.nrf_fprintf       nrf_fprintf.o
    0x0001f74e   0x0001f74e   0x00000018   Code   RO         6539    i.nrf_fprintf_buffer_flush  nrf_fprintf.o
    0x0001f766   0x0001f766   0x000001da   Code   RO         6579    i.nrf_fprintf_fmt   nrf_fprintf_format.o
    0x0001f940   0x0001f940   0x00000138   Code   RO         6619    i.nrf_fstorage_erase  nrf_fstorage.o
    0x0001fa78   0x0001fa78   0x00000094   Code   RO         6620    i.nrf_fstorage_init  nrf_fstorage.o
    0x0001fb0c   0x0001fb0c   0x00000050   Code   RO         6621    i.nrf_fstorage_is_busy  nrf_fstorage.o
    0x0001fb5c   0x0001fb5c   0x00000160   Code   RO         6622    i.nrf_fstorage_read  nrf_fstorage.o
    0x0001fcbc   0x0001fcbc   0x00000018   Code   RO         6708    i.nrf_fstorage_sdh_req_handler  nrf_fstorage_sd.o
    0x0001fcd4   0x0001fcd4   0x00000020   Code   RO         6709    i.nrf_fstorage_sdh_state_handler  nrf_fstorage_sd.o
    0x0001fcf4   0x0001fcf4   0x000000a4   Code   RO         6710    i.nrf_fstorage_sys_evt_handler  nrf_fstorage_sd.o
    0x0001fd98   0x0001fd98   0x000001dc   Code   RO         6626    i.nrf_fstorage_write  nrf_fstorage.o
    0x0001ff74   0x0001ff74   0x00000024   Code   RO         1153    i.nrf_gpio_cfg      boards.o
    0x0001ff98   0x0001ff98   0x00000024   Code   RO         4163    i.nrf_gpio_cfg      nrfx_gpiote.o
    0x0001ffbc   0x0001ffbc   0x00000024   Code   RO         4481    i.nrf_gpio_cfg      nrfx_uart.o
    0x0001ffe0   0x0001ffe0   0x00000024   Code   RO         4670    i.nrf_gpio_cfg      nrfx_uarte.o
    0x00020004   0x00020004   0x00000024   Code   RO         4891    i.nrf_gpio_cfg      nrfx_twim.o
    0x00020028   0x00020028   0x00000012   Code   RO         4483    i.nrf_gpio_cfg_input  nrfx_uart.o
    0x0002003a   0x0002003a   0x00000012   Code   RO         4672    i.nrf_gpio_cfg_input  nrfx_uarte.o
    0x0002004c   0x0002004c   0x00000014   Code   RO         4484    i.nrf_gpio_cfg_output  nrfx_uart.o
    0x00020060   0x00020060   0x00000014   Code   RO         4673    i.nrf_gpio_cfg_output  nrfx_uarte.o
    0x00020074   0x00020074   0x00000022   Code   RO         4165    i.nrf_gpio_cfg_sense_set  nrfx_gpiote.o
    0x00020096   0x00020096   0x0000000e   Code   RO         4829    i.nrf_gpio_pin_set  nrf_drv_twi.o
    0x000200a4   0x000200a4   0x00000016   Code   RO         1154    i.nrf_gpio_pin_write  boards.o
    0x000200ba   0x000200ba   0x00000002   PAD
    0x000200bc   0x000200bc   0x00000028   Code   RO         4166    i.nrf_gpio_ports_read  nrfx_gpiote.o
    0x000200e4   0x000200e4   0x00000014   Code   RO         4167    i.nrf_gpiote_event_clear  nrfx_gpiote.o
    0x000200f8   0x000200f8   0x00000010   Code   RO         4168    i.nrf_gpiote_event_is_set  nrfx_gpiote.o
    0x00020108   0x00020108   0x0000005c   Code   RO         7607    i.nrf_log_backend_add  nrf_log_frontend.o
    0x00020164   0x00020164   0x00000002   Code   RO         7465    i.nrf_log_backend_rtt_flush  nrf_log_backend_rtt.o
    0x00020166   0x00020166   0x00000004   Code   RO         7466    i.nrf_log_backend_rtt_init  nrf_log_backend_rtt.o
    0x0002016a   0x0002016a   0x00000002   Code   RO         7467    i.nrf_log_backend_rtt_panic_set  nrf_log_backend_rtt.o
    0x0002016c   0x0002016c   0x00000018   Code   RO         7468    i.nrf_log_backend_rtt_put  nrf_log_backend_rtt.o
    0x00020184   0x00020184   0x000000c8   Code   RO         7531    i.nrf_log_backend_serial_put  nrf_log_backend_serial.o
    0x0002024c   0x0002024c   0x00000030   Code   RO         7609    i.nrf_log_color_id_get  nrf_log_frontend.o
    0x0002027c   0x0002027c   0x0000001c   Code   RO         7565    i.nrf_log_default_backends_init  nrf_log_default_backends.o
    0x00020298   0x00020298   0x00000234   Code   RO         7610    i.nrf_log_frontend_dequeue  nrf_log_frontend.o
    0x000204cc   0x000204cc   0x00000008   Code   RO         7612    i.nrf_log_frontend_std_0  nrf_log_frontend.o
    0x000204d4   0x000204d4   0x0000000e   Code   RO         7613    i.nrf_log_frontend_std_1  nrf_log_frontend.o
    0x000204e2   0x000204e2   0x00000010   Code   RO         7614    i.nrf_log_frontend_std_2  nrf_log_frontend.o
    0x000204f2   0x000204f2   0x00000012   Code   RO         7615    i.nrf_log_frontend_std_3  nrf_log_frontend.o
    0x00020504   0x00020504   0x00000014   Code   RO         7616    i.nrf_log_frontend_std_4  nrf_log_frontend.o
    0x00020518   0x00020518   0x000000b0   Code   RO         7787    i.nrf_log_hexdump_entry_process  nrf_log_str_formatter.o
    0x000205c8   0x000205c8   0x0000003c   Code   RO         7619    i.nrf_log_init      nrf_log_frontend.o
    0x00020604   0x00020604   0x00000014   Code   RO         7620    i.nrf_log_module_cnt_get  nrf_log_frontend.o
    0x00020618   0x00020618   0x0000001c   Code   RO         7623    i.nrf_log_module_name_get  nrf_log_frontend.o
    0x00020634   0x00020634   0x0000002c   Code   RO         7624    i.nrf_log_panic     nrf_log_frontend.o
    0x00020660   0x00020660   0x000000b6   Code   RO         7788    i.nrf_log_std_entry_process  nrf_log_str_formatter.o
    0x00020716   0x00020716   0x00000060   Code   RO         6817    i.nrf_memobj_alloc  nrf_memobj.o
    0x00020776   0x00020776   0x00000032   Code   RO         6818    i.nrf_memobj_free   nrf_memobj.o
    0x000207a8   0x000207a8   0x00000008   Code   RO         6819    i.nrf_memobj_get    nrf_memobj.o
    0x000207b0   0x000207b0   0x00000004   Code   RO         6820    i.nrf_memobj_pool_init  nrf_memobj.o
    0x000207b4   0x000207b4   0x0000001e   Code   RO         6821    i.nrf_memobj_put    nrf_memobj.o
    0x000207d2   0x000207d2   0x00000010   Code   RO         6822    i.nrf_memobj_read   nrf_memobj.o
    0x000207e2   0x000207e2   0x00000010   Code   RO         6823    i.nrf_memobj_write  nrf_memobj.o
    0x000207f2   0x000207f2   0x00000002   PAD
    0x000207f4   0x000207f4   0x00000028   Code   RO         6895    i.nrf_pwr_mgmt_init  nrf_pwr_mgmt.o
    0x0002081c   0x0002081c   0x00000014   Code   RO         6896    i.nrf_pwr_mgmt_run  nrf_pwr_mgmt.o
    0x00020830   0x00020830   0x0000001e   Code   RO         7352    i.nrf_queue_is_full  nrf_queue.o
    0x0002084e   0x0002084e   0x0000000e   Code   RO         7355    i.nrf_queue_next_idx  nrf_queue.o
    0x0002085c   0x0002085c   0x000000b2   Code   RO         7357    i.nrf_queue_push    nrf_queue.o
    0x0002090e   0x0002090e   0x0000003e   Code   RO         7358    i.nrf_queue_read    nrf_queue.o
    0x0002094c   0x0002094c   0x00000024   Code   RO         7360    i.nrf_queue_utilization_get  nrf_queue.o
    0x00020970   0x00020970   0x00000004   Code   RO           21    i.nrf_qwr_error_handler  main.o
    0x00020974   0x00020974   0x0000001c   Code   RO         6962    i.nrf_ringbuf_init  nrf_ringbuf.o
    0x00020990   0x00020990   0x0000000c   Code   RO         5731    i.nrf_rtc_event_clear  drv_rtc.o
    0x0002099c   0x0002099c   0x00000014   Code   RO         8315    i.nrf_sdh_ble_app_ram_start_get  nrf_sdh_ble.o
    0x000209b0   0x000209b0   0x00000128   Code   RO         8316    i.nrf_sdh_ble_default_cfg_set  nrf_sdh_ble.o
    0x00020ad8   0x00020ad8   0x00000130   Code   RO         8317    i.nrf_sdh_ble_enable  nrf_sdh_ble.o
    0x00020c08   0x00020c08   0x00000060   Code   RO         8318    i.nrf_sdh_ble_evts_poll  nrf_sdh_ble.o
    0x00020c68   0x00020c68   0x00000054   Code   RO         8196    i.nrf_sdh_disable_request  nrf_sdh.o
    0x00020cbc   0x00020cbc   0x00000074   Code   RO         8197    i.nrf_sdh_enable_request  nrf_sdh.o
    0x00020d30   0x00020d30   0x00000024   Code   RO         8198    i.nrf_sdh_evts_poll  nrf_sdh.o
    0x00020d54   0x00020d54   0x0000000c   Code   RO         8199    i.nrf_sdh_is_enabled  nrf_sdh.o
    0x00020d60   0x00020d60   0x0000001c   Code   RO         8201    i.nrf_sdh_request_continue  nrf_sdh.o
    0x00020d7c   0x00020d7c   0x0000003c   Code   RO         8369    i.nrf_sdh_soc_evts_poll  nrf_sdh_soc.o
    0x00020db8   0x00020db8   0x0000000a   Code   RO         7020    i.nrf_section_iter_init  nrf_section_iter.o
    0x00020dc2   0x00020dc2   0x00000024   Code   RO         7021    i.nrf_section_iter_item_set  nrf_section_iter.o
    0x00020de6   0x00020de6   0x00000020   Code   RO         7022    i.nrf_section_iter_next  nrf_section_iter.o
    0x00020e06   0x00020e06   0x00000022   Code   RO         7055    i.nrf_sortlist_add  nrf_sortlist.o
    0x00020e28   0x00020e28   0x00000006   Code   RO         7057    i.nrf_sortlist_peek  nrf_sortlist.o
    0x00020e2e   0x00020e2e   0x0000000e   Code   RO         7058    i.nrf_sortlist_pop  nrf_sortlist.o
    0x00020e3c   0x00020e3c   0x0000001e   Code   RO         7059    i.nrf_sortlist_remove  nrf_sortlist.o
    0x00020e5a   0x00020e5a   0x00000002   PAD
    0x00020e5c   0x00020e5c   0x00000038   Code   RO         7111    i.nrf_strerror_find  nrf_strerror.o
    0x00020e94   0x00020e94   0x00000014   Code   RO         7112    i.nrf_strerror_get  nrf_strerror.o
    0x00020ea8   0x00020ea8   0x0000000a   Code   RO         4893    i.nrf_twim_event_check  nrfx_twim.o
    0x00020eb2   0x00020eb2   0x0000000c   Code   RO         4894    i.nrf_twim_event_clear  nrfx_twim.o
    0x00020ebe   0x00020ebe   0x0000000a   Code   RO         4485    i.nrf_uart_event_check  nrfx_uart.o
    0x00020ec8   0x00020ec8   0x0000000c   Code   RO         4486    i.nrf_uart_event_clear  nrfx_uart.o
    0x00020ed4   0x00020ed4   0x0000000c   Code   RO         4487    i.nrf_uart_int_enable_check  nrfx_uart.o
    0x00020ee0   0x00020ee0   0x0000000a   Code   RO         4674    i.nrf_uarte_event_check  nrfx_uarte.o
    0x00020eea   0x00020eea   0x0000000c   Code   RO         4675    i.nrf_uarte_event_clear  nrfx_uarte.o
    0x00020ef6   0x00020ef6   0x00000002   PAD
    0x00020ef8   0x00020ef8   0x0000002c   Code   RO         4026    i.nrfx_clock_enable  nrfx_clock.o
    0x00020f24   0x00020f24   0x00000020   Code   RO         4029    i.nrfx_clock_init   nrfx_clock.o
    0x00020f44   0x00020f44   0x0000001c   Code   RO         4032    i.nrfx_clock_lfclk_stop  nrfx_clock.o
    0x00020f60   0x00020f60   0x00000010   Code   RO         4830    i.nrfx_coredep_delay_us  nrf_drv_twi.o
    0x00020f70   0x00020f70   0x00000010   Code   RO         5732    i.nrfx_coredep_delay_us  drv_rtc.o
    0x00020f80   0x00020f80   0x000000a4   Code   RO         4173    i.nrfx_gpiote_in_event_enable  nrfx_gpiote.o
    0x00021024   0x00021024   0x000000d0   Code   RO         4174    i.nrfx_gpiote_in_init  nrfx_gpiote.o
    0x000210f4   0x000210f4   0x00000014   Code   RO         4175    i.nrfx_gpiote_in_is_set  nrfx_gpiote.o
    0x00021108   0x00021108   0x0000006c   Code   RO         4177    i.nrfx_gpiote_init  nrfx_gpiote.o
    0x00021174   0x00021174   0x00000014   Code   RO         4178    i.nrfx_gpiote_is_init  nrfx_gpiote.o
    0x00021188   0x00021188   0x00000010   Code   RO         4676    i.nrfx_is_in_ram    nrfx_uarte.o
    0x00021198   0x00021198   0x0000003a   Code   RO         4427    i.nrfx_prs_acquire  nrfx_prs.o
    0x000211d2   0x000211d2   0x00000002   PAD
    0x000211d4   0x000211d4   0x00000038   Code   RO         5040    i.nrfx_rng_handler  nrf_drv_rng.o
    0x0002120c   0x0002120c   0x00000058   Code   RO         5116    i.nrfx_rng_init     nrfx_rng.o
    0x00021264   0x00021264   0x00000020   Code   RO         5117    i.nrfx_rng_start    nrfx_rng.o
    0x00021284   0x00021284   0x00000014   Code   RO         5118    i.nrfx_rng_stop     nrfx_rng.o
    0x00021298   0x00021298   0x00000028   Code   RO         5119    i.nrfx_rng_uninit   nrfx_rng.o
    0x000212c0   0x000212c0   0x00000024   Code   RO         4897    i.nrfx_twim_enable  nrfx_twim.o
    0x000212e4   0x000212e4   0x000000e0   Code   RO         4898    i.nrfx_twim_init    nrfx_twim.o
    0x000213c4   0x000213c4   0x00000010   Code   RO         4488    i.nrfx_uart_0_irq_handler  nrfx_uart.o
    0x000213d4   0x000213d4   0x000000d0   Code   RO         4490    i.nrfx_uart_init    nrfx_uart.o
    0x000214a4   0x000214a4   0x000000ec   Code   RO         4491    i.nrfx_uart_rx      nrfx_uart.o
    0x00021590   0x00021590   0x000000a8   Code   RO         4496    i.nrfx_uart_tx      nrfx_uart.o
    0x00021638   0x00021638   0x00000020   Code   RO         4498    i.nrfx_uart_tx_in_progress  nrfx_uart.o
    0x00021658   0x00021658   0x00000010   Code   RO         4677    i.nrfx_uarte_0_irq_handler  nrfx_uarte.o
    0x00021668   0x00021668   0x0000006c   Code   RO         4679    i.nrfx_uarte_init   nrfx_uarte.o
    0x000216d4   0x000216d4   0x00000104   Code   RO         4680    i.nrfx_uarte_rx     nrfx_uarte.o
    0x000217d8   0x000217d8   0x000000ac   Code   RO         4683    i.nrfx_uarte_tx     nrfx_uarte.o
    0x00021884   0x00021884   0x0000001c   Code   RO         4685    i.nrfx_uarte_tx_in_progress  nrfx_uarte.o
    0x000218a0   0x000218a0   0x00000044   Code   RO         5176    i.nrfx_wdt_channel_alloc  nrfx_wdt.o
    0x000218e4   0x000218e4   0x00000018   Code   RO         5177    i.nrfx_wdt_channel_feed  nrfx_wdt.o
    0x000218fc   0x000218fc   0x0000001c   Code   RO         5178    i.nrfx_wdt_enable   nrfx_wdt.o
    0x00021918   0x00021918   0x00000058   Code   RO         5180    i.nrfx_wdt_init     nrfx_wdt.o
    0x00021970   0x00021970   0x0000040c   Code   RO           22    i.nus_data_handler  main.o
    0x00021d7c   0x00021d7c   0x00000054   Code   RO           23    i.on_adv_evt        main.o
    0x00021dd0   0x00021dd0   0x0000001c   Code   RO           24    i.on_conn_params_evt  main.o
    0x00021dec   0x00021dec   0x0000006a   Code   RO         8407    i.on_connect        ble_nus.o
    0x00021e56   0x00021e56   0x00000002   PAD
    0x00021e58   0x00021e58   0x000000ac   Code   RO         8469    i.on_connect        ble_hids.o
    0x00021f04   0x00021f04   0x0000008c   Code   RO         2430    i.on_connected_evt  nrf_ble_gatt.o
    0x00021f90   0x00021f90   0x000000b0   Code   RO         2431    i.on_exchange_mtu_request_evt  nrf_ble_gatt.o
    0x00022040   0x00022040   0x00000024   Code   RO           25    i.on_hids_evt       main.o
    0x00022064   0x00022064   0x0000005e   Code   RO         8470    i.on_protocol_mode_read_auth  ble_hids.o
    0x000220c2   0x000220c2   0x0000003c   Code   RO         8471    i.on_report_cccd_write  ble_hids.o
    0x000220fe   0x000220fe   0x00000084   Code   RO         8472    i.on_report_value_read_auth  ble_hids.o
    0x00022182   0x00022182   0x00000076   Code   RO         8473    i.on_report_value_write  ble_hids.o
    0x000221f8   0x000221f8   0x000000ce   Code   RO         8474    i.on_rw_authorize_request  ble_hids.o
    0x000222c6   0x000222c6   0x00000084   Code   RO         8408    i.on_write          ble_nus.o
    0x0002234a   0x0002234a   0x00000002   PAD
    0x0002234c   0x0002234c   0x000001a8   Code   RO         8475    i.on_write          ble_hids.o
    0x000224f4   0x000224f4   0x00000024   Code   RO         5907    i.page_identify     fds.o
    0x00022518   0x00022518   0x0000001c   Code   RO         5908    i.page_offsets_update  fds.o
    0x00022534   0x00022534   0x0000006c   Code   RO         5909    i.page_scan         fds.o
    0x000225a0   0x000225a0   0x0000001c   Code   RO         5910    i.page_tag_write_data  fds.o
    0x000225bc   0x000225bc   0x00000024   Code   RO         5911    i.page_tag_write_swap  fds.o
    0x000225e0   0x000225e0   0x00000130   Code   RO         5912    i.pages_init        fds.o
    0x00022710   0x00022710   0x0000000c   Code   RO         3349    i.pairing           security_dispatcher.o
    0x0002271c   0x0002271c   0x00000074   Code   RO         3350    i.pairing_failure   security_dispatcher.o
    0x00022790   0x00022790   0x0000002e   Code   RO         3351    i.pairing_success_evt_send  security_dispatcher.o
    0x000227be   0x000227be   0x00000006   Code   RO         3491    i.params_reply_pending_handle  security_manager.o
    0x000227c4   0x000227c4   0x00000020   Code   RO         3492    i.params_req_send   security_manager.o
    0x000227e4   0x000227e4   0x0000001c   Code   RO         2683    i.pdb_evt_send      peer_database.o
    0x00022800   0x00022800   0x00000090   Code   RO         2684    i.pdb_init          peer_database.o
    0x00022890   0x00022890   0x0000007c   Code   RO         2685    i.pdb_pds_evt_handler  peer_database.o
    0x0002290c   0x0002290c   0x00000006   Code   RO         2686    i.pdb_peer_data_ptr_get  peer_database.o
    0x00022912   0x00022912   0x00000002   PAD
    0x00022914   0x00022914   0x0000008c   Code   RO         2687    i.pdb_peer_free     peer_database.o
    0x000229a0   0x000229a0   0x000000dc   Code   RO         2688    i.pdb_write_buf_get  peer_database.o
    0x00022a7c   0x00022a7c   0x00000014   Code   RO         2689    i.pdb_write_buf_release  peer_database.o
    0x00022a90   0x00022a90   0x00000036   Code   RO         2690    i.pdb_write_buf_store  peer_database.o
    0x00022ac6   0x00022ac6   0x00000002   PAD
    0x00022ac8   0x00022ac8   0x00000010   Code   RO         2542    i.pds_evt_send      peer_data_storage.o
    0x00022ad8   0x00022ad8   0x000000dc   Code   RO         2543    i.pds_init          peer_data_storage.o
    0x00022bb4   0x00022bb4   0x00000004   Code   RO         2544    i.pds_next_deleted_peer_id_get  peer_data_storage.o
    0x00022bb8   0x00022bb8   0x00000004   Code   RO         2545    i.pds_next_peer_id_get  peer_data_storage.o
    0x00022bbc   0x00022bbc   0x00000058   Code   RO         2548    i.pds_peer_data_iterate  peer_data_storage.o
    0x00022c14   0x00022c14   0x00000010   Code   RO         2549    i.pds_peer_data_iterate_prepare  peer_data_storage.o
    0x00022c24   0x00022c24   0x00000072   Code   RO         2550    i.pds_peer_data_read  peer_data_storage.o
    0x00022c96   0x00022c96   0x00000002   PAD
    0x00022c98   0x00022c98   0x000000a4   Code   RO         2551    i.pds_peer_data_store  peer_data_storage.o
    0x00022d3c   0x00022d3c   0x00000008   Code   RO         2552    i.pds_peer_id_allocate  peer_data_storage.o
    0x00022d44   0x00022d44   0x00000016   Code   RO         2553    i.pds_peer_id_free  peer_data_storage.o
    0x00022d5a   0x00022d5a   0x00000004   Code   RO         2554    i.pds_peer_id_is_allocated  peer_data_storage.o
    0x00022d5e   0x00022d5e   0x00000002   PAD
    0x00022d60   0x00022d60   0x000000a8   Code   RO         2556    i.peer_data_delete_process  peer_data_storage.o
    0x00022e08   0x00022e08   0x00000030   Code   RO         2557    i.peer_data_find    peer_data_storage.o
    0x00022e38   0x00022e38   0x00000024   Code   RO         2558    i.peer_data_id_is_valid  peer_data_storage.o
    0x00022e5c   0x00022e5c   0x0000001a   Code   RO         2691    i.peer_data_point_to_buffer  peer_database.o
    0x00022e76   0x00022e76   0x00000002   PAD
    0x00022e78   0x00022e78   0x0000000c   Code   RO         2804    i.peer_id_allocate  peer_id.o
    0x00022e84   0x00022e84   0x00000024   Code   RO         2805    i.peer_id_delete    peer_id.o
    0x00022ea8   0x00022ea8   0x0000001c   Code   RO         2806    i.peer_id_free      peer_id.o
    0x00022ec4   0x00022ec4   0x0000000c   Code   RO         2807    i.peer_id_get_next_deleted  peer_id.o
    0x00022ed0   0x00022ed0   0x00000030   Code   RO         2808    i.peer_id_get_next_used  peer_id.o
    0x00022f00   0x00022f00   0x0000000c   Code   RO         2809    i.peer_id_init      peer_id.o
    0x00022f0c   0x00022f0c   0x00000014   Code   RO         2810    i.peer_id_is_allocated  peer_id.o
    0x00022f20   0x00022f20   0x00000014   Code   RO         2811    i.peer_id_is_deleted  peer_id.o
    0x00022f34   0x00022f34   0x0000006c   Code   RO           26    i.peer_manager_init  main.o
    0x00022fa0   0x00022fa0   0x00000012   Code   RO         1607    i.phy_is_valid      ble_advertising.o
    0x00022fb2   0x00022fb2   0x00000002   PAD
    0x00022fb4   0x00022fb4   0x00000018   Code   RO         4194    i.pin_in_use_by_port  nrfx_gpiote.o
    0x00022fcc   0x00022fcc   0x00000018   Code   RO         4195    i.pin_in_use_by_te  nrfx_gpiote.o
    0x00022fe4   0x00022fe4   0x00000064   Code   RO         3296    i.pm_buffer_block_acquire  pm_buffer.o
    0x00023048   0x00023048   0x00000024   Code   RO         3297    i.pm_buffer_init    pm_buffer.o
    0x0002306c   0x0002306c   0x00000028   Code   RO         3298    i.pm_buffer_ptr_get  pm_buffer.o
    0x00023094   0x00023094   0x00000032   Code   RO         3299    i.pm_buffer_release  pm_buffer.o
    0x000230c6   0x000230c6   0x0000000a   Code   RO         2896    i.pm_conn_sec_config_reply  peer_manager.o
    0x000230d0   0x000230d0   0x00000014   Code   RO         2898    i.pm_conn_sec_status_get  peer_manager.o
    0x000230e4   0x000230e4   0x0000001c   Code   RO         2899    i.pm_conn_secure    peer_manager.o
    0x00023100   0x00023100   0x00000348   Code   RO           27    i.pm_evt_handler    main.o
    0x00023448   0x00023448   0x00000004   Code   RO         2901    i.pm_gcm_evt_handler  peer_manager.o
    0x0002344c   0x0002344c   0x00000004   Code   RO         2902    i.pm_gscm_evt_handler  peer_manager.o
    0x00023450   0x00023450   0x00000244   Code   RO         3202    i.pm_handler_flash_clean  peer_manager_handler.o
    0x00023694   0x00023694   0x0000001c   Code   RO         3203    i.pm_handler_flash_clean_on_return  peer_manager_handler.o
    0x000236b0   0x000236b0   0x00000054   Code   RO         3204    i.pm_handler_on_pm_evt  peer_manager_handler.o
    0x00023704   0x00023704   0x00000310   Code   RO         3205    i.pm_handler_pm_evt_log  peer_manager_handler.o
    0x00023a14   0x00023a14   0x00000004   Code   RO         2905    i.pm_im_evt_handler  peer_manager.o
    0x00023a18   0x00023a18   0x000001bc   Code   RO         2906    i.pm_init           peer_manager.o
    0x00023bd4   0x00023bd4   0x00000118   Code   RO         2910    i.pm_pdb_evt_handler  peer_manager.o
    0x00023cec   0x00023cec   0x00000014   Code   RO         2921    i.pm_peer_delete    peer_manager.o
    0x00023d00   0x00023d00   0x0000011c   Code   RO         2925    i.pm_peer_rank_highest  peer_manager.o
    0x00023e1c   0x00023e1c   0x000000e8   Code   RO         2926    i.pm_peer_ranks_get  peer_manager.o
    0x00023f04   0x00023f04   0x00000094   Code   RO         2927    i.pm_peers_delete   peer_manager.o
    0x00023f98   0x00023f98   0x0000002c   Code   RO         2930    i.pm_register       peer_manager.o
    0x00023fc4   0x00023fc4   0x00000014   Code   RO         2932    i.pm_sec_params_set  peer_manager.o
    0x00023fd8   0x00023fd8   0x0000000a   Code   RO         2933    i.pm_sm_evt_handler  peer_manager.o
    0x00023fe2   0x00023fe2   0x00000002   PAD
    0x00023fe4   0x00023fe4   0x0000003c   Code   RO         7790    i.postfix_process   nrf_log_str_formatter.o
    0x00024020   0x00024020   0x00000098   Code   RO         7791    i.prefix_process    nrf_log_str_formatter.o
    0x000240b8   0x000240b8   0x000000b8   Code   RO          755    i.print_flash_info  feng_fstorage.o
    0x00024170   0x00024170   0x00000018   Code   RO         4429    i.prs_box_get       nrfx_prs.o
    0x00024188   0x00024188   0x0000001c   Code   RO         5913    i.queue_buf_get     fds.o
    0x000241a4   0x000241a4   0x00000010   Code   RO         5914    i.queue_buf_store   fds.o
    0x000241b4   0x000241b4   0x00000014   Code   RO         6711    i.queue_free        nrf_fstorage_sd.o
    0x000241c8   0x000241c8   0x000000a4   Code   RO         5915    i.queue_process     fds.o
    0x0002426c   0x0002426c   0x000000a0   Code   RO         6712    i.queue_process     nrf_fstorage_sd.o
    0x0002430c   0x0002430c   0x00000064   Code   RO         7362    i.queue_read        nrf_queue.o
    0x00024370   0x00024370   0x0000001c   Code   RO         5916    i.queue_start       fds.o
    0x0002438c   0x0002438c   0x00000024   Code   RO         6713    i.queue_start       nrf_fstorage_sd.o
    0x000243b0   0x000243b0   0x00000018   Code   RO         7363    i.queue_utilization_get  nrf_queue.o
    0x000243c8   0x000243c8   0x00000028   Code   RO          608    i.random_vector_generate  app.o
    0x000243f0   0x000243f0   0x0000001c   Code   RO         3208    i.rank_highest      peer_manager_handler.o
    0x0002440c   0x0002440c   0x00000034   Code   RO         2936    i.rank_vars_update  peer_manager.o
    0x00024440   0x00024440   0x0000000e   Code   RO         6714    i.read              nrf_fstorage_sd.o
    0x0002444e   0x0002444e   0x00000002   PAD
    0x00024450   0x00024450   0x000000a8   Code   RO         2692    i.reattempt_previous_operations  peer_database.o
    0x000244f8   0x000244f8   0x00000090   Code   RO         5917    i.record_find       fds.o
    0x00024588   0x00024588   0x000000a0   Code   RO         5918    i.record_find_by_desc  fds.o
    0x00024628   0x00024628   0x0000005c   Code   RO         5919    i.record_find_next  fds.o
    0x00024684   0x00024684   0x0000003c   Code   RO         5920    i.record_header_flag_dirty  fds.o
    0x000246c0   0x000246c0   0x00000088   Code   RO         5921    i.records_stat      fds.o
    0x00024748   0x00024748   0x00000010   Code   RO         2813    i.release           peer_id.o
    0x00024758   0x00024758   0x0000009a   Code   RO         8476    i.rep_char_add      ble_hids.o
    0x000247f2   0x000247f2   0x000000be   Code   RO         8477    i.rep_map_char_add  ble_hids.o
    0x000248b0   0x000248b0   0x000000f2   Code   RO         8478    i.rep_value_identify  ble_hids.o
    0x000249a2   0x000249a2   0x00000004   Code   RO         6715    i.rmap              nrf_fstorage_sd.o
    0x000249a6   0x000249a6   0x00000002   PAD
    0x000249a8   0x000249a8   0x0000005c   Code   RO         5488    i.rtc_irq           app_timer2.o
    0x00024a04   0x00024a04   0x00000064   Code   RO         5489    i.rtc_schedule      app_timer2.o
    0x00024a68   0x00024a68   0x00000074   Code   RO         5490    i.rtc_update        app_timer2.o
    0x00024adc   0x00024adc   0x00000032   Code   RO         4500    i.rx_byte           nrfx_uart.o
    0x00024b0e   0x00024b0e   0x00000016   Code   RO         4501    i.rx_done_event     nrfx_uart.o
    0x00024b24   0x00024b24   0x00000016   Code   RO         4687    i.rx_done_event     nrfx_uarte.o
    0x00024b3a   0x00024b3a   0x00000020   Code   RO         4502    i.rx_enable         nrfx_uart.o
    0x00024b5a   0x00024b5a   0x00000002   PAD
    0x00024b5c   0x00024b5c   0x00000024   Code   RO         2008    i.sc_send_pending_handle  gatt_cache_manager.o
    0x00024b80   0x00024b80   0x00000050   Code   RO         3697    i.sd_state_evt_handler  nrf_drv_clock.o
    0x00024bd0   0x00024bd0   0x00000050   Code   RO         5041    i.sd_state_evt_handler  nrf_drv_rng.o
    0x00024c20   0x00024c20   0x00000030   Code   RO         8204    i.sdh_request_observer_notify  nrf_sdh.o
    0x00024c50   0x00024c50   0x0000002c   Code   RO         8205    i.sdh_state_observer_notify  nrf_sdh.o
    0x00024c7c   0x00024c7c   0x000000d8   Code   RO         3352    i.sec_info_request_process  security_dispatcher.o
    0x00024d54   0x00024d54   0x000000f4   Code   RO         3353    i.sec_keyset_fill   security_dispatcher.o
    0x00024e48   0x00024e48   0x00000076   Code   RO         3493    i.sec_params_verify  security_manager.o
    0x00024ebe   0x00024ebe   0x00000002   PAD
    0x00024ec0   0x00024ec0   0x00000060   Code   RO         3354    i.sec_proc_start    security_dispatcher.o
    0x00024f20   0x00024f20   0x0000005c   Code   RO         3494    i.sec_req_process   security_manager.o
    0x00024f7c   0x00024f7c   0x000000d4   Code   RO          609    i.send_ble_device_mac  app.o
    0x00025050   0x00025050   0x00000158   Code   RO          610    i.send_ble_version  app.o
    0x000251a8   0x000251a8   0x00000022   Code   RO         3355    i.send_config_req   security_dispatcher.o
    0x000251ca   0x000251ca   0x00000002   PAD
    0x000251cc   0x000251cc   0x00000058   Code   RO           29    i.send_data_app     main.o
    0x00025224   0x00025224   0x00000010   Code   RO         1695    i.send_error_evt    ble_conn_params.o
    0x00025234   0x00025234   0x000000b4   Code   RO          611    i.send_random_app   app.o
    0x000252e8   0x000252e8   0x00000028   Code   RO         2009    i.send_unexpected_error  gatt_cache_manager.o
    0x00025310   0x00025310   0x00000028   Code   RO         3356    i.send_unexpected_error  security_dispatcher.o
    0x00025338   0x00025338   0x00000050   Code   RO         7469    i.serial_tx         nrf_log_backend_rtt.o
    0x00025388   0x00025388   0x00000014   Code   RO         2010    i.service_changed_pending_flags_check  gatt_cache_manager.o
    0x0002539c   0x0002539c   0x00000094   Code   RO         2169    i.service_changed_pending_set  gatts_cache_manager.o
    0x00025430   0x00025430   0x00000168   Code   RO         2011    i.service_changed_send_in_evt  gatt_cache_manager.o
    0x00025598   0x00025598   0x00000088   Code   RO         1500    i.service_data_encode  ble_advdata.o
    0x00025620   0x00025620   0x00000004   Code   RO           30    i.service_error_handler  main.o
    0x00025624   0x00025624   0x00000030   Code   RO         1938    i.set_security_req  ble_srv_common.o
    0x00025654   0x00025654   0x00000028   Code   RO           31    i.sleep_mode_enter  main.o
    0x0002567c   0x0002567c   0x0000002c   Code   RO         3495    i.sm_ble_evt_handler  security_manager.o
    0x000256a8   0x000256a8   0x00000004   Code   RO         3496    i.sm_conn_sec_config_reply  security_manager.o
    0x000256ac   0x000256ac   0x000000a2   Code   RO         3497    i.sm_conn_sec_status_get  security_manager.o
    0x0002574e   0x0002574e   0x00000002   PAD
    0x00025750   0x00025750   0x00000058   Code   RO         3498    i.sm_init           security_manager.o
    0x000257a8   0x000257a8   0x0000000a   Code   RO         3500    i.sm_link_secure    security_manager.o
    0x000257b2   0x000257b2   0x00000002   PAD
    0x000257b4   0x000257b4   0x00000044   Code   RO         3501    i.sm_pdb_evt_handler  security_manager.o
    0x000257f8   0x000257f8   0x00000028   Code   RO         3502    i.sm_sec_is_sufficient  security_manager.o
    0x00025820   0x00025820   0x00000034   Code   RO         3504    i.sm_sec_params_set  security_manager.o
    0x00025854   0x00025854   0x0000002c   Code   RO         3505    i.sm_smd_evt_handler  security_manager.o
    0x00025880   0x00025880   0x000000f4   Code   RO         3357    i.smd_ble_evt_handler  security_dispatcher.o
    0x00025974   0x00025974   0x00000010   Code   RO         3358    i.smd_conn_sec_config_reply  security_dispatcher.o
    0x00025984   0x00025984   0x00000068   Code   RO         3359    i.smd_init          security_dispatcher.o
    0x000259ec   0x000259ec   0x00000028   Code   RO         3360    i.smd_link_secure   security_dispatcher.o
    0x00025a14   0x00025a14   0x000000b0   Code   RO         3361    i.smd_params_reply  security_dispatcher.o
    0x00025ac4   0x00025ac4   0x00000040   Code   RO         3506    i.smd_params_reply_perform  security_manager.o
    0x00025b04   0x00025b04   0x00000018   Code   RO         3698    i.soc_evt_handler   nrf_drv_clock.o
    0x00025b1c   0x00025b1c   0x00000038   Code   RO         8206    i.softdevice_evt_irq_disable  nrf_sdh.o
    0x00025b54   0x00025b54   0x00000058   Code   RO         8207    i.softdevices_evt_irq_enable  nrf_sdh.o
    0x00025bac   0x00025bac   0x0000000c   Code   RO         5491    i.sortlist_pop      app_timer2.o
    0x00025bb8   0x00025bb8   0x00000030   Code   RO         5254    i.state_set         app_button.o
    0x00025be8   0x00025be8   0x0000008c   Code   RO         7626    i.std_n             nrf_log_frontend.o
    0x00025c74   0x00025c74   0x0000006c   Code   RO         2012    i.store_car_value   gatt_cache_manager.o
    0x00025ce0   0x00025ce0   0x00000020   Code   RO          709    i.system_time_init  test.o
    0x00025d00   0x00025d00   0x0000002c   Code   RO          710    i.system_time_manger  test.o
    0x00025d2c   0x00025d2c   0x0000005c   Code   RO          756    i.test_rease_flash  feng_fstorage.o
    0x00025d88   0x00025d88   0x00000058   Code   RO         5492    i.timer_expire      app_timer2.o
    0x00025de0   0x00025de0   0x00000078   Code   RO         5493    i.timer_req_process  app_timer2.o
    0x00025e58   0x00025e58   0x00000038   Code   RO         5494    i.timer_req_schedule  app_timer2.o
    0x00025e90   0x00025e90   0x00000018   Code   RO         5255    i.timer_start       app_button.o
    0x00025ea8   0x00025ea8   0x000000aa   Code   RO         4831    i.twi_clear_bus     nrf_drv_twi.o
    0x00025f52   0x00025f52   0x00000002   PAD
    0x00025f54   0x00025f54   0x00000014   Code   RO          910    i.twi_handler       feng_twi.o
    0x00025f68   0x00025f68   0x00000038   Code   RO          911    i.twi_init          feng_twi.o
    0x00025fa0   0x00025fa0   0x00000040   Code   RO         4832    i.twim_evt_handler  nrf_drv_twi.o
    0x00025fe0   0x00025fe0   0x00000150   Code   RO         4906    i.twim_irq_handler  nrfx_twim.o
    0x00026130   0x00026130   0x00000020   Code   RO         4503    i.tx_byte           nrfx_uart.o
    0x00026150   0x00026150   0x0000001a   Code   RO         4504    i.tx_done_event     nrfx_uart.o
    0x0002616a   0x0002616a   0x0000001a   Code   RO         4688    i.tx_done_event     nrfx_uarte.o
    0x00026184   0x00026184   0x00000200   Code   RO           32    i.uart_event_handle  main.o
    0x00026384   0x00026384   0x000000a4   Code   RO         7180    i.uart_event_handler  app_uart_fifo.o
    0x00026428   0x00026428   0x00000030   Code   RO         3829    i.uart_evt_handler  nrf_drv_uart.o
    0x00026458   0x00026458   0x0000012a   Code   RO         4505    i.uart_irq_handler  nrfx_uart.o
    0x00026582   0x00026582   0x00000002   PAD
    0x00026584   0x00026584   0x00000030   Code   RO         3830    i.uarte_evt_handler  nrf_drv_uart.o
    0x000265b4   0x000265b4   0x00000112   Code   RO         4689    i.uarte_irq_handler  nrfx_uarte.o
    0x000266c6   0x000266c6   0x0000000a   Code   RO         1501    i.uint16_encode     ble_advdata.o
    0x000266d0   0x000266d0   0x00000020   Code   RO         6716    i.uninit            nrf_fstorage_sd.o
    0x000266f0   0x000266f0   0x000000b4   Code   RO         6580    i.unsigned_print    nrf_fprintf_format.o
    0x000267a4   0x000267a4   0x000000dc   Code   RO          757    i.updata_records    feng_fstorage.o
    0x00026880   0x00026880   0x000000d0   Code   RO          758    i.updata_write      feng_fstorage.o
    0x00026950   0x00026950   0x00000030   Code   RO         2013    i.update_pending_flags_check  gatt_cache_manager.o
    0x00026980   0x00026980   0x00000068   Code   RO         1696    i.update_timeout_handler  ble_conn_params.o
    0x000269e8   0x000269e8   0x00000018   Code   RO         1608    i.use_whitelist     ble_advertising.o
    0x00026a00   0x00026a00   0x0000000c   Code   RO         1783    i.user_flag_is_acquired  ble_conn_state.o
    0x00026a0c   0x00026a0c   0x00000024   Code   RO         2502    i.user_mem_reply    nrf_ble_qwr.o
    0x00026a30   0x00026a30   0x00000020   Code   RO         5256    i.usr_event         app_button.o
    0x00026a50   0x00026a50   0x00000030   Code   RO         1502    i.uuid_list_encode  ble_advdata.o
    0x00026a80   0x00026a80   0x0000009e   Code   RO         1503    i.uuid_list_sized_encode  ble_advdata.o
    0x00026b1e   0x00026b1e   0x0000003a   Code   RO         1265    i.wakeup_button_cfg  bsp.o
    0x00026b58   0x00026b58   0x00000002   Code   RO           33    i.wdt_event_handler  main.o
    0x00026b5a   0x00026b5a   0x00000004   Code   RO         6717    i.wmap              nrf_fstorage_sd.o
    0x00026b5e   0x00026b5e   0x00000002   PAD
    0x00026b60   0x00026b60   0x00000050   Code   RO         6718    i.write             nrf_fstorage_sd.o
    0x00026bb0   0x00026bb0   0x0000014c   Code   RO         2693    i.write_buf_store   peer_database.o
    0x00026cfc   0x00026cfc   0x00000034   Code   RO         2694    i.write_buffer_record_find  peer_database.o
    0x00026d30   0x00026d30   0x00000030   Code   RO         2695    i.write_buffer_record_find_next  peer_database.o
    0x00026d60   0x00026d60   0x0000001c   Code   RO         2696    i.write_buffer_record_invalidate  peer_database.o
    0x00026d7c   0x00026d7c   0x0000002c   Code   RO         2697    i.write_buffer_record_release  peer_database.o
    0x00026da8   0x00026da8   0x000000f4   Code   RO         5922    i.write_enqueue     fds.o
    0x00026e9c   0x00026e9c   0x000000f8   Code   RO         5923    i.write_execute     fds.o
    0x00026f94   0x00026f94   0x00000018   Code   RO         5924    i.write_space_free  fds.o
    0x00026fac   0x00026fac   0x00000060   Code   RO         5925    i.write_space_reserve  fds.o
    0x0002700c   0x0002700c   0x0000006c   Code   RO         4908    i.xfer_completeness_check  nrfx_twim.o
    0x00027078   0x00027078   0x00000030   Data   RO           37    .constdata          main.o
    0x000270a8   0x000270a8   0x00000004   Data   RO          615    .constdata          app.o
    0x000270ac   0x000270ac   0x00000004   Data   RO          712    .constdata          test.o
    0x000270b0   0x000270b0   0x00000006   Data   RO          761    .constdata          feng_fstorage.o
    0x000270b6   0x000270b6   0x0000000a   PAD
    0x000270c0   0x000270c0   0x00000028   Data   RO          912    .constdata          feng_twi.o
    0x000270e8   0x000270e8   0x000002ff   Data   RO         1053    .constdata          aes.o
    0x000273e7   0x000273e7   0x00000008   Data   RO         1155    .constdata          boards.o
    0x000273ef   0x000273ef   0x00000001   PAD
    0x000273f0   0x000273f0   0x0000002c   Data   RO         1270    .constdata          bsp.o
    0x0002741c   0x0002741c   0x0000006c   Data   RO         2014    .constdata          gatt_cache_manager.o
    0x00027488   0x00027488   0x00000004   Data   RO         2170    .constdata          gatts_cache_manager.o
    0x0002748c   0x0002748c   0x00000010   Data   RO         2171    .constdata          gatts_cache_manager.o
    0x0002749c   0x0002749c   0x00000004   Data   RO         2172    .constdata          gatts_cache_manager.o
    0x000274a0   0x000274a0   0x00000008   Data   RO         2279    .constdata          id_manager.o
    0x000274a8   0x000274a8   0x0000000e   Data   RO         2432    .constdata          nrf_ble_gatt.o
    0x000274b6   0x000274b6   0x00000002   PAD
    0x000274b8   0x000274b8   0x00000018   Data   RO         2559    .constdata          peer_data_storage.o
    0x000274d0   0x000274d0   0x00000010   Data   RO         2699    .constdata          peer_database.o
    0x000274e0   0x000274e0   0x0000002c   Data   RO         2938    .constdata          peer_manager.o
    0x0002750c   0x0002750c   0x00000014   Data   RO         3211    .constdata          peer_manager_handler.o
    0x00027520   0x00027520   0x00000078   Data   RO         3363    .constdata          security_dispatcher.o
    0x00027598   0x00027598   0x00000008   Data   RO         3507    .constdata          security_manager.o
    0x000275a0   0x000275a0   0x00000004   Data   RO         4197    .constdata          nrfx_gpiote.o
    0x000275a4   0x000275a4   0x00000004   Data   RO         4508    .constdata          nrfx_uart.o
    0x000275a8   0x000275a8   0x00000004   Data   RO         4692    .constdata          nrfx_uarte.o
    0x000275ac   0x000275ac   0x00000004   PAD
    0x000275b0   0x000275b0   0x00000006   Data   RO         4833    .constdata          nrf_drv_twi.o
    0x000275b6   0x000275b6   0x00000002   PAD
    0x000275b8   0x000275b8   0x00000018   Data   RO         4911    .constdata          nrfx_twim.o
    0x000275d0   0x000275d0   0x00000002   Data   RO         5044    .constdata          nrf_drv_rng.o
    0x000275d2   0x000275d2   0x00000002   PAD
    0x000275d4   0x000275d4   0x00000008   Data   RO         5259    .constdata          app_button.o
    0x000275dc   0x000275dc   0x00000014   Data   RO         5497    .constdata          app_timer2.o
    0x000275f0   0x000275f0   0x00000006   Data   RO         5733    .constdata          drv_rtc.o
    0x000275f6   0x000275f6   0x00000002   PAD
    0x000275f8   0x000275f8   0x00000018   Data   RO         5928    .constdata          fds.o
    0x00027610   0x00027610   0x00000010   Data   RO         6581    .constdata          nrf_fprintf_format.o
    0x00027620   0x00027620   0x0000005e   Data   RO         6627    .constdata          nrf_fstorage.o
    0x0002767e   0x0002767e   0x00000002   PAD
    0x00027680   0x00027680   0x00000010   Data   RO         6721    .constdata          nrf_fstorage_sd.o
    0x00027690   0x00027690   0x00000020   Data   RO         6722    .constdata          nrf_fstorage_sd.o
    0x000276b0   0x000276b0   0x00000018   Data   RO         6900    .constdata          nrf_pwr_mgmt.o
    0x000276c8   0x000276c8   0x0000000c   Data   RO         6901    .constdata          nrf_pwr_mgmt.o
    0x000276d4   0x000276d4   0x0000013c   Data   RO         7113    .constdata          nrf_strerror.o
    0x00027810   0x00027810   0x00000020   Data   RO         7182    .constdata          app_uart_fifo.o
    0x00027830   0x00027830   0x0000000c   Data   RO         7471    .constdata          nrf_log_backend_rtt.o
    0x0002783c   0x0002783c   0x00000004   PAD
    0x00027840   0x00027840   0x00000006   Data   RO         7472    .constdata          nrf_log_backend_rtt.o
    0x00027846   0x00027846   0x00000002   PAD
    0x00027848   0x00027848   0x0000000c   Data   RO         7631    .constdata          nrf_log_frontend.o
    0x00027854   0x00027854   0x00000010   Data   RO         8208    .constdata          nrf_sdh.o
    0x00027864   0x00027864   0x00000028   Data   RO         8209    .constdata          nrf_sdh.o
    0x0002788c   0x0002788c   0x00000010   Data   RO         8210    .constdata          nrf_sdh.o
    0x0002789c   0x0002789c   0x00000010   Data   RO         8211    .constdata          nrf_sdh.o
    0x000278ac   0x000278ac   0x00000020   Data   RO         8319    .constdata          nrf_sdh_ble.o
    0x000278cc   0x000278cc   0x00000010   Data   RO         8320    .constdata          nrf_sdh_ble.o
    0x000278dc   0x000278dc   0x00000010   Data   RO         8370    .constdata          nrf_sdh_soc.o
    0x000278ec   0x000278ec   0x0000000c   Data   RO         8371    .constdata          nrf_sdh_soc.o
    0x000278f8   0x000278f8   0x00000010   Data   RO         8409    .constdata          ble_nus.o
    0x00027908   0x00027908   0x00000081   Data   RO         8652    .constdata          mc_w.l(ctype_o.o)
    0x00027989   0x00027989   0x00000003   PAD
    0x0002798c   0x0002798c   0x00000004   Data   RO         8653    .constdata          mc_w.l(ctype_o.o)
    0x00027990   0x00027990   0x00000041   Data   RO          762    .conststring        feng_fstorage.o
    0x000279d1   0x000279d1   0x00000003   PAD
    0x000279d4   0x000279d4   0x000001a4   Data   RO         2015    .conststring        gatt_cache_manager.o
    0x00027b78   0x00027b78   0x0000019c   Data   RO         2173    .conststring        gatts_cache_manager.o
    0x00027d14   0x00027d14   0x000000e8   Data   RO         2560    .conststring        peer_data_storage.o
    0x00027dfc   0x00027dfc   0x00000180   Data   RO         2700    .conststring        peer_database.o
    0x00027f7c   0x00027f7c   0x00000090   Data   RO         2939    .conststring        peer_manager.o
    0x0002800c   0x0002800c   0x0000030f   Data   RO         3212    .conststring        peer_manager_handler.o
    0x0002831b   0x0002831b   0x00000001   PAD
    0x0002831c   0x0002831c   0x000002b2   Data   RO         3364    .conststring        security_dispatcher.o
    0x000285ce   0x000285ce   0x00000002   PAD
    0x000285d0   0x000285d0   0x0000017b   Data   RO         3508    .conststring        security_manager.o
    0x0002874b   0x0002874b   0x00000001   PAD
    0x0002874c   0x0002874c   0x0000004f   Data   RO         6628    .conststring        nrf_fstorage.o
    0x0002879b   0x0002879b   0x00000001   PAD
    0x0002879c   0x0002879c   0x000003eb   Data   RO         7114    .conststring        nrf_strerror.o
    0x00028b87   0x00028b87   0x00000001   PAD
    0x00028b88   0x00028b88   0x00000066   Data   RO         7792    .conststring        nrf_log_str_formatter.o
    0x00028bee   0x00028bee   0x00000002   PAD
    0x00028bf0   0x00028bf0   0x000001cf   Data   RO         8321    .conststring        nrf_sdh_ble.o
    0x00028dbf   0x00028dbf   0x00000001   PAD
    0x00028dc0   0x00028dc0   0x00000011   Data   RO         2016    .conststrlit        gatt_cache_manager.o
    0x00028dd1   0x00028dd1   0x00000003   PAD
    0x00028dd4   0x00028dd4   0x00000012   Data   RO         2174    .conststrlit        gatts_cache_manager.o
    0x00028de6   0x00028de6   0x00000002   PAD
    0x00028de8   0x00028de8   0x00000010   Data   RO         2281    .conststrlit        id_manager.o
    0x00028df8   0x00028df8   0x0000000d   Data   RO         2433    .conststrlit        nrf_ble_gatt.o
    0x00028e05   0x00028e05   0x00000003   PAD
    0x00028e08   0x00028e08   0x00000011   Data   RO         2561    .conststrlit        peer_data_storage.o
    0x00028e19   0x00028e19   0x00000003   PAD
    0x00028e1c   0x00028e1c   0x00000011   Data   RO         2701    .conststrlit        peer_database.o
    0x00028e2d   0x00028e2d   0x00000003   PAD
    0x00028e30   0x00028e30   0x0000000d   Data   RO         2940    .conststrlit        peer_manager.o
    0x00028e3d   0x00028e3d   0x00000003   PAD
    0x00028e40   0x00028e40   0x00000015   Data   RO         3215    .conststrlit        peer_manager_handler.o
    0x00028e55   0x00028e55   0x00000003   PAD
    0x00028e58   0x00028e58   0x00000011   Data   RO         3365    .conststrlit        security_dispatcher.o
    0x00028e69   0x00028e69   0x00000003   PAD
    0x00028e6c   0x00028e6c   0x00000010   Data   RO         3509    .conststrlit        security_manager.o
    0x00028e7c   0x00028e7c   0x00000006   Data   RO         3704    .conststrlit        nrf_drv_clock.o
    0x00028e82   0x00028e82   0x00000002   PAD
    0x00028e84   0x00028e84   0x00000006   Data   RO         4036    .conststrlit        nrfx_clock.o
    0x00028e8a   0x00028e8a   0x00000002   PAD
    0x00028e8c   0x00028e8c   0x00000007   Data   RO         4201    .conststrlit        nrfx_gpiote.o
    0x00028e93   0x00028e93   0x00000001   PAD
    0x00028e94   0x00028e94   0x00000004   Data   RO         4431    .conststrlit        nrfx_prs.o
    0x00028e98   0x00028e98   0x00000005   Data   RO         4511    .conststrlit        nrfx_uart.o
    0x00028e9d   0x00028e9d   0x00000003   PAD
    0x00028ea0   0x00028ea0   0x00000006   Data   RO         4695    .conststrlit        nrfx_uarte.o
    0x00028ea6   0x00028ea6   0x00000002   PAD
    0x00028ea8   0x00028ea8   0x00000005   Data   RO         4914    .conststrlit        nrfx_twim.o
    0x00028ead   0x00028ead   0x00000003   PAD
    0x00028eb0   0x00028eb0   0x00000004   Data   RO         5047    .conststrlit        nrf_drv_rng.o
    0x00028eb4   0x00028eb4   0x00000004   Data   RO         5120    .conststrlit        nrfx_rng.o
    0x00028eb8   0x00028eb8   0x00000004   Data   RO         5183    .conststrlit        nrfx_wdt.o
    0x00028ebc   0x00028ebc   0x0000000b   Data   RO         5260    .conststrlit        app_button.o
    0x00028ec7   0x00028ec7   0x00000001   PAD
    0x00028ec8   0x00028ec8   0x0000000a   Data   RO         5498    .conststrlit        app_timer2.o
    0x00028ed2   0x00028ed2   0x00000002   PAD
    0x00028ed4   0x00028ed4   0x0000000d   Data   RO         6629    .conststrlit        nrf_fstorage.o
    0x00028ee1   0x00028ee1   0x00000003   PAD
    0x00028ee4   0x00028ee4   0x00000009   Data   RO         6902    .conststrlit        nrf_pwr_mgmt.o
    0x00028eed   0x00028eed   0x00000003   PAD
    0x00028ef0   0x00028ef0   0x00000009   Data   RO         7060    .conststrlit        nrf_sortlist.o
    0x00028ef9   0x00028ef9   0x00000003   PAD
    0x00028efc   0x00028efc   0x00000010   Data   RO         7566    .conststrlit        nrf_log_default_backends.o
    0x00028f0c   0x00028f0c   0x00000004   Data   RO         7632    .conststrlit        nrf_log_frontend.o
    0x00028f10   0x00028f10   0x00000008   Data   RO         8212    .conststrlit        nrf_sdh.o
    0x00028f18   0x00028f18   0x0000000c   Data   RO         8322    .conststrlit        nrf_sdh_ble.o
    0x00028f24   0x00028f24   0x0000000c   Data   RO         8372    .conststrlit        nrf_sdh_soc.o
    0x00028f30   0x00028f30   0x00000008   Data   RO         8410    .conststrlit        ble_nus.o
    0x00028f38   0x00028f38   0x00000020   Data   RO         8991    Region$$Table       anon$$obj.o
    0x00028f58   0x00028f58   0x00000010   Data   RO         7568    log_backends        nrf_log_default_backends.o
    0x00028f68   0x00028f68   0x00000008   Data   RO         2018    log_const_data      gatt_cache_manager.o
    0x00028f70   0x00028f70   0x00000008   Data   RO         2176    log_const_data      gatts_cache_manager.o
    0x00028f78   0x00028f78   0x00000008   Data   RO         2283    log_const_data      id_manager.o
    0x00028f80   0x00028f80   0x00000008   Data   RO         2434    log_const_data      nrf_ble_gatt.o
    0x00028f88   0x00028f88   0x00000008   Data   RO         2563    log_const_data      peer_data_storage.o
    0x00028f90   0x00028f90   0x00000008   Data   RO         2703    log_const_data      peer_database.o
    0x00028f98   0x00028f98   0x00000008   Data   RO         2942    log_const_data      peer_manager.o
    0x00028fa0   0x00028fa0   0x00000008   Data   RO         3218    log_const_data      peer_manager_handler.o
    0x00028fa8   0x00028fa8   0x00000008   Data   RO         3367    log_const_data      security_dispatcher.o
    0x00028fb0   0x00028fb0   0x00000008   Data   RO         3511    log_const_data      security_manager.o
    0x00028fb8   0x00028fb8   0x00000008   Data   RO         3705    log_const_data      nrf_drv_clock.o
    0x00028fc0   0x00028fc0   0x00000008   Data   RO         4038    log_const_data      nrfx_clock.o
    0x00028fc8   0x00028fc8   0x00000008   Data   RO         4202    log_const_data      nrfx_gpiote.o
    0x00028fd0   0x00028fd0   0x00000008   Data   RO         4433    log_const_data      nrfx_prs.o
    0x00028fd8   0x00028fd8   0x00000008   Data   RO         4512    log_const_data      nrfx_uart.o
    0x00028fe0   0x00028fe0   0x00000008   Data   RO         4696    log_const_data      nrfx_uarte.o
    0x00028fe8   0x00028fe8   0x00000008   Data   RO         4915    log_const_data      nrfx_twim.o
    0x00028ff0   0x00028ff0   0x00000008   Data   RO         5049    log_const_data      nrf_drv_rng.o
    0x00028ff8   0x00028ff8   0x00000008   Data   RO         5122    log_const_data      nrfx_rng.o
    0x00029000   0x00029000   0x00000008   Data   RO         5185    log_const_data      nrfx_wdt.o
    0x00029008   0x00029008   0x00000008   Data   RO         5262    log_const_data      app_button.o
    0x00029010   0x00029010   0x00000008   Data   RO         5501    log_const_data      app_timer2.o
    0x00029018   0x00029018   0x00000008   Data   RO         6630    log_const_data      nrf_fstorage.o
    0x00029020   0x00029020   0x00000008   Data   RO         6904    log_const_data      nrf_pwr_mgmt.o
    0x00029028   0x00029028   0x00000008   Data   RO         7061    log_const_data      nrf_sortlist.o
    0x00029030   0x00029030   0x00000008   Data   RO         7635    log_const_data      nrf_log_frontend.o
    0x00029038   0x00029038   0x00000008   Data   RO         8214    log_const_data      nrf_sdh.o
    0x00029040   0x00029040   0x00000008   Data   RO         8324    log_const_data      nrf_sdh_ble.o
    0x00029048   0x00029048   0x00000008   Data   RO         8373    log_const_data      nrf_sdh_soc.o
    0x00029050   0x00029050   0x00000008   Data   RO         8411    log_const_data      ble_nus.o
    0x00029058   0x00029058   0x00000014   Data   RO         7636    nrf_balloc          nrf_log_frontend.o
    0x0002906c   0x0002906c   0x00000014   Data   RO         5050    nrf_queue           nrf_drv_rng.o
    0x00029080   0x00029080   0x00000008   Data   RO         1785    sdh_ble_observers0  ble_conn_state.o
    0x00029088   0x00029088   0x00000010   Data   RO           45    sdh_ble_observers1  main.o
    0x00029098   0x00029098   0x00000008   Data   RO         1373    sdh_ble_observers1  bsp_btn_ble.o
    0x000290a0   0x000290a0   0x00000008   Data   RO         1699    sdh_ble_observers1  ble_conn_params.o
    0x000290a8   0x000290a8   0x00000008   Data   RO         2943    sdh_ble_observers1  peer_manager.o
    0x000290b0   0x000290b0   0x00000018   Data   RO           46    sdh_ble_observers2  main.o
    0x000290c8   0x000290c8   0x00000008   Data   RO           47    sdh_ble_observers3  main.o
    0x000290d0   0x000290d0   0x00000008   Data   RO         6724    sdh_req_observers0  nrf_fstorage_sd.o
    0x000290d8   0x000290d8   0x00000008   Data   RO         3706    sdh_soc_observers0  nrf_drv_clock.o
    0x000290e0   0x000290e0   0x00000008   Data   RO         6725    sdh_soc_observers0  nrf_fstorage_sd.o
    0x000290e8   0x000290e8   0x00000008   Data   RO         8325    sdh_stack_observers0  nrf_sdh_ble.o
    0x000290f0   0x000290f0   0x00000008   Data   RO         8374    sdh_stack_observers0  nrf_sdh_soc.o
    0x000290f8   0x000290f8   0x00000008   Data   RO         3707    sdh_state_observers0  nrf_drv_clock.o
    0x00029100   0x00029100   0x00000008   Data   RO         5051    sdh_state_observers0  nrf_drv_rng.o
    0x00029108   0x00029108   0x00000008   Data   RO         6726    sdh_state_observers0  nrf_fstorage_sd.o


    Execution Region RW_IRAM1 (Exec base: 0x20002d78, Load base: 0x00029110, Size: 0x00002410, Max: 0x00003288, ABSOLUTE, COMPRESSED[0x00000110])

    Exec Addr    Load Addr    Size         Type   Attr      Idx    E Section Name        Object

    0x20002d78   COMPRESSED   0x0000023c   Data   RW           38    .data               main.o
    0x20002fb4   COMPRESSED   0x00000008   Data   RW           39    .data               main.o
    0x20002fbc   COMPRESSED   0x00000008   Data   RW           40    .data               main.o
    0x20002fc4   COMPRESSED   0x00000008   Data   RW           42    .data               main.o
    0x20002fcc   COMPRESSED   0x0000002e   Data   RW          616    .data               app.o
    0x20002ffa   COMPRESSED   0x00000001   Data   RW          617    .data               app.o
    0x20002ffb   COMPRESSED   0x00000001   Data   RW          618    .data               app.o
    0x20002ffc   COMPRESSED   0x00000004   Data   RW          713    .data               test.o
    0x20003000   COMPRESSED   0x00000008   Data   RW          763    .data               feng_fstorage.o
    0x20003008   COMPRESSED   0x00000001   Data   RW          765    .data               feng_fstorage.o
    0x20003009   COMPRESSED   0x00000001   Data   RW          766    .data               feng_fstorage.o
    0x2000300a   COMPRESSED   0x00000001   Data   RW          767    .data               feng_fstorage.o
    0x2000300b   COMPRESSED   0x00000001   PAD
    0x2000300c   COMPRESSED   0x00000008   Data   RW          913    .data               feng_twi.o
    0x20003014   COMPRESSED   0x0000000c   Data   RW         1054    .data               aes.o
    0x20003020   COMPRESSED   0x00000010   Data   RW         1271    .data               bsp.o
    0x20003030   COMPRESSED   0x00000008   Data   RW         1372    .data               bsp_btn_ble.o
    0x20003038   COMPRESSED   0x00000008   Data   RW         1698    .data               ble_conn_params.o
    0x20003040   COMPRESSED   0x00000010   Data   RW         2017    .data               gatt_cache_manager.o
    0x20003050   COMPRESSED   0x0000000c   Data   RW         2175    .data               gatts_cache_manager.o
    0x2000305c   COMPRESSED   0x0000000c   Data   RW         2562    .data               peer_data_storage.o
    0x20003068   COMPRESSED   0x00000008   Data   RW         2702    .data               peer_database.o
    0x20003070   COMPRESSED   0x00000010   Data   RW         2941    .data               peer_manager.o
    0x20003080   COMPRESSED   0x00000060   Data   RW         3216    .data               peer_manager_handler.o
    0x200030e0   COMPRESSED   0x00000005   Data   RW         3366    .data               security_dispatcher.o
    0x200030e5   COMPRESSED   0x00000003   PAD
    0x200030e8   COMPRESSED   0x00000015   Data   RW         3510    .data               security_manager.o
    0x200030fd   COMPRESSED   0x00000003   PAD
    0x20003100   COMPRESSED   0x0000000c   Data   RW         3831    .data               nrf_drv_uart.o
    0x2000310c   COMPRESSED   0x00000008   Data   RW         4037    .data               nrfx_clock.o
    0x20003114   COMPRESSED   0x00000008   Data   RW         4432    .data               nrfx_prs.o
    0x2000311c   COMPRESSED   0x00000008   Data   RW         4834    .data               nrf_drv_twi.o
    0x20003124   COMPRESSED   0x00000003   Data   RW         5048    .data               nrf_drv_rng.o
    0x20003127   COMPRESSED   0x00000001   PAD
    0x20003128   COMPRESSED   0x00000008   Data   RW         5121    .data               nrfx_rng.o
    0x20003130   COMPRESSED   0x00000008   Data   RW         5184    .data               nrfx_wdt.o
    0x20003138   COMPRESSED   0x00000018   Data   RW         5261    .data               app_button.o
    0x20003150   COMPRESSED   0x00000020   Data   RW         5499    .data               app_timer2.o
    0x20003170   COMPRESSED   0x00000004   Data   RW         5500    .data               app_timer2.o
    0x20003174   COMPRESSED   0x0000000c   Data   RW         5734    .data               drv_rtc.o
    0x20003180   COMPRESSED   0x00000030   Data   RW         5929    .data               fds.o
    0x200031b0   COMPRESSED   0x00000008   Data   RW         6723    .data               nrf_fstorage_sd.o
    0x200031b8   COMPRESSED   0x00000008   Data   RW         6903    .data               nrf_pwr_mgmt.o
    0x200031c0   COMPRESSED   0x0000001c   Data   RW         7183    .data               app_uart_fifo.o
    0x200031dc   COMPRESSED   0x00000001   Data   RW         7473    .data               nrf_log_backend_rtt.o
    0x200031dd   COMPRESSED   0x00000003   PAD
    0x200031e0   COMPRESSED   0x00000008   Data   RW         7567    .data               nrf_log_default_backends.o
    0x200031e8   COMPRESSED   0x00000008   Data   RW         7633    .data               nrf_log_frontend.o
    0x200031f0   COMPRESSED   0x00000008   Data   RW         7634    .data               nrf_log_frontend.o
    0x200031f8   COMPRESSED   0x00000040   Data   RW         7793    .data               nrf_log_str_formatter.o
    0x20003238   COMPRESSED   0x00000003   Data   RW         8213    .data               nrf_sdh.o
    0x2000323b   COMPRESSED   0x00000001   Data   RW         8323    .data               nrf_sdh_ble.o
    0x2000323c   COMPRESSED   0x00000004   Data   RW         8596    .data               system_nrf52810.o
    0x20003240   COMPRESSED   0x00000014   Data   RW          768    fs_data             feng_fstorage.o
    0x20003254   COMPRESSED   0x00000014   Data   RW         5930    fs_data             fds.o
    0x20003268        -       0x000004bc   Zero   RW           35    .bss                main.o
    0x20003724        -       0x00000040   Zero   RW           36    .bss                main.o
    0x20003764   COMPRESSED   0x00000004   PAD
    0x20003768        -       0x00000020   Zero   RW          613    .bss                app.o
    0x20003788        -       0x00000030   Zero   RW          614    .bss                app.o
    0x200037b8        -       0x00000020   Zero   RW          711    .bss                test.o
    0x200037d8        -       0x000000e0   Zero   RW          759    .bss                feng_fstorage.o
    0x200038b8        -       0x000000b0   Zero   RW         1052    .bss                aes.o
    0x20003968        -       0x00000020   Zero   RW         1266    .bss                bsp.o
    0x20003988        -       0x00000020   Zero   RW         1267    .bss                bsp.o
    0x200039a8        -       0x0000000c   Zero   RW         1268    .bss                bsp.o
    0x200039b4   COMPRESSED   0x00000004   PAD
    0x200039b8        -       0x00000020   Zero   RW         1269    .bss                bsp.o
    0x200039d8        -       0x00000050   Zero   RW         1697    .bss                ble_conn_params.o
    0x20003a28        -       0x0000007c   Zero   RW         1784    .bss                ble_conn_state.o
    0x20003aa4        -       0x000000d8   Zero   RW         2278    .bss                id_manager.o
    0x20003b7c        -       0x00000180   Zero   RW         2698    .bss                peer_database.o
    0x20003cfc        -       0x00000040   Zero   RW         2814    .bss                peer_id.o
    0x20003d3c        -       0x0000000c   Zero   RW         2937    .bss                peer_manager.o
    0x20003d48        -       0x00000040   Zero   RW         3362    .bss                security_dispatcher.o
    0x20003d88        -       0x00000014   Zero   RW         3699    .bss                nrf_drv_clock.o
    0x20003d9c        -       0x0000005c   Zero   RW         4196    .bss                nrfx_gpiote.o
    0x20003df8        -       0x0000002c   Zero   RW         4506    .bss                nrfx_uart.o
    0x20003e24        -       0x00000024   Zero   RW         4690    .bss                nrfx_uarte.o
    0x20003e48        -       0x00000034   Zero   RW         4909    .bss                nrfx_twim.o
    0x20003e7c        -       0x00000041   Zero   RW         5042    .bss                nrf_drv_rng.o
    0x20003ebd   COMPRESSED   0x00000003   PAD
    0x20003ec0        -       0x0000000c   Zero   RW         5043    .bss                nrf_drv_rng.o
    0x20003ecc   COMPRESSED   0x00000004   PAD
    0x20003ed0        -       0x00000020   Zero   RW         5257    .bss                app_button.o
    0x20003ef0        -       0x00000010   Zero   RW         5258    .bss                app_button.o
    0x20003f00        -       0x00000010   Zero   RW         5495    .bss                app_timer2.o
    0x20003f10        -       0x00000058   Zero   RW         5496    .bss                app_timer2.o
    0x20003f68        -       0x0000000c   Zero   RW         5622    .bss                app_util_platform.o
    0x20003f74        -       0x00000010   Zero   RW         5926    .bss                fds.o
    0x20003f84        -       0x000000e0   Zero   RW         5927    .bss                fds.o
    0x20004064        -       0x00000010   Zero   RW         6719    .bss                nrf_fstorage_sd.o
    0x20004074        -       0x000000a0   Zero   RW         6720    .bss                nrf_fstorage_sd.o
    0x20004114        -       0x0000000c   Zero   RW         6899    .bss                nrf_pwr_mgmt.o
    0x20004120        -       0x00000020   Zero   RW         7181    .bss                app_uart_fifo.o
    0x20004140        -       0x00000040   Zero   RW         7470    .bss                nrf_log_backend_rtt.o
    0x20004180        -       0x000000c0   Zero   RW         7627    .bss                nrf_log_frontend.o
    0x20004240        -       0x00000080   Zero   RW         7628    .bss                nrf_log_frontend.o
    0x200042c0        -       0x00000018   Zero   RW         7629    .bss                nrf_log_frontend.o
    0x200042d8        -       0x00000424   Zero   RW         7630    .bss                nrf_log_frontend.o
    0x200046fc        -       0x00000288   Zero   RW         7869    .bss                segger_rtt.o
    0x20004984   COMPRESSED   0x00000004   PAD
    0x20004988        -       0x00000800   Zero   RW         8581    STACK               arm_startup_nrf52810.o


==============================================================================

Image component sizes


      Code (inc. data)   RO Data    RW Data    ZI Data      Debug   Object Name

       760         54        767         12        176       6960   aes.o
      1222        220          4         48         80      15380   app.o
       664         66         27         24         48       8854   app_button.o
        22          0          0          0          0       2421   app_error.o
       132         46          0          0          0      28101   app_error_weak.o
       118          0          0          0          0       4258   app_fifo.o
         0          0          0          0          0      37114   app_scheduler.o
       846         88         38         36        104      16097   app_timer2.o
       528         60         32         28         32      21610   app_uart_fifo.o
       124         14          0          0         12       9498   app_util_platform.o
        84         22        512          0       2048        912   arm_startup_nrf52810.o
      1332          0          0          0          0      52924   ble_advdata.o
      1022          6          0          0          0      10539   ble_advertising.o
       636         44          8          8         80       8983   ble_conn_params.o
       770         58          8          0        124      15747   ble_conn_state.o
      2782          0          0          0          0      20511   ble_hids.o
        72          0          0          0          0       1620   ble_link_ctx_manager.o
       664          6         32          0          0       6768   ble_nus.o
       638          6          0          0          0       4940   ble_srv_common.o
       358         40          8          0          0      13707   boards.o
       998         84         44         16        108      15155   bsp.o
       252         10          8          8          0       4660   bsp_btn_ble.o
       696         76          6         12          0      42781   drv_rtc.o
      3848        342         24         68        240      46654   fds.o
      1124        534         71         31        224      10131   feng_fstorage.o
         0          0          0          0          0       1228   feng_gpiote.o
        76         18         40          8          0      47213   feng_twi.o
      2152        552        553         16          0      32987   gatt_cache_manager.o
       686         84        462         12          0      16235   gatts_cache_manager.o
       946         34         32          0        216      16488   id_manager.o
      4850       1686         96        596       1276     216585   main.o
       342          0          0          0          0       6438   nrf_atfifo.o
       170          0          0          0          0       4564   nrf_atflags.o
       332          0          0          0          0       9670   nrf_atomic.o
       164          0          0          0          0       3520   nrf_balloc.o
       634        186         35          0          0       8225   nrf_ble_gatt.o
       276          0          0          0          0       4541   nrf_ble_qwr.o
       276         34         30          0         20      35032   nrf_drv_clock.o
       352         38         42          3         77       7076   nrf_drv_rng.o
       328         16          6          8          0      22443   nrf_drv_twi.o
       200         26          0         12          0      17764   nrf_drv_uart.o
        50          0          0          0          0       3465   nrf_fprintf.o
       866          4         16          0          0       6402   nrf_fprintf_format.o
      1404        596        194          0          0       8779   nrf_fstorage.o
       798         82         72          8        176      15435   nrf_fstorage_sd.o
       112         18         18          1         64       5441   nrf_log_backend_rtt.o
       200          0          0          0          0      10841   nrf_log_backend_serial.o
        28          4         32          8          0       3313   nrf_log_default_backends.o
      1512        114         44         16       1404      30644   nrf_log_frontend.o
       570        108        102         64          0       5516   nrf_log_str_formatter.o
       346          0          0          0          0       9259   nrf_memobj.o
        60         12         53          8         12       4035   nrf_pwr_mgmt.o
       482          0          0          0          0       7792   nrf_queue.o
        28          0          0          0          0       2339   nrf_ringbuf.o
       552         60        104          3          0      38875   nrf_sdh.o
       716        232        539          1          0       5761   nrf_sdh_ble.o
        60          4         56          0          0       2444   nrf_sdh_soc.o
        78          0          0          0          0       2672   nrf_section_iter.o
        84          0         17          0          0       3969   nrf_sortlist.o
        76         10       1319          0          0       2679   nrf_strerror.o
       222         30         14          8          0      40766   nrfx_clock.o
      1222         92         19          0         92      56455   nrfx_gpiote.o
        94         16         12          8          0       3657   nrfx_prs.o
       220         56         12          8          0       6212   nrfx_rng.o
       778         32         37          0         52      20766   nrfx_twim.o
      1364         38         17          0         44      29613   nrfx_uart.o
      1286         36         18          0         36      24503   nrfx_uarte.o
       244         50         12          8          0       8000   nrfx_wdt.o
      1156        144        281         12          0      17618   peer_data_storage.o
      1434        260        425          8        384      18874   peer_database.o
       314         38          0          0         64       8723   peer_id.o
      1688        454        217         16         12      19946   peer_manager.o
      1824        842        832         96          0       9104   peer_manager_handler.o
       234          0          0          0          0       5255   pm_buffer.o
      1964        272        835          5         64      26819   security_dispatcher.o
      1376        122        411         21          0      50177   security_manager.o
       378         34          0          0        648       8777   segger_rtt.o
       996         92          0          4          0       4667   system_nrf52810.o
        92         18          4          4         32       3108   test.o

    ----------------------------------------------------------------------
     56478       8320       8720       1264       7968    1389035   Object Totals
         0          0         32          0          0          0   (incl. Generated)
        94          0         91         11         19          0   (incl. Padding)

    ----------------------------------------------------------------------

      Code (inc. data)   RO Data    RW Data    ZI Data      Debug   Library Member Name

        86          0          0          0          0          0   __dczerorl2.o
         8          4        133          0          0         68   ctype_o.o
         0          0          0          0          0          0   entry.o
         0          0          0          0          0          0   entry10a.o
         0          0          0          0          0          0   entry11a.o
         8          4          0          0          0          0   entry2.o
         4          0          0          0          0          0   entry5.o
         0          0          0          0          0          0   entry7b.o
         0          0          0          0          0          0   entry8b.o
         8          4          0          0          0          0   entry9a.o
        30          0          0          0          0          0   handlers.o
        36          8          0          0          0         68   init.o
        30          0          0          0          0         68   llshl.o
        32          0          0          0          0         68   llushr.o
        26          0          0          0          0         80   memcmp.o
        36          0          0          0          0         68   memcpya.o
        36          0          0          0          0        108   memseta.o
        18          0          0          0          0         68   strcpy.o
        14          0          0          0          0         68   strlen.o
        98          0          0          0          0         92   uldiv.o

    ----------------------------------------------------------------------
       474         20        136          0          0        756   Library Totals
         4          0          3          0          0          0   (incl. Padding)

    ----------------------------------------------------------------------

      Code (inc. data)   RO Data    RW Data    ZI Data      Debug   Library Name

       470         20        133          0          0        756   mc_w.l

    ----------------------------------------------------------------------
       474         20        136          0          0        756   Library Totals

    ----------------------------------------------------------------------

==============================================================================


      Code (inc. data)   RO Data    RW Data    ZI Data      Debug   

     56952       8340       8856       1264       7968    1355651   Grand Totals
     56952       8340       8856        272       7968    1355651   ELF Image Totals (compressed)
     56952       8340       8856        272          0          0   ROM Totals

==============================================================================

    Total RO  Size (Code + RO Data)                65808 (  64.27kB)
    Total RW  Size (RW Data + ZI Data)              9232 (   9.02kB)
    Total ROM Size (Code + RO Data + RW Data)      66080 (  64.53kB)

==============================================================================

