Component: ARM Compiler 5.06 update 4 (build 422) Tool: armlink [4d35d2]

==============================================================================

Section Cross References

    main.o(i.DFU_timer_handler) refers to app_error.o(i.app_error_handler_bare) for app_error_handler_bare
    main.o(i.DFU_timer_init) refers to app_timer2.o(i.app_timer_create) for app_timer_create
    main.o(i.DFU_timer_init) refers to app_error.o(i.app_error_handler_bare) for app_error_handler_bare
    main.o(i.DFU_timer_init) refers to main.o(i.DFU_timer_handler) for DFU_timer_handler
    main.o(i.DFU_timer_init) refers to main.o(.constdata) for .constdata
    main.o(i.Read_Touch_Data_Interuputer_Processing) refers to feng_gpiote.o(i.tp_interrupt_handler) for tp_interrupt_handler
    main.o(i.Read_Touch_Data_Interuputer_Processing) refers to main.o(.data) for .data
    main.o(i.UART_timer_handler) refers to app_uart_fifo.o(i.app_uart_close) for app_uart_close
    main.o(i.UART_timer_handler) refers to app_error.o(i.app_error_handler_bare) for app_error_handler_bare
    main.o(i.UART_timer_handler) refers to main.o(.data) for .data
    main.o(i.UART_timer_init) refers to app_timer2.o(i.app_timer_create) for app_timer_create
    main.o(i.UART_timer_init) refers to app_error.o(i.app_error_handler_bare) for app_error_handler_bare
    main.o(i.UART_timer_init) refers to main.o(i.UART_timer_handler) for UART_timer_handler
    main.o(i.UART_timer_init) refers to main.o(.constdata) for .constdata
    main.o(i.ack_find) refers to memseta.o(.text) for __aeabi_memclr4
    main.o(i.ack_find) refers to ble_nus.o(i.ble_nus_data_send) for ble_nus_data_send
    main.o(i.ack_find) refers to nrf_log_frontend.o(i.nrf_log_frontend_std_1) for nrf_log_frontend_std_1
    main.o(i.ack_find) refers to nrf_log_frontend.o(i.nrf_log_frontend_std_0) for nrf_log_frontend_std_0
    main.o(i.ack_find) refers to main.o(.data) for .data
    main.o(i.ack_find) refers to nrf_log_frontend.o(log_const_data) for m_nrf_log_app_logs_data_const
    main.o(i.ack_find) refers to app.o(.data) for connect_flag
    main.o(i.advertising_init) refers to memseta.o(.text) for __aeabi_memclr4
    main.o(i.advertising_init) refers to ble_advertising.o(i.ble_advertising_init) for ble_advertising_init
    main.o(i.advertising_init) refers to app_error.o(i.app_error_handler_bare) for app_error_handler_bare
    main.o(i.advertising_init) refers to ble_advertising.o(i.ble_advertising_conn_cfg_tag_set) for ble_advertising_conn_cfg_tag_set
    main.o(i.advertising_init) refers to app.o(.data) for device_address
    main.o(i.advertising_init) refers to main.o(i.on_adv_evt) for on_adv_evt
    main.o(i.advertising_init) refers to main.o(.bss) for .bss
    main.o(i.advertising_start) refers to main.o(i.advertising_stop) for advertising_stop
    main.o(i.advertising_start) refers to ble_advertising.o(i.ble_advertising_start) for ble_advertising_start
    main.o(i.advertising_start) refers to app_error.o(i.app_error_handler_bare) for app_error_handler_bare
    main.o(i.advertising_start) refers to main.o(.bss) for .bss
    main.o(i.advertising_start) refers to app.o(.data) for ble_work_status
    main.o(i.advertising_stop) refers to app.o(.data) for ble_work_status
    main.o(i.app_connect) refers to memseta.o(.text) for __aeabi_memclr4
    main.o(i.app_connect) refers to app_uart_fifo.o(i.app_uart_put) for app_uart_put
    main.o(i.app_connect) refers to nrf_log_frontend.o(i.nrf_log_frontend_std_2) for nrf_log_frontend_std_2
    main.o(i.app_connect) refers to nrf_log_frontend.o(log_const_data) for m_nrf_log_app_logs_data_const
    main.o(i.app_disconnect) refers to app_uart_fifo.o(i.app_uart_put) for app_uart_put
    main.o(i.app_disconnect) refers to nrf_log_frontend.o(i.nrf_log_frontend_std_2) for nrf_log_frontend_std_2
    main.o(i.app_disconnect) refers to nrf_log_frontend.o(log_const_data) for m_nrf_log_app_logs_data_const
    main.o(i.assert_nrf_callback) refers to app_error_handler_keil.o(.emb_text) for app_error_handler
    main.o(i.ble_dfu_evt_handler) refers to nrf_log_frontend.o(i.nrf_log_frontend_std_0) for nrf_log_frontend_std_0
    main.o(i.ble_dfu_evt_handler) refers to memseta.o(.text) for __aeabi_memclr4
    main.o(i.ble_dfu_evt_handler) refers to ble_advertising.o(i.ble_advertising_modes_config_set) for ble_advertising_modes_config_set
    main.o(i.ble_dfu_evt_handler) refers to ble_conn_state.o(i.ble_conn_state_for_each_connected) for ble_conn_state_for_each_connected
    main.o(i.ble_dfu_evt_handler) refers to nrf_log_frontend.o(i.nrf_log_frontend_std_1) for nrf_log_frontend_std_1
    main.o(i.ble_dfu_evt_handler) refers to nrf_log_frontend.o(log_const_data) for m_nrf_log_app_logs_data_const
    main.o(i.ble_dfu_evt_handler) refers to main.o(.bss) for .bss
    main.o(i.ble_dfu_evt_handler) refers to main.o(i.disconnect) for disconnect
    main.o(i.ble_evt_handler) refers to nrf_log_frontend.o(i.nrf_log_frontend_std_1) for nrf_log_frontend_std_1
[...]
    nrf_memobj_read                          0x0001f653   Thumb Code    16  nrf_memobj.o(i.nrf_memobj_read)
    nrf_memobj_write                         0x0001f663   Thumb Code    16  nrf_memobj.o(i.nrf_memobj_write)
    nrf_pwr_mgmt_init                        0x0001f675   Thumb Code    28  nrf_pwr_mgmt.o(i.nrf_pwr_mgmt_init)
    nrf_pwr_mgmt_run                         0x0001f69d   Thumb Code    20  nrf_pwr_mgmt.o(i.nrf_pwr_mgmt_run)
    nrf_pwr_mgmt_shutdown                    0x0001f6b1   Thumb Code    54  nrf_pwr_mgmt.o(i.nrf_pwr_mgmt_shutdown)
    nrf_queue_is_full                        0x0001f6ed   Thumb Code    30  nrf_queue.o(i.nrf_queue_is_full)
    nrf_queue_push                           0x0001f719   Thumb Code   178  nrf_queue.o(i.nrf_queue_push)
    nrf_queue_read                           0x0001f7cb   Thumb Code    62  nrf_queue.o(i.nrf_queue_read)
    nrf_queue_utilization_get                0x0001f809   Thumb Code    36  nrf_queue.o(i.nrf_queue_utilization_get)
    nrf_ringbuf_init                         0x0001f831   Thumb Code    28  nrf_ringbuf.o(i.nrf_ringbuf_init)
    nrf_sdh_ble_app_ram_start_get            0x0001f859   Thumb Code    16  nrf_sdh_ble.o(i.nrf_sdh_ble_app_ram_start_get)
    nrf_sdh_ble_default_cfg_set              0x0001f86d   Thumb Code   266  nrf_sdh_ble.o(i.nrf_sdh_ble_default_cfg_set)
    nrf_sdh_ble_enable                       0x0001f999   Thumb Code   116  nrf_sdh_ble.o(i.nrf_sdh_ble_enable)
    nrf_sdh_disable_request                  0x0001fb29   Thumb Code    80  nrf_sdh.o(i.nrf_sdh_disable_request)
    nrf_sdh_enable_request                   0x0001fb7d   Thumb Code   102  nrf_sdh.o(i.nrf_sdh_enable_request)
    nrf_sdh_evts_poll                        0x0001fbf1   Thumb Code    32  nrf_sdh.o(i.nrf_sdh_evts_poll)
    nrf_sdh_is_enabled                       0x0001fc15   Thumb Code     6  nrf_sdh.o(i.nrf_sdh_is_enabled)
    nrf_sdh_request_continue                 0x0001fc21   Thumb Code    22  nrf_sdh.o(i.nrf_sdh_request_continue)
    nrf_section_iter_init                    0x0001fc79   Thumb Code    10  nrf_section_iter.o(i.nrf_section_iter_init)
    nrf_section_iter_next                    0x0001fca7   Thumb Code    32  nrf_section_iter.o(i.nrf_section_iter_next)
    nrf_sortlist_add                         0x0001fcc7   Thumb Code    34  nrf_sortlist.o(i.nrf_sortlist_add)
    nrf_sortlist_peek                        0x0001fce9   Thumb Code     6  nrf_sortlist.o(i.nrf_sortlist_peek)
    nrf_sortlist_pop                         0x0001fcef   Thumb Code    14  nrf_sortlist.o(i.nrf_sortlist_pop)
    nrf_sortlist_remove                      0x0001fcfd   Thumb Code    30  nrf_sortlist.o(i.nrf_sortlist_remove)
    nrf_strerror_find                        0x0001fd1d   Thumb Code    52  nrf_strerror.o(i.nrf_strerror_find)
    nrf_strerror_get                         0x0001fd55   Thumb Code    14  nrf_strerror.o(i.nrf_strerror_get)
    nrf_twi_rx                               0x0001fd69   Thumb Code    60  feng_twi.o(i.nrf_twi_rx)
    nrfx_clock_enable                        0x0001fdfd   Thumb Code    34  nrfx_clock.o(i.nrfx_clock_enable)
    nrfx_clock_init                          0x0001fe29   Thumb Code    26  nrfx_clock.o(i.nrfx_clock_init)
    nrfx_clock_lfclk_stop                    0x0001fe49   Thumb Code    20  nrfx_clock.o(i.nrfx_clock_lfclk_stop)
    nrfx_gpiote_in_event_enable              0x0001fe85   Thumb Code   156  nrfx_gpiote.o(i.nrfx_gpiote_in_event_enable)
    nrfx_gpiote_in_init                      0x0001ff29   Thumb Code   194  nrfx_gpiote.o(i.nrfx_gpiote_in_init)
    nrfx_prs_acquire                         0x00020019   Thumb Code    58  nrfx_prs.o(i.nrfx_prs_acquire)
    nrfx_prs_release                         0x00020053   Thumb Code    18  nrfx_prs.o(i.nrfx_prs_release)
    nrfx_rng_init                            0x0002009d   Thumb Code    70  nrfx_rng.o(i.nrfx_rng_init)
    nrfx_rng_start                           0x000200f5   Thumb Code    24  nrfx_rng.o(i.nrfx_rng_start)
    nrfx_rng_stop                            0x00020115   Thumb Code    14  nrfx_rng.o(i.nrfx_rng_stop)
    nrfx_rng_uninit                          0x00020129   Thumb Code    30  nrfx_rng.o(i.nrfx_rng_uninit)
    nrfx_twim_enable                         0x00020151   Thumb Code    32  nrfx_twim.o(i.nrfx_twim_enable)
    nrfx_twim_init                           0x00020175   Thumb Code   214  nrfx_twim.o(i.nrfx_twim_init)
    nrfx_twim_rx                             0x00020255   Thumb Code    44  nrfx_twim.o(i.nrfx_twim_rx)
    nrfx_twim_tx                             0x00020285   Thumb Code    54  nrfx_twim.o(i.nrfx_twim_tx)
    nrfx_twim_xfer                           0x000202bd   Thumb Code    34  nrfx_twim.o(i.nrfx_twim_xfer)
    nrfx_uart_0_irq_handler                  0x000202e5   Thumb Code     8  nrfx_uart.o(i.nrfx_uart_0_irq_handler)
    nrfx_uart_init                           0x000202f5   Thumb Code   196  nrfx_uart.o(i.nrfx_uart_init)
    nrfx_uart_rx                             0x000203c5   Thumb Code   230  nrfx_uart.o(i.nrfx_uart_rx)
    nrfx_uart_tx                             0x000204b1   Thumb Code   162  nrfx_uart.o(i.nrfx_uart_tx)
    nrfx_uart_tx_in_progress                 0x00020559   Thumb Code    26  nrfx_uart.o(i.nrfx_uart_tx_in_progress)
    nrfx_uart_uninit                         0x00020579   Thumb Code   170  nrfx_uart.o(i.nrfx_uart_uninit)
    nrfx_uarte_0_irq_handler                 0x0002062d   Thumb Code     8  nrfx_uarte.o(i.nrfx_uarte_0_irq_handler)
    nrfx_uarte_init                          0x0002063d   Thumb Code   100  nrfx_uarte.o(i.nrfx_uarte_init)
    nrfx_uarte_rx                            0x000206a9   Thumb Code   256  nrfx_uarte.o(i.nrfx_uarte_rx)
    nrfx_uarte_tx                            0x000207ad   Thumb Code   166  nrfx_uarte.o(i.nrfx_uarte_tx)
    nrfx_uarte_tx_in_progress                0x00020859   Thumb Code    22  nrfx_uarte.o(i.nrfx_uarte_tx_in_progress)
    nrfx_uarte_uninit                        0x00020875   Thumb Code   214  nrfx_uarte.o(i.nrfx_uarte_uninit)
    nrfx_wdt_channel_alloc                   0x00020955   Thumb Code    60  nrfx_wdt.o(i.nrfx_wdt_channel_alloc)
    nrfx_wdt_channel_feed                    0x00020999   Thumb Code    14  nrfx_wdt.o(i.nrfx_wdt_channel_feed)
    nrfx_wdt_enable                          0x000209b1   Thumb Code    18  nrfx_wdt.o(i.nrfx_wdt_enable)
    nrfx_wdt_init                            0x000209cd   Thumb Code    76  nrfx_wdt.o(i.nrfx_wdt_init)
    on_protocol_mode_read_auth               0x00020dd1   Thumb Code    94  ble_hids.o(i.on_protocol_mode_read_auth)
    random_vector_generate                   0x0002169d   Thumb Code    40  app.o(i.random_vector_generate)
    read_tp_id                               0x000216d5   Thumb Code    44  feng_twi.o(i.read_tp_id)
    send_ble_device_mac                      0x00021ddd   Thumb Code   166  app.o(i.send_ble_device_mac)
    send_ble_version                         0x00021e89   Thumb Code   298  app.o(i.send_ble_version)
    send_data_app                            0x00021fb5   Thumb Code    42  main.o(i.send_data_app)
    send_random_app                          0x0002201d   Thumb Code   108  app.o(i.send_random_app)
    senddatato_9160                          0x000220c9   Thumb Code   664  main.o(i.senddatato_9160)
    system_time_init                         0x000227fd   Thumb Code    24  test.o(i.system_time_init)
    system_time_manger                       0x0002281d   Thumb Code    40  test.o(i.system_time_manger)
    system_upgrade_info_send                 0x00022849   Thumb Code   128  feng_gpiote.o(i.system_upgrade_info_send)
    test_rease_flash                         0x000228cd   Thumb Code    46  feng_fstorage.o(i.test_rease_flash)
    tp_init                                  0x00022a31   Thumb Code    80  main.o(i.tp_init)
    twi_handler                              0x00022b41   Thumb Code    14  feng_twi.o(i.twi_handler)
    twi_init                                 0x00022b55   Thumb Code    44  feng_twi.o(i.twi_init)
    uart_event_handle                        0x00022fbd   Thumb Code   344  main.o(i.uart_event_handle)
    updata_records                           0x000235cd   Thumb Code   162  feng_fstorage.o(i.updata_records)
    updata_write                             0x000236a9   Thumb Code    96  feng_fstorage.o(i.updata_write)
    wdt_event_handler                        0x000238eb   Thumb Code     2  main.o(i.wdt_event_handler)
    nrf_fstorage_sd                          0x00023fc0   Data          32  nrf_fstorage_sd.o(.constdata)
    nrf_log_backend_rtt_api                  0x00024168   Data          12  nrf_log_backend_rtt.o(.constdata)
    m_ram_start                              0x0002420c   Data           4  nrf_sdh_ble.o(.constdata)
    __ctype_table                            0x00024260   Data         129  ctype_o.o(.constdata)
    Region$$Table$$Base                      0x00024b80   Number         0  anon$$obj.o(Region$$Table)
    Region$$Table$$Limit                     0x00024ba0   Number         0  anon$$obj.o(Region$$Table)
    log_const_data$$Base                     0x00024bb0   Number         0  nrf_ble_gatt.o(log_const_data)
    m_nrf_log_nrf_ble_gatt_logs_data_const   0x00024bb0   Data           8  nrf_ble_gatt.o(log_const_data)
    m_nrf_log_clock_logs_data_const          0x00024bb8   Data           8  nrf_drv_clock.o(log_const_data)
    m_nrf_log_CLOCK_logs_data_const          0x00024bc0   Data           8  nrfx_clock.o(log_const_data)
    m_nrf_log_GPIOTE_logs_data_const         0x00024bc8   Data           8  nrfx_gpiote.o(log_const_data)
    m_nrf_log_PRS_logs_data_const            0x00024bd0   Data           8  nrfx_prs.o(log_const_data)
    m_nrf_log_UART_logs_data_const           0x00024bd8   Data           8  nrfx_uart.o(log_const_data)
    m_nrf_log_UARTE_logs_data_const          0x00024be0   Data           8  nrfx_uarte.o(log_const_data)
    m_nrf_log_TWIM_logs_data_const           0x00024be8   Data           8  nrfx_twim.o(log_const_data)
    m_nrf_log_rng_logs_data_const            0x00024bf0   Data           8  nrf_drv_rng.o(log_const_data)
    m_nrf_log_RNG_logs_data_const            0x00024bf8   Data           8  nrfx_rng.o(log_const_data)
    m_nrf_log_WDT_logs_data_const            0x00024c00   Data           8  nrfx_wdt.o(log_const_data)
    m_nrf_log_app_button_logs_data_const     0x00024c08   Data           8  app_button.o(log_const_data)
    m_nrf_log_app_timer_logs_data_const      0x00024c10   Data           8  app_timer2.o(log_const_data)
    m_nrf_log_nrf_fstorage_logs_data_const   0x00024c18   Data           8  nrf_fstorage.o(log_const_data)
    m_nrf_log_pwr_mgmt_logs_data_const       0x00024c20   Data           8  nrf_pwr_mgmt.o(log_const_data)
    m_nrf_log_sortlist_logs_data_const       0x00024c28   Data           8  nrf_sortlist.o(log_const_data)
    m_nrf_log_app_logs_data_const            0x00024c30   Data           8  nrf_log_frontend.o(log_const_data)
    m_nrf_log_nrf_sdh_logs_data_const        0x00024c38   Data           8  nrf_sdh.o(log_const_data)
    m_nrf_log_nrf_sdh_ble_logs_data_const    0x00024c40   Data           8  nrf_sdh_ble.o(log_const_data)
    m_nrf_log_nrf_sdh_soc_logs_data_const    0x00024c48   Data           8  nrf_sdh_soc.o(log_const_data)
    m_nrf_log_ble_nus_logs_data_const        0x00024c50   Data           8  ble_nus.o(log_const_data)
    log_const_data$$Limit                    0x00024c58   Number         0  ble_nus.o(log_const_data)
    log_mempool                              0x00024c58   Data          20  nrf_log_frontend.o(nrf_balloc)
    m_rand_pool                              0x00024c6c   Data          20  nrf_drv_rng.o(nrf_queue)
    pwr_mgmt_data0$$Base                     0x00024c80   Number         0  main.o(pwr_mgmt_data0)
    pwr_mgmt_data0$$Limit                    0x00024c84   Number         0  main.o(pwr_mgmt_data0)
    sdh_ble_observers0$$Base                 0x00024c84   Number         0  ble_conn_state.o(sdh_ble_observers0)
    sdh_ble_observers0$$Limit                0x00024c8c   Number         0  ble_conn_state.o(sdh_ble_observers0)
    sdh_ble_observers1$$Base                 0x00024c8c   Number         0  main.o(sdh_ble_observers1)
    sdh_ble_observers1$$Limit                0x00024cac   Number         0  ble_conn_params.o(sdh_ble_observers1)
    sdh_ble_observers2$$Base                 0x00024cac   Number         0  main.o(sdh_ble_observers2)
    sdh_ble_observers2$$Limit                0x00024ccc   Number         0  ble_dfu.o(sdh_ble_observers2)
    sdh_ble_observers3$$Base                 0x00024ccc   Number         0  main.o(sdh_ble_observers3)
    m_req_obs                                0x00024cd4   Data           8  nrf_fstorage_sd.o(sdh_req_observers0)
    sdh_ble_observers3$$Limit                0x00024cd4   Number         0  main.o(sdh_ble_observers3)
    sdh_req_observers0$$Base                 0x00024cd4   Number         0  nrf_fstorage_sd.o(sdh_req_observers0)
    sdh_req_observers0$$Limit                0x00024cdc   Number         0  nrf_fstorage_sd.o(sdh_req_observers0)
    sdh_soc_observers0$$Base                 0x00024cdc   Number         0  nrf_drv_clock.o(sdh_soc_observers0)
    sdh_soc_observers0$$Limit                0x00024cec   Number         0  nrf_fstorage_sd.o(sdh_soc_observers0)
    sdh_soc_observers1$$Base                 0x00024cec   Number         0  ble_dfu_unbonded.o(sdh_soc_observers1)
    sdh_soc_observers1$$Limit                0x00024cf4   Number         0  ble_dfu_unbonded.o(sdh_soc_observers1)
    sdh_stack_observers0$$Base               0x00024cf4   Number         0  nrf_sdh_ble.o(sdh_stack_observers0)
    sdh_stack_observers0$$Limit              0x00024d04   Number         0  nrf_sdh_soc.o(sdh_stack_observers0)
    sdh_state_observers0$$Base               0x00024d04   Number         0  main.o(sdh_state_observers0)
    sdh_state_observers0$$Limit              0x00024d24   Number         0  nrf_fstorage_sd.o(sdh_state_observers0)
    Image$$RW_IRAM1$$Base                    0x20002d88   Number         0  anon$$obj.o ABSOLUTE
    connectflag                              0x20002d88   Data           1  main.o(.data)
    disconnectflag                           0x20002d89   Data           1  main.o(.data)
    senddataflag                             0x20002d8a   Data           1  main.o(.data)
    uart_wake_flag                           0x20002d8b   Data           1  main.o(.data)
    IRQ_FLAG                                 0x20002d8c   Data           1  main.o(.data)
    actual_length                            0x20002d8e   Data           1  main.o(.data)
    m_channel_id                             0x20002d90   Data           1  main.o(.data)
    command_id                               0x20002d96   Data           2  main.o(.data)
    g_pair_params                            0x20002d9e   Data           5  main.o(.data)
    ble_work_status                          0x20002fc4   Data           1  app.o(.data)
    GUARD_TIME_SECONDS                       0x20002fc8   Data           4  app.o(.data)
    device_address                           0x20002fcc   Data           6  app.o(.data)
    aes_key                                  0x20002fd2   Data          16  app.o(.data)
    aes_iv                                   0x20002fe2   Data          16  app.o(.data)
    connect_flag                             0x20002ff2   Data           1  app.o(.data)
    judg_app_flag                            0x20002ff3   Data           1  app.o(.data)
    UTC_TIME_SECONDS                         0x20002ff4   Data           4  test.o(.data)
    write_flag                               0x20003000   Data           1  feng_fstorage.o(.data)
    find_whilt_flag                          0x20003001   Data           1  feng_fstorage.o(.data)
    is_find_flag                             0x20003002   Data           1  feng_fstorage.o(.data)
    systemStartFlag                          0x20003004   Data           1  feng_gpiote.o(.data)
    bootloaderMode                           0x20003005   Data           1  feng_gpiote.o(.data)
    nrf_drv_uart_use_easy_dma                0x20003040   Data           1  nrf_drv_uart.o(.data)
    mp_dfu                                   0x20003164   Data           4  ble_dfu_unbonded.o(.data)
    SystemCoreClock                          0x20003168   Data           4  system_nrf52810.o(.data)
    fs_data$$Base                            0x2000316c   Number         0  feng_fstorage.o(fs_data)
    fstorage                                 0x2000316c   Data          20  feng_fstorage.o(fs_data)
    m_fs                                     0x20003180   Data          20  fds.o(fs_data)
    fs_data$$Limit                           0x20003194   Number         0  fds.o(fs_data)
    my_enc_key                               0x20003630   Data          28  main.o(.bss)
    my_enc_key_center                        0x2000364c   Data          28  main.o(.bss)
    keyset                                   0x20003668   Data          32  main.o(.bss)
    g_aes_in                                 0x200036f8   Data          16  app.o(.bss)
    g_aes_out                                0x20003708   Data          16  app.o(.bss)
    read_cmp                                 0x20003738   Data         160  feng_fstorage.o(.bss)
    test_buff                                0x20003808   Data          16  feng_fstorage.o(.bss)
    nrf_nvic_state                           0x20003bb0   Data          12  app_util_platform.o(.bss)
    _SEGGER_RTT                              0x20004344   Data         120  segger_rtt.o(.bss)
    __initial_sp                             0x20004e10   Data           0  arm_startup_nrf52810.o(STACK)



==============================================================================

Memory Map of the image

  Image Entry point : 0x00019201

  Load Region LR_IROM1 (Base: 0x00019000, Size: 0x0000c130, Max: 0x00017000, ABSOLUTE, COMPRESSED[0x0000bdec])

    Execution Region ER_IROM1 (Base: 0x00019000, Size: 0x0000bd24, Max: 0x00017000, ABSOLUTE)

    Base Addr    Size         Type   Attr      Idx    E Section Name        Object

    0x00019000   0x00000200   Data   RO         7503    RESET               arm_startup_nrf52810.o
    0x00019200   0x00000000   Code   RO         7559  * .ARM.Collect$$$$00000000  mc_w.l(entry.o)
    0x00019200   0x00000004   Code   RO         7613    .ARM.Collect$$$$00000001  mc_w.l(entry2.o)
    0x00019204   0x00000004   Code   RO         7616    .ARM.Collect$$$$00000004  mc_w.l(entry5.o)
    0x00019208   0x00000000   Code   RO         7618    .ARM.Collect$$$$00000008  mc_w.l(entry7b.o)
    0x00019208   0x00000000   Code   RO         7620    .ARM.Collect$$$$0000000A  mc_w.l(entry8b.o)
    0x00019208   0x00000008   Code   RO         7621    .ARM.Collect$$$$0000000B  mc_w.l(entry9a.o)
    0x00019210   0x00000000   Code   RO         7623    .ARM.Collect$$$$0000000D  mc_w.l(entry10a.o)
    0x00019210   0x00000000   Code   RO         7625    .ARM.Collect$$$$0000000F  mc_w.l(entry11a.o)
    0x00019210   0x00000004   Code   RO         7614    .ARM.Collect$$$$00002712  mc_w.l(entry2.o)
    0x00019214   0x000000c8   Code   RO         4949    .emb_text           nrf_atfifo.o
    0x000192dc   0x000000e2   Code   RO         5085    .emb_text           nrf_atomic.o
    0x000193be   0x00000002   PAD
    0x000193c0   0x00000054   Code   RO         7504    .text               arm_startup_nrf52810.o
    0x00019414   0x00000062   Code   RO         7567    .text               mc_w.l(uldiv.o)
    0x00019476   0x0000001e   Code   RO         7569    .text               mc_w.l(llshl.o)
    0x00019494   0x00000008   Code   RO         7571    .text               mc_w.l(ctype_o.o)
    0x0001949c   0x00000024   Code   RO         7599    .text               mc_w.l(memcpya.o)
    0x000194c0   0x00000024   Code   RO         7601    .text               mc_w.l(memseta.o)
    0x000194e4   0x0000000e   Code   RO         7603    .text               mc_w.l(strlen.o)
    0x000194f2   0x0000001a   Code   RO         7607    .text               mc_w.l(memcmp.o)
    0x0001950c   0x00000012   Code   RO         7609    .text               mc_w.l(strcpy.o)
    0x0001951e   0x00000020   Code   RO         7628    .text               mc_w.l(llushr.o)
    0x0001953e   0x00000002   PAD
    0x00019540   0x00000024   Code   RO         7631    .text               mc_w.l(init.o)
    0x00019564   0x00000056   Code   RO         7641    .text               mc_w.l(__dczerorl2.o)
    0x000195ba   0x00000002   PAD
    0x000195bc   0x00000088   Code   RO         1166    i.AES128_CBC_encrypt_buffer  aes.o
    0x00019644   0x00000040   Code   RO         1169    i.AddRoundKey       aes.o
    0x00019684   0x00000010   Code   RO         1170    i.BlockCopy         aes.o
    0x00019694   0x00000038   Code   RO         1171    i.Cipher            aes.o
    0x000196cc   0x00000030   Code   RO            4    i.DFU_timer_handler  main.o
    0x000196fc   0x00000020   Code   RO            5    i.DFU_timer_init    main.o
    0x0001971c   0x00000164   Code   RO         2871    i.GPIOTE_IRQHandler  nrfx_gpiote.o
    0x00019880   0x000000c4   Code   RO         1176    i.KeyExpansion      aes.o
    0x00019944   0x00000098   Code   RO         1177    i.MixColumns        aes.o
    0x000199dc   0x00000058   Code   RO         2733    i.POWER_CLOCK_IRQHandler  nrfx_clock.o
    0x00019a34   0x00000028   Code   RO         3829    i.RNG_IRQHandler    nrfx_rng.o
    0x00019a5c   0x00000010   Code   RO         4431    i.RTC1_IRQHandler   drv_rtc.o
    0x00019a6c   0x00000004   Code   RO         6575    i.SEGGER_RTT_Init   segger_rtt.o
    0x00019a70   0x0000005c   Code   RO         6589    i.SEGGER_RTT_WriteNoLock  segger_rtt.o
    0x00019acc   0x00000004   Code   RO         6923    i.SWI2_IRQHandler   nrf_sdh.o
    0x00019ad0   0x0000003c   Code   RO         1179    i.ShiftRows         aes.o
    0x00019b0c   0x00000030   Code   RO         1180    i.SubBytes          aes.o
    0x00019b3c   0x00000300   Code   RO         7512    i.SystemInit        system_nrf52810.o
    0x00019e3c   0x00000010   Code   RO         3604    i.TWIM0_TWIS0_TWI0_IRQHandler  nrfx_twim.o
    0x00019e4c   0x0000000c   Code   RO         3140    i.UARTE0_UART0_IRQHandler  nrfx_prs.o
    0x00019e58   0x00000034   Code   RO            7    i.UART_timer_handler  main.o
    0x00019e8c   0x00000020   Code   RO            8    i.UART_timer_init   main.o
    0x00019eac   0x000000a0   Code   RO          718    i.UTC_timer_handler  app.o
    0x00019f4c   0x00000010   Code   RO          832    i.UTC_timer_handler  test.o
    0x00019f5c   0x00000024   Code   RO         3889    i.WDT_IRQHandler    nrfx_wdt.o
    0x00019f80   0x0000006e   Code   RO          719    i.Whitelist_exists  app.o
    0x00019fee   0x00000002   PAD
    0x00019ff0   0x00000020   Code   RO         1181    i.XorWithIv         aes.o
    0x0001a010   0x00000068   Code   RO         6593    i._DoInit           segger_rtt.o
    0x0001a078   0x00000016   Code   RO         6594    i._GetAvailWriteSpace  segger_rtt.o
    0x0001a08e   0x0000005a   Code   RO         6596    i._WriteBlocking    segger_rtt.o
    0x0001a0e8   0x00000042   Code   RO         6597    i._WriteNoCheck     segger_rtt.o
    0x0001a12a   0x0000000e   Code   RO         7635    i.__scatterload_copy  mc_w.l(handlers.o)
    0x0001a138   0x00000002   Code   RO         7636    i.__scatterload_null  mc_w.l(handlers.o)
    0x0001a13a   0x0000000e   Code   RO         7637    i.__scatterload_zeroinit  mc_w.l(handlers.o)
    0x0001a148   0x00000024   Code   RO         6924    i.__sd_nvic_app_accessible_irq  nrf_sdh.o
    0x0001a16c   0x000000d8   Code   RO            9    i.ack_find          main.o
    0x0001a244   0x00000098   Code   RO          874    i.add_whilt_list    feng_fstorage.o
    0x0001a2dc   0x0000000c   Code   RO         5337    i.addr_is_aligned32  nrf_fstorage.o
    0x0001a2e8   0x00000018   Code   RO         5338    i.addr_is_within_bounds  nrf_fstorage.o
    0x0001a300   0x00000008   Code   RO         1712    i.adv_set_data_size_max_get  ble_advertising.o
    0x0001a308   0x00000036   Code   RO         1499    i.advertising_buttons_configure  bsp_btn_ble.o
    0x0001a33e   0x00000002   PAD
    0x0001a340   0x000000a0   Code   RO           10    i.advertising_init  main.o
    0x0001a3e0   0x00000034   Code   RO           11    i.advertising_start  main.o
    0x0001a414   0x00000014   Code   RO           12    i.advertising_stop  main.o
    0x0001a428   0x000000b0   Code   RO           13    i.app_connect       main.o
    0x0001a4d8   0x000000a8   Code   RO           14    i.app_disconnect    main.o
    0x0001a580   0x00000084   Code   RO         4112    i.app_error_fault_handler  app_error_weak.o
    0x0001a604   0x00000016   Code   RO         4056    i.app_error_handler_bare  app_error.o
    0x0001a61a   0x00000016   Code   RO         5989    i.app_fifo_get      app_fifo.o
    0x0001a630   0x00000020   Code   RO         5990    i.app_fifo_init     app_fifo.o
    0x0001a650   0x0000001a   Code   RO         5992    i.app_fifo_put      app_fifo.o
    0x0001a66a   0x00000004   Code   RO           15    i.app_shutdown_handler  main.o
    0x0001a66e   0x00000002   PAD
    0x0001a670   0x0000000c   Code   RO         4198    i.app_timer_cnt_get  app_timer2.o
    0x0001a67c   0x00000016   Code   RO         4199    i.app_timer_create  app_timer2.o
    0x0001a692   0x00000002   PAD
    0x0001a694   0x0000005c   Code   RO         4200    i.app_timer_init    app_timer2.o
    0x0001a6f0   0x00000030   Code   RO         4203    i.app_timer_start   app_timer2.o
    0x0001a720   0x0000000c   Code   RO         4204    i.app_timer_stop    app_timer2.o
    0x0001a72c   0x00000028   Code   RO         5896    i.app_uart_close    app_uart_fifo.o
    0x0001a754   0x00000034   Code   RO         5898    i.app_uart_get      app_uart_fifo.o
    0x0001a788   0x000000a4   Code   RO         5899    i.app_uart_init     app_uart_fifo.o
    0x0001a82c   0x00000080   Code   RO         5900    i.app_uart_put      app_uart_fifo.o
    0x0001a8ac   0x00000048   Code   RO         4336    i.app_util_critical_region_enter  app_util_platform.o
    0x0001a8f4   0x00000034   Code   RO         4337    i.app_util_critical_region_exit  app_util_platform.o
    0x0001a928   0x00000088   Code   RO         3194    i.apply_config      nrfx_uart.o
    0x0001a9b0   0x00000088   Code   RO         3382    i.apply_config      nrfx_uarte.o
    0x0001aa38   0x00000018   Code   RO          875    i.bath_read         feng_fstorage.o
    0x0001aa50   0x00000048   Code   RO         2369    i.blcm_link_ctx_get  ble_link_ctx_manager.o
    0x0001aa98   0x00000182   Code   RO         1606    i.ble_advdata_encode  ble_advdata.o
    0x0001ac1a   0x00000020   Code   RO         1608    i.ble_advdata_parse  ble_advdata.o
    0x0001ac3a   0x00000040   Code   RO         1609    i.ble_advdata_search  ble_advdata.o
    0x0001ac7a   0x00000006   Code   RO         1714    i.ble_advertising_conn_cfg_tag_set  ble_advertising.o
    0x0001ac80   0x000000f8   Code   RO         1715    i.ble_advertising_init  ble_advertising.o
    0x0001ad78   0x00000008   Code   RO         1716    i.ble_advertising_modes_config_set  ble_advertising.o
    0x0001ad80   0x0000006a   Code   RO         1717    i.ble_advertising_on_ble_evt  ble_advertising.o
    0x0001adea   0x00000202   Code   RO         1720    i.ble_advertising_start  ble_advertising.o
    0x0001afec   0x00000068   Code   RO         1805    i.ble_conn_params_init  ble_conn_params.o
    0x0001b054   0x00000012   Code   RO         1880    i.ble_conn_state_conn_idx  ble_conn_state.o
    0x0001b066   0x00000002   PAD
    0x0001b068   0x00000014   Code   RO         1882    i.ble_conn_state_for_each_connected  ble_conn_state.o
    0x0001b07c   0x00000014   Code   RO         1894    i.ble_conn_state_valid  ble_conn_state.o
    0x0001b090   0x00000060   Code   RO         1612    i.ble_device_addr_encode  ble_advdata.o
    0x0001b0f0   0x00000024   Code   RO         7444    i.ble_dfu_buttonless_async_svci_init  ble_dfu_unbonded.o
    0x0001b114   0x00000014   Code   RO         7445    i.ble_dfu_buttonless_backend_init  ble_dfu_unbonded.o
    0x0001b128   0x0000002c   Code   RO         7343    i.ble_dfu_buttonless_bootloader_start_finalize  ble_dfu.o
    0x0001b154   0x00000018   Code   RO         7446    i.ble_dfu_buttonless_bootloader_start_prepare  ble_dfu_unbonded.o
    0x0001b16c   0x00000050   Code   RO         7447    i.ble_dfu_buttonless_char_add  ble_dfu_unbonded.o
    0x0001b1bc   0x00000070   Code   RO         7344    i.ble_dfu_buttonless_init  ble_dfu.o
    0x0001b22c   0x00000080   Code   RO         7345    i.ble_dfu_buttonless_on_ble_evt  ble_dfu.o
    0x0001b2ac   0x000000dc   Code   RO         7448    i.ble_dfu_buttonless_on_ctrl_pt_write  ble_dfu_unbonded.o
    0x0001b388   0x00000060   Code   RO         7449    i.ble_dfu_buttonless_on_sys_evt  ble_dfu_unbonded.o
    0x0001b3e8   0x00000054   Code   RO         7346    i.ble_dfu_buttonless_resp_send  ble_dfu.o
    0x0001b43c   0x000001a0   Code   RO           17    i.ble_dfu_evt_handler  main.o
    0x0001b5dc   0x00000394   Code   RO           18    i.ble_evt_handler   main.o
    0x0001b970   0x00000070   Code   RO         1500    i.ble_evt_handler   bsp_btn_ble.o
    0x0001b9e0   0x000000fc   Code   RO         1807    i.ble_evt_handler   ble_conn_params.o
    0x0001badc   0x00000118   Code   RO         1895    i.ble_evt_handler   ble_conn_state.o
    0x0001bbf4   0x00000270   Code   RO         7190    i.ble_hids_init     ble_hids.o
    0x0001be64   0x00000022   Code   RO         7192    i.ble_hids_on_ble_evt  ble_hids.o
    0x0001be86   0x00000066   Code   RO         7133    i.ble_nus_data_send  ble_nus.o
    0x0001beec   0x000000d4   Code   RO         7134    i.ble_nus_init      ble_nus.o
    0x0001bfc0   0x00000070   Code   RO         7135    i.ble_nus_on_ble_evt  ble_nus.o
    0x0001c030   0x00000008   Code   RO         2049    i.ble_srv_is_indication_enabled  ble_srv_common.o
    0x0001c038   0x00000008   Code   RO         2050    i.ble_srv_is_notification_enabled  ble_srv_common.o
    0x0001c040   0x0000000c   Code   RO         2051    i.ble_srv_report_ref_encode  ble_srv_common.o
    0x0001c04c   0x0000006c   Code   RO         7194    i.boot_inp_rep_char_add  ble_hids.o
    0x0001c0b8   0x00000024   Code   RO         1276    i.bsp_board_led_invert  boards.o
    0x0001c0dc   0x00000010   Code   RO         1277    i.bsp_board_led_off  boards.o
    0x0001c0ec   0x00000010   Code   RO         1278    i.bsp_board_led_on  boards.o
    0x0001c0fc   0x00000020   Code   RO         1279    i.bsp_board_led_state_get  boards.o
    0x0001c11c   0x00000012   Code   RO         1280    i.bsp_board_leds_off  boards.o
    0x0001c12e   0x00000012   Code   RO         1281    i.bsp_board_leds_on  boards.o
    0x0001c140   0x00000024   Code   RO         1282    i.bsp_board_pin_to_button_idx  boards.o
    0x0001c164   0x00000090   Code   RO         1383    i.bsp_button_event_handler  bsp.o
    0x0001c1f4   0x00000044   Code   RO         1387    i.bsp_event_to_button_action_assign  bsp.o
    0x0001c238   0x00000018   Code   RO         1388    i.bsp_indication_set  bsp.o
    0x0001c250   0x000001c8   Code   RO         1390    i.bsp_led_indication  bsp.o
    0x0001c418   0x00000090   Code   RO         6330    i.buf_prealloc      nrf_log_frontend.o
    0x0001c4a8   0x0000002e   Code   RO         5297    i.buffer_add        nrf_fprintf_format.o
    0x0001c4d6   0x00000002   PAD
    0x0001c4d8   0x00000014   Code   RO         6331    i.buffer_is_empty   nrf_log_frontend.o
    0x0001c4ec   0x00000018   Code   RO           19    i.buttonless_dfu_sdh_state_observer  main.o
    0x0001c504   0x00000048   Code   RO         2873    i.channel_port_alloc  nrfx_gpiote.o
    0x0001c54c   0x00000010   Code   RO         2874    i.channel_port_get  nrfx_gpiote.o
    0x0001c55c   0x00000190   Code   RO         2052    i.characteristic_add  ble_srv_common.o
    0x0001c6ec   0x00000028   Code   RO         2393    i.clock_clk_started_notify  nrf_drv_clock.o
    0x0001c714   0x0000001c   Code   RO         2394    i.clock_irq_handler  nrf_drv_clock.o
    0x0001c730   0x00000018   Code   RO         4206    i.compare_func      app_timer2.o
    0x0001c748   0x0000003e   Code   RO         1896    i.conn_handle_list_get  ble_conn_state.o
    0x0001c786   0x00000088   Code   RO         1613    i.conn_int_encode   ble_advdata.o
    0x0001c80e   0x00000004   Code   RO           20    i.conn_params_error_handler  main.o
    0x0001c812   0x00000002   PAD
    0x0001c814   0x00000048   Code   RO         1808    i.conn_params_negotiation  ble_conn_params.o
    0x0001c85c   0x00000026   Code   RO         6076    i.continous_items_get  nrf_queue.o
    0x0001c882   0x00000002   PAD
    0x0001c884   0x0000008c   Code   RO         4594    i.delete_execute    fds.o
    0x0001c910   0x000000aa   Code   RO         2053    i.descriptor_add    ble_srv_common.o
    0x0001c9ba   0x00000002   PAD
    0x0001c9bc   0x00000034   Code   RO           21    i.disconnect        main.o
    0x0001c9f0   0x00000010   Code   RO           22    i.disconnect_app    main.o
    0x0001ca00   0x00000014   Code   RO         6332    i.dropped_sat16_get  nrf_log_frontend.o
    0x0001ca14   0x00000014   Code   RO         4432    i.drv_rtc_compare_disable  drv_rtc.o
    0x0001ca28   0x0000000e   Code   RO         4434    i.drv_rtc_compare_pending  drv_rtc.o
    0x0001ca36   0x00000050   Code   RO         4435    i.drv_rtc_compare_set  drv_rtc.o
    0x0001ca86   0x00000008   Code   RO         4436    i.drv_rtc_counter_get  drv_rtc.o
    0x0001ca8e   0x00000002   PAD
    0x0001ca90   0x000000d4   Code   RO         4437    i.drv_rtc_init      drv_rtc.o
    0x0001cb64   0x0000001a   Code   RO         4438    i.drv_rtc_irq_trigger  drv_rtc.o
    0x0001cb7e   0x00000008   Code   RO         4440    i.drv_rtc_overflow_enable  drv_rtc.o
    0x0001cb86   0x00000008   Code   RO         4441    i.drv_rtc_overflow_pending  drv_rtc.o
    0x0001cb8e   0x00000008   Code   RO         4442    i.drv_rtc_start     drv_rtc.o
    0x0001cb96   0x00000008   Code   RO         4443    i.drv_rtc_stop      drv_rtc.o
    0x0001cb9e   0x000000de   Code   RO         4448    i.drv_rtc_windowed_compare_set  drv_rtc.o
    0x0001cc7c   0x00000002   Code   RO         7347    i.dummy_evt_handler  ble_dfu.o
    0x0001cc7e   0x00000002   PAD
    0x0001cc80   0x0000004c   Code   RO         5424    i.erase             nrf_fstorage_sd.o
    0x0001cccc   0x0000004c   Code   RO         7513    i.errata_136        system_nrf52810.o
    0x0001cd18   0x0000004c   Code   RO         7514    i.errata_31         system_nrf52810.o
    0x0001cd64   0x0000004c   Code   RO         7515    i.errata_36         system_nrf52810.o
    0x0001cdb0   0x00000074   Code   RO         4595    i.event_prepare     fds.o
    0x0001ce24   0x00000020   Code   RO         4596    i.event_send        fds.o
    0x0001ce44   0x00000054   Code   RO         5425    i.event_send        nrf_fstorage_sd.o
    0x0001ce98   0x00000012   Code   RO         4449    i.evt_enable        drv_rtc.o
    0x0001ceaa   0x00000014   Code   RO         4450    i.evt_pending       drv_rtc.o
    0x0001cebe   0x00000014   Code   RO         5995    i.fifo_get          app_fifo.o
    0x0001ced2   0x00000012   Code   RO         5996    i.fifo_put          app_fifo.o
    0x0001cee4   0x0000000a   Code   RO         1897    i.flag_toggle       ble_conn_state.o
    0x0001ceee   0x00000028   Code   RO         1722    i.flags_set         ble_advertising.o
    0x0001cf16   0x00000030   Code   RO         1898    i.for_each_set_flag  ble_conn_state.o
    0x0001cf46   0x00000006   Code   RO         4616    i.fs_event_handler  fds.o
    0x0001cf4c   0x00000020   Code   RO          876    i.fs_init           feng_fstorage.o
    0x0001cf6c   0x000000b4   Code   RO          877    i.fstorage_evt_handler  feng_fstorage.o
    0x0001d020   0x00000060   Code   RO           23    i.gatt_evt_handler  main.o
    0x0001d080   0x00000078   Code   RO         4617    i.gc_execute        fds.o
    0x0001d0f8   0x0000004c   Code   RO         4618    i.gc_next_page      fds.o
    0x0001d144   0x00000040   Code   RO         4619    i.gc_page_erase     fds.o
    0x0001d184   0x00000034   Code   RO         4620    i.gc_record_copy    fds.o
    0x0001d1b8   0x00000024   Code   RO         4621    i.gc_record_find_next  fds.o
    0x0001d1dc   0x00000088   Code   RO         4622    i.gc_state_advance  fds.o
    0x0001d264   0x00000084   Code   RO          720    i.get_ble_work_stutes  app.o
    0x0001d2e8   0x00000034   Code   RO         4207    i.get_now           app_timer2.o
    0x0001d31c   0x00000020   Code   RO          721    i.guard_time_init   app.o
    0x0001d33c   0x0000002c   Code   RO          722    i.guard_time_manger  app.o
    0x0001d368   0x0000002c   Code   RO         4623    i.header_check      fds.o
    0x0001d394   0x00000012   Code   RO         4624    i.header_has_next   fds.o
    0x0001d3a6   0x00000062   Code   RO         7195    i.hid_information_char_add  ble_hids.o
    0x0001d408   0x000000e0   Code   RO           24    i.hids_init         main.o
    0x0001d4e8   0x00000034   Code   RO         5426    i.init              nrf_fstorage_sd.o
    0x0001d51c   0x000000c8   Code   RO         4625    i.init_execute      fds.o
    0x0001d5e4   0x0000006c   Code   RO         7196    i.inp_rep_characteristics_add  ble_hids.o
    0x0001d650   0x00000014   Code   RO         1809    i.instance_get      ble_conn_params.o
    0x0001d664   0x000000a6   Code   RO         5298    i.int_print         nrf_fprintf_format.o
    0x0001d70a   0x00000002   PAD
    0x0001d70c   0x00000084   Code   RO         3383    i.interrupts_enable  nrfx_uarte.o
    0x0001d790   0x00000034   Code   RO         6333    i.invalid_packets_omit  nrf_log_frontend.o
    0x0001d7c4   0x00000012   Code   RO           27    i.irqio_init        main.o
    0x0001d7d6   0x00000002   PAD
    0x0001d7d8   0x00000010   Code   RO         5427    i.is_busy           nrf_fstorage_sd.o
    0x0001d7e8   0x00000044   Code   RO         1810    i.is_conn_params_ok  ble_conn_params.o
    0x0001d82c   0x0000000c   Code   RO         4626    i.is_word_aligned   fds.o
    0x0001d838   0x00000030   Code   RO         1394    i.leds_off          bsp.o
    0x0001d868   0x00000010   Code   RO         2110    i.link_init         nrf_ble_gatt.o
    0x0001d878   0x0000009c   Code   RO         6334    i.log_skip          nrf_log_frontend.o
    0x0001d914   0x00000288   Code   RO           28    i.main              main.o
    0x0001db9c   0x00000012   Code   RO         7197    i.make_char_id      ble_hids.o
    0x0001dbae   0x00000064   Code   RO         1614    i.manuf_specific_data_encode  ble_advdata.o
    0x0001dc12   0x0000007e   Code   RO         5536    i.memobj_op         nrf_memobj.o
    0x0001dc90   0x00000030   Code   RO         6335    i.module_idx_get    nrf_log_frontend.o
    0x0001dcc0   0x000000a6   Code   RO         1615    i.name_encode       ble_advdata.o
    0x0001dd66   0x0000001e   Code   RO           29    i.nrf52810_outio_irq  main.o
    0x0001dd84   0x00000010   Code   RO         4951    i.nrf_atfifo_clear  nrf_atfifo.o
    0x0001dd94   0x00000026   Code   RO         4953    i.nrf_atfifo_init   nrf_atfifo.o
    0x0001ddba   0x00000016   Code   RO         4954    i.nrf_atfifo_item_alloc  nrf_atfifo.o
    0x0001ddd0   0x00000016   Code   RO         4955    i.nrf_atfifo_item_free  nrf_atfifo.o
    0x0001dde6   0x00000016   Code   RO         4956    i.nrf_atfifo_item_get  nrf_atfifo.o
    0x0001ddfc   0x00000016   Code   RO         4957    i.nrf_atfifo_item_put  nrf_atfifo.o
    0x0001de12   0x00000016   Code   RO         5019    i.nrf_atflags_clear  nrf_atflags.o
    0x0001de28   0x00000016   Code   RO         5024    i.nrf_atflags_get   nrf_atflags.o
    0x0001de3e   0x00000014   Code   RO         5026    i.nrf_atflags_set   nrf_atflags.o
    0x0001de52   0x00000006   Code   RO         5087    i.nrf_atomic_flag_clear_fetch  nrf_atomic.o
    0x0001de58   0x00000006   Code   RO         5088    i.nrf_atomic_flag_set  nrf_atomic.o
    0x0001de5e   0x00000006   Code   RO         5089    i.nrf_atomic_flag_set_fetch  nrf_atomic.o
    0x0001de64   0x0000000c   Code   RO         5090    i.nrf_atomic_u32_add  nrf_atomic.o
    0x0001de70   0x0000000c   Code   RO         5091    i.nrf_atomic_u32_and  nrf_atomic.o
    0x0001de7c   0x0000000a   Code   RO         5094    i.nrf_atomic_u32_fetch_and  nrf_atomic.o
    0x0001de86   0x0000000a   Code   RO         5095    i.nrf_atomic_u32_fetch_or  nrf_atomic.o
    0x0001de90   0x0000000a   Code   RO         5096    i.nrf_atomic_u32_fetch_store  nrf_atomic.o
    0x0001de9a   0x0000000c   Code   RO         5100    i.nrf_atomic_u32_or  nrf_atomic.o
    0x0001dea6   0x0000000c   Code   RO         5102    i.nrf_atomic_u32_sub  nrf_atomic.o
    0x0001deb2   0x00000044   Code   RO         5221    i.nrf_balloc_alloc  nrf_balloc.o
    0x0001def6   0x00000030   Code   RO         5222    i.nrf_balloc_free   nrf_balloc.o
    0x0001df26   0x00000030   Code   RO         5223    i.nrf_balloc_init   nrf_balloc.o
    0x0001df56   0x00000010   Code   RO         2875    i.nrf_bitmask_bit_is_set  nrfx_gpiote.o
    0x0001df66   0x00000014   Code   RO         2876    i.nrf_bitmask_bit_set  nrfx_gpiote.o
    0x0001df7a   0x00000018   Code   RO         2112    i.nrf_ble_gatt_att_mtu_periph_set  nrf_ble_gatt.o
    0x0001df92   0x00000022   Code   RO         2114    i.nrf_ble_gatt_init  nrf_ble_gatt.o
    0x0001dfb4   0x000000f4   Code   RO         2115    i.nrf_ble_gatt_on_ble_evt  nrf_ble_gatt.o
    0x0001e0a8   0x00000016   Code   RO         2185    i.nrf_ble_qwr_conn_handle_assign  nrf_ble_qwr.o
    0x0001e0be   0x00000024   Code   RO         2186    i.nrf_ble_qwr_init  nrf_ble_qwr.o
    0x0001e0e2   0x000000b6   Code   RO         2187    i.nrf_ble_qwr_on_ble_evt  nrf_ble_qwr.o
    0x0001e198   0x0000000e   Code   RO         2734    i.nrf_clock_event_check  nrfx_clock.o
    0x0001e1a6   0x00000010   Code   RO         2735    i.nrf_clock_event_clear  nrfx_clock.o
    0x0001e1b6   0x00000002   PAD
    0x0001e1b8   0x00000020   Code   RO           32    i.nrf_delay_ms      main.o
    0x0001e1d8   0x00000020   Code   RO          878    i.nrf_delay_ms      feng_fstorage.o
    0x0001e1f8   0x000000dc   Code   RO         7313    i.nrf_dfu_svci_vector_table_set  nrf_dfu_svci.o
    0x0001e2d4   0x000000a0   Code   RO         7314    i.nrf_dfu_svci_vector_table_unset  nrf_dfu_svci.o
    0x0001e374   0x00000038   Code   RO         2401    i.nrf_drv_clock_init  nrf_drv_clock.o
    0x0001e3ac   0x00000030   Code   RO         2405    i.nrf_drv_clock_lfclk_release  nrf_drv_clock.o
    0x0001e3dc   0x00000020   Code   RO         3750    i.nrf_drv_rng_bytes_available  nrf_drv_rng.o
    0x0001e3fc   0x00000058   Code   RO         3751    i.nrf_drv_rng_init  nrf_drv_rng.o
    0x0001e454   0x00000060   Code   RO         3752    i.nrf_drv_rng_rand  nrf_drv_rng.o
    0x0001e4b4   0x00000040   Code   RO         3542    i.nrf_drv_twi_init  nrf_drv_twi.o
    0x0001e4f4   0x0000000e   Code   RO         1041    i.nrf_drv_twi_tx    feng_twi.o
    0x0001e502   0x00000002   PAD
    0x0001e504   0x00000068   Code   RO         2542    i.nrf_drv_uart_init  nrf_drv_uart.o
    0x0001e56c   0x00000020   Code   RO         5901    i.nrf_drv_uart_rx   app_uart_fifo.o
    0x0001e58c   0x00000020   Code   RO         5902    i.nrf_drv_uart_tx   app_uart_fifo.o
    0x0001e5ac   0x0000001a   Code   RO         5258    i.nrf_fprintf       nrf_fprintf.o
    0x0001e5c6   0x00000018   Code   RO         5259    i.nrf_fprintf_buffer_flush  nrf_fprintf.o
    0x0001e5de   0x000001da   Code   RO         5299    i.nrf_fprintf_fmt   nrf_fprintf_format.o
    0x0001e7b8   0x00000138   Code   RO         5339    i.nrf_fstorage_erase  nrf_fstorage.o
    0x0001e8f0   0x00000094   Code   RO         5340    i.nrf_fstorage_init  nrf_fstorage.o
    0x0001e984   0x00000050   Code   RO         5341    i.nrf_fstorage_is_busy  nrf_fstorage.o
    0x0001e9d4   0x00000160   Code   RO         5342    i.nrf_fstorage_read  nrf_fstorage.o
    0x0001eb34   0x00000018   Code   RO         5428    i.nrf_fstorage_sdh_req_handler  nrf_fstorage_sd.o
    0x0001eb4c   0x00000020   Code   RO         5429    i.nrf_fstorage_sdh_state_handler  nrf_fstorage_sd.o
    0x0001eb6c   0x000000a4   Code   RO         5430    i.nrf_fstorage_sys_evt_handler  nrf_fstorage_sd.o
    0x0001ec10   0x000001dc   Code   RO         5346    i.nrf_fstorage_write  nrf_fstorage.o
    0x0001edec   0x00000024   Code   RO         2877    i.nrf_gpio_cfg      nrfx_gpiote.o
    0x0001ee10   0x00000024   Code   RO         3195    i.nrf_gpio_cfg      nrfx_uart.o
    0x0001ee34   0x00000024   Code   RO         3384    i.nrf_gpio_cfg      nrfx_uarte.o
    0x0001ee58   0x00000024   Code   RO         3605    i.nrf_gpio_cfg      nrfx_twim.o
    0x0001ee7c   0x00000012   Code   RO         3196    i.nrf_gpio_cfg_default  nrfx_uart.o
    0x0001ee8e   0x00000012   Code   RO         3385    i.nrf_gpio_cfg_default  nrfx_uarte.o
    0x0001eea0   0x00000012   Code   RO         3197    i.nrf_gpio_cfg_input  nrfx_uart.o
    0x0001eeb2   0x00000012   Code   RO         3386    i.nrf_gpio_cfg_input  nrfx_uarte.o
    0x0001eec4   0x00000010   Code   RO           33    i.nrf_gpio_cfg_output  main.o
    0x0001eed4   0x00000014   Code   RO         3198    i.nrf_gpio_cfg_output  nrfx_uart.o
    0x0001eee8   0x00000014   Code   RO         3387    i.nrf_gpio_cfg_output  nrfx_uarte.o
    0x0001eefc   0x00000022   Code   RO         2879    i.nrf_gpio_cfg_sense_set  nrfx_gpiote.o
    0x0001ef1e   0x0000000e   Code   RO           34    i.nrf_gpio_pin_clear  main.o
    0x0001ef2c   0x0000000e   Code   RO         3543    i.nrf_gpio_pin_set  nrf_drv_twi.o
    0x0001ef3a   0x00000016   Code   RO         1285    i.nrf_gpio_pin_write  boards.o
    0x0001ef50   0x00000028   Code   RO         2880    i.nrf_gpio_ports_read  nrfx_gpiote.o
    0x0001ef78   0x00000014   Code   RO         2881    i.nrf_gpiote_event_clear  nrfx_gpiote.o
    0x0001ef8c   0x00000010   Code   RO         2882    i.nrf_gpiote_event_is_set  nrfx_gpiote.o
    0x0001ef9c   0x0000005c   Code   RO         6336    i.nrf_log_backend_add  nrf_log_frontend.o
    0x0001eff8   0x00000002   Code   RO         6194    i.nrf_log_backend_rtt_flush  nrf_log_backend_rtt.o
    0x0001effa   0x00000004   Code   RO         6195    i.nrf_log_backend_rtt_init  nrf_log_backend_rtt.o
    0x0001effe   0x00000002   Code   RO         6196    i.nrf_log_backend_rtt_panic_set  nrf_log_backend_rtt.o
    0x0001f000   0x00000018   Code   RO         6197    i.nrf_log_backend_rtt_put  nrf_log_backend_rtt.o
    0x0001f018   0x000000c8   Code   RO         6260    i.nrf_log_backend_serial_put  nrf_log_backend_serial.o
    0x0001f0e0   0x00000030   Code   RO         6338    i.nrf_log_color_id_get  nrf_log_frontend.o
    0x0001f110   0x0000001c   Code   RO         6294    i.nrf_log_default_backends_init  nrf_log_default_backends.o
    0x0001f12c   0x00000234   Code   RO         6339    i.nrf_log_frontend_dequeue  nrf_log_frontend.o
    0x0001f360   0x00000008   Code   RO         6341    i.nrf_log_frontend_std_0  nrf_log_frontend.o
    0x0001f368   0x0000000e   Code   RO         6342    i.nrf_log_frontend_std_1  nrf_log_frontend.o
    0x0001f376   0x00000010   Code   RO         6343    i.nrf_log_frontend_std_2  nrf_log_frontend.o
    0x0001f386   0x00000012   Code   RO         6344    i.nrf_log_frontend_std_3  nrf_log_frontend.o
    0x0001f398   0x000000b0   Code   RO         6516    i.nrf_log_hexdump_entry_process  nrf_log_str_formatter.o
    0x0001f448   0x0000003c   Code   RO         6348    i.nrf_log_init      nrf_log_frontend.o
    0x0001f484   0x00000014   Code   RO         6349    i.nrf_log_module_cnt_get  nrf_log_frontend.o
    0x0001f498   0x0000001c   Code   RO         6352    i.nrf_log_module_name_get  nrf_log_frontend.o
    0x0001f4b4   0x0000002c   Code   RO         6353    i.nrf_log_panic     nrf_log_frontend.o
    0x0001f4e0   0x000000b6   Code   RO         6517    i.nrf_log_std_entry_process  nrf_log_str_formatter.o
    0x0001f596   0x00000060   Code   RO         5537    i.nrf_memobj_alloc  nrf_memobj.o
    0x0001f5f6   0x00000032   Code   RO         5538    i.nrf_memobj_free   nrf_memobj.o
    0x0001f628   0x00000008   Code   RO         5539    i.nrf_memobj_get    nrf_memobj.o
    0x0001f630   0x00000004   Code   RO         5540    i.nrf_memobj_pool_init  nrf_memobj.o
    0x0001f634   0x0000001e   Code   RO         5541    i.nrf_memobj_put    nrf_memobj.o
    0x0001f652   0x00000010   Code   RO         5542    i.nrf_memobj_read   nrf_memobj.o
    0x0001f662   0x00000010   Code   RO         5543    i.nrf_memobj_write  nrf_memobj.o
    0x0001f672   0x00000002   PAD
    0x0001f674   0x00000028   Code   RO         5615    i.nrf_pwr_mgmt_init  nrf_pwr_mgmt.o
    0x0001f69c   0x00000014   Code   RO         5616    i.nrf_pwr_mgmt_run  nrf_pwr_mgmt.o
    0x0001f6b0   0x0000003c   Code   RO         5617    i.nrf_pwr_mgmt_shutdown  nrf_pwr_mgmt.o
    0x0001f6ec   0x0000001e   Code   RO         6081    i.nrf_queue_is_full  nrf_queue.o
    0x0001f70a   0x0000000e   Code   RO         6084    i.nrf_queue_next_idx  nrf_queue.o
    0x0001f718   0x000000b2   Code   RO         6086    i.nrf_queue_push    nrf_queue.o
    0x0001f7ca   0x0000003e   Code   RO         6087    i.nrf_queue_read    nrf_queue.o
    0x0001f808   0x00000024   Code   RO         6089    i.nrf_queue_utilization_get  nrf_queue.o
    0x0001f82c   0x00000004   Code   RO           35    i.nrf_qwr_error_handler  main.o
    0x0001f830   0x0000001c   Code   RO         5685    i.nrf_ringbuf_init  nrf_ringbuf.o
    0x0001f84c   0x0000000c   Code   RO         4451    i.nrf_rtc_event_clear  drv_rtc.o
    0x0001f858   0x00000014   Code   RO         7044    i.nrf_sdh_ble_app_ram_start_get  nrf_sdh_ble.o
    0x0001f86c   0x0000012c   Code   RO         7045    i.nrf_sdh_ble_default_cfg_set  nrf_sdh_ble.o
    0x0001f998   0x00000130   Code   RO         7046    i.nrf_sdh_ble_enable  nrf_sdh_ble.o
    0x0001fac8   0x00000060   Code   RO         7047    i.nrf_sdh_ble_evts_poll  nrf_sdh_ble.o
    0x0001fb28   0x00000054   Code   RO         6925    i.nrf_sdh_disable_request  nrf_sdh.o
    0x0001fb7c   0x00000074   Code   RO         6926    i.nrf_sdh_enable_request  nrf_sdh.o
    0x0001fbf0   0x00000024   Code   RO         6927    i.nrf_sdh_evts_poll  nrf_sdh.o
    0x0001fc14   0x0000000c   Code   RO         6928    i.nrf_sdh_is_enabled  nrf_sdh.o
    0x0001fc20   0x0000001c   Code   RO         6930    i.nrf_sdh_request_continue  nrf_sdh.o
    0x0001fc3c   0x0000003c   Code   RO         7098    i.nrf_sdh_soc_evts_poll  nrf_sdh_soc.o
    0x0001fc78   0x0000000a   Code   RO         5743    i.nrf_section_iter_init  nrf_section_iter.o
    0x0001fc82   0x00000024   Code   RO         5744    i.nrf_section_iter_item_set  nrf_section_iter.o
    0x0001fca6   0x00000020   Code   RO         5745    i.nrf_section_iter_next  nrf_section_iter.o
    0x0001fcc6   0x00000022   Code   RO         5778    i.nrf_sortlist_add  nrf_sortlist.o
    0x0001fce8   0x00000006   Code   RO         5780    i.nrf_sortlist_peek  nrf_sortlist.o
    0x0001fcee   0x0000000e   Code   RO         5781    i.nrf_sortlist_pop  nrf_sortlist.o
    0x0001fcfc   0x0000001e   Code   RO         5782    i.nrf_sortlist_remove  nrf_sortlist.o
    0x0001fd1a   0x00000002   PAD
    0x0001fd1c   0x00000038   Code   RO         5834    i.nrf_strerror_find  nrf_strerror.o
    0x0001fd54   0x00000014   Code   RO         5835    i.nrf_strerror_get  nrf_strerror.o
    0x0001fd68   0x00000044   Code   RO         1042    i.nrf_twi_rx        feng_twi.o
    0x0001fdac   0x0000000a   Code   RO         3607    i.nrf_twim_event_check  nrfx_twim.o
    0x0001fdb6   0x0000000c   Code   RO         3608    i.nrf_twim_event_clear  nrfx_twim.o
    0x0001fdc2   0x0000000a   Code   RO         3199    i.nrf_uart_event_check  nrfx_uart.o
    0x0001fdcc   0x0000000c   Code   RO         3200    i.nrf_uart_event_clear  nrfx_uart.o
    0x0001fdd8   0x0000000c   Code   RO         3201    i.nrf_uart_int_enable_check  nrfx_uart.o
    0x0001fde4   0x0000000a   Code   RO         3388    i.nrf_uarte_event_check  nrfx_uarte.o
    0x0001fdee   0x0000000c   Code   RO         3389    i.nrf_uarte_event_clear  nrfx_uarte.o
    0x0001fdfa   0x00000002   PAD
    0x0001fdfc   0x0000002c   Code   RO         2740    i.nrfx_clock_enable  nrfx_clock.o
    0x0001fe28   0x00000020   Code   RO         2743    i.nrfx_clock_init   nrfx_clock.o
    0x0001fe48   0x0000001c   Code   RO         2746    i.nrfx_clock_lfclk_stop  nrfx_clock.o
    0x0001fe64   0x00000010   Code   RO         3544    i.nrfx_coredep_delay_us  nrf_drv_twi.o
    0x0001fe74   0x00000010   Code   RO         4452    i.nrfx_coredep_delay_us  drv_rtc.o
    0x0001fe84   0x000000a4   Code   RO         2887    i.nrfx_gpiote_in_event_enable  nrfx_gpiote.o
    0x0001ff28   0x000000d0   Code   RO         2888    i.nrfx_gpiote_in_init  nrfx_gpiote.o
    0x0001fff8   0x00000010   Code   RO         3390    i.nrfx_is_in_ram    nrfx_uarte.o
    0x00020008   0x00000010   Code   RO         3609    i.nrfx_is_in_ram    nrfx_twim.o
    0x00020018   0x0000003a   Code   RO         3141    i.nrfx_prs_acquire  nrfx_prs.o
    0x00020052   0x00000012   Code   RO         3142    i.nrfx_prs_release  nrfx_prs.o
    0x00020064   0x00000038   Code   RO         3754    i.nrfx_rng_handler  nrf_drv_rng.o
    0x0002009c   0x00000058   Code   RO         3830    i.nrfx_rng_init     nrfx_rng.o
    0x000200f4   0x00000020   Code   RO         3831    i.nrfx_rng_start    nrfx_rng.o
    0x00020114   0x00000014   Code   RO         3832    i.nrfx_rng_stop     nrfx_rng.o
    0x00020128   0x00000028   Code   RO         3833    i.nrfx_rng_uninit   nrfx_rng.o
    0x00020150   0x00000024   Code   RO         3611    i.nrfx_twim_enable  nrfx_twim.o
    0x00020174   0x000000e0   Code   RO         3612    i.nrfx_twim_init    nrfx_twim.o
    0x00020254   0x00000030   Code   RO         3614    i.nrfx_twim_rx      nrfx_twim.o
    0x00020284   0x00000036   Code   RO         3617    i.nrfx_twim_tx      nrfx_twim.o
    0x000202ba   0x00000002   PAD
    0x000202bc   0x00000028   Code   RO         3619    i.nrfx_twim_xfer    nrfx_twim.o
    0x000202e4   0x00000010   Code   RO         3202    i.nrfx_uart_0_irq_handler  nrfx_uart.o
    0x000202f4   0x000000d0   Code   RO         3204    i.nrfx_uart_init    nrfx_uart.o
    0x000203c4   0x000000ec   Code   RO         3205    i.nrfx_uart_rx      nrfx_uart.o
    0x000204b0   0x000000a8   Code   RO         3210    i.nrfx_uart_tx      nrfx_uart.o
    0x00020558   0x00000020   Code   RO         3212    i.nrfx_uart_tx_in_progress  nrfx_uart.o
    0x00020578   0x000000b4   Code   RO         3213    i.nrfx_uart_uninit  nrfx_uart.o
    0x0002062c   0x00000010   Code   RO         3391    i.nrfx_uarte_0_irq_handler  nrfx_uarte.o
    0x0002063c   0x0000006c   Code   RO         3393    i.nrfx_uarte_init   nrfx_uarte.o
    0x000206a8   0x00000104   Code   RO         3394    i.nrfx_uarte_rx     nrfx_uarte.o
    0x000207ac   0x000000ac   Code   RO         3397    i.nrfx_uarte_tx     nrfx_uarte.o
    0x00020858   0x0000001c   Code   RO         3399    i.nrfx_uarte_tx_in_progress  nrfx_uarte.o
    0x00020874   0x000000e0   Code   RO         3400    i.nrfx_uarte_uninit  nrfx_uarte.o
    0x00020954   0x00000044   Code   RO         3890    i.nrfx_wdt_channel_alloc  nrfx_wdt.o
    0x00020998   0x00000018   Code   RO         3891    i.nrfx_wdt_channel_feed  nrfx_wdt.o
    0x000209b0   0x0000001c   Code   RO         3892    i.nrfx_wdt_enable   nrfx_wdt.o
    0x000209cc   0x00000058   Code   RO         3894    i.nrfx_wdt_init     nrfx_wdt.o
    0x00020a24   0x0000005c   Code   RO           36    i.nus_data_handler  main.o
    0x00020a80   0x00000050   Code   RO           37    i.on_adv_evt        main.o
    0x00020ad0   0x0000001c   Code   RO           38    i.on_conn_params_evt  main.o
    0x00020aec   0x0000006a   Code   RO         7136    i.on_connect        ble_nus.o
    0x00020b56   0x00000002   PAD
    0x00020b58   0x000000ac   Code   RO         7198    i.on_connect        ble_hids.o
    0x00020c04   0x0000008c   Code   RO         2116    i.on_connected_evt  nrf_ble_gatt.o
    0x00020c90   0x0000006c   Code   RO         7348    i.on_ctrlpt_write   ble_dfu.o
    0x00020cfc   0x000000b0   Code   RO         2117    i.on_exchange_mtu_request_evt  nrf_ble_gatt.o
    0x00020dac   0x00000024   Code   RO           39    i.on_hids_evt       main.o
    0x00020dd0   0x0000005e   Code   RO         7199    i.on_protocol_mode_read_auth  ble_hids.o
    0x00020e2e   0x0000003c   Code   RO         7200    i.on_report_cccd_write  ble_hids.o
    0x00020e6a   0x00000084   Code   RO         7201    i.on_report_value_read_auth  ble_hids.o
    0x00020eee   0x00000076   Code   RO         7202    i.on_report_value_write  ble_hids.o
    0x00020f64   0x000000ce   Code   RO         7203    i.on_rw_authorize_request  ble_hids.o
    0x00021032   0x00000084   Code   RO         7137    i.on_write          ble_nus.o
    0x000210b6   0x00000002   PAD
    0x000210b8   0x000001a8   Code   RO         7204    i.on_write          ble_hids.o
    0x00021260   0x0000001c   Code   RO         4628    i.page_offsets_update  fds.o
    0x0002127c   0x0000001c   Code   RO         4630    i.page_tag_write_data  fds.o
    0x00021298   0x00000024   Code   RO         4631    i.page_tag_write_swap  fds.o
    0x000212bc   0x00000012   Code   RO         1723    i.phy_is_valid      ble_advertising.o
    0x000212ce   0x00000002   PAD
    0x000212d0   0x00000018   Code   RO         2908    i.pin_in_use_by_port  nrfx_gpiote.o
    0x000212e8   0x00000018   Code   RO         2909    i.pin_in_use_by_te  nrfx_gpiote.o
    0x00021300   0x0000003c   Code   RO         6519    i.postfix_process   nrf_log_str_formatter.o
    0x0002133c   0x00000098   Code   RO         6520    i.prefix_process    nrf_log_str_formatter.o
    0x000213d4   0x000000b8   Code   RO          879    i.print_flash_info  feng_fstorage.o
    0x0002148c   0x00000018   Code   RO         3143    i.prs_box_get       nrfx_prs.o
    0x000214a4   0x00000014   Code   RO         5431    i.queue_free        nrf_fstorage_sd.o
    0x000214b8   0x000000a4   Code   RO         4635    i.queue_process     fds.o
    0x0002155c   0x000000a0   Code   RO         5432    i.queue_process     nrf_fstorage_sd.o
    0x000215fc   0x00000064   Code   RO         6091    i.queue_read        nrf_queue.o
    0x00021660   0x00000024   Code   RO         5433    i.queue_start       nrf_fstorage_sd.o
    0x00021684   0x00000018   Code   RO         6092    i.queue_utilization_get  nrf_queue.o
    0x0002169c   0x00000028   Code   RO          723    i.random_vector_generate  app.o
    0x000216c4   0x0000000e   Code   RO         5434    i.read              nrf_fstorage_sd.o
    0x000216d2   0x00000002   PAD
    0x000216d4   0x00000040   Code   RO         1044    i.read_tp_id        feng_twi.o
    0x00021714   0x00000090   Code   RO         4637    i.record_find       fds.o
    0x000217a4   0x000000a0   Code   RO         4638    i.record_find_by_desc  fds.o
    0x00021844   0x0000005c   Code   RO         4639    i.record_find_next  fds.o
    0x000218a0   0x0000003c   Code   RO         4640    i.record_header_flag_dirty  fds.o
    0x000218dc   0x0000009a   Code   RO         7205    i.rep_char_add      ble_hids.o
    0x00021976   0x000000be   Code   RO         7206    i.rep_map_char_add  ble_hids.o
    0x00021a34   0x000000f2   Code   RO         7207    i.rep_value_identify  ble_hids.o
    0x00021b26   0x00000004   Code   RO         5435    i.rmap              nrf_fstorage_sd.o
    0x00021b2a   0x00000002   PAD
    0x00021b2c   0x0000005c   Code   RO         4208    i.rtc_irq           app_timer2.o
    0x00021b88   0x00000064   Code   RO         4209    i.rtc_schedule      app_timer2.o
    0x00021bec   0x00000074   Code   RO         4210    i.rtc_update        app_timer2.o
    0x00021c60   0x00000032   Code   RO         3214    i.rx_byte           nrfx_uart.o
    0x00021c92   0x00000016   Code   RO         3215    i.rx_done_event     nrfx_uart.o
    0x00021ca8   0x00000016   Code   RO         3401    i.rx_done_event     nrfx_uarte.o
    0x00021cbe   0x00000020   Code   RO         3216    i.rx_enable         nrfx_uart.o
    0x00021cde   0x00000002   PAD
    0x00021ce0   0x00000050   Code   RO         2408    i.sd_state_evt_handler  nrf_drv_clock.o
    0x00021d30   0x00000050   Code   RO         3755    i.sd_state_evt_handler  nrf_drv_rng.o
    0x00021d80   0x00000030   Code   RO         6933    i.sdh_request_observer_notify  nrf_sdh.o
    0x00021db0   0x0000002c   Code   RO         6934    i.sdh_state_observer_notify  nrf_sdh.o
    0x00021ddc   0x000000ac   Code   RO          724    i.send_ble_device_mac  app.o
    0x00021e88   0x0000012a   Code   RO          725    i.send_ble_version  app.o
    0x00021fb2   0x00000002   PAD
    0x00021fb4   0x00000058   Code   RO           41    i.send_data_app     main.o
    0x0002200c   0x00000010   Code   RO         1811    i.send_error_evt    ble_conn_params.o
    0x0002201c   0x000000ac   Code   RO          726    i.send_random_app   app.o
    0x000220c8   0x00000418   Code   RO           42    i.senddatato_9160   main.o
    0x000224e0   0x00000050   Code   RO         6198    i.serial_tx         nrf_log_backend_rtt.o
    0x00022530   0x00000088   Code   RO         1616    i.service_data_encode  ble_advdata.o
    0x000225b8   0x00000004   Code   RO           43    i.service_error_handler  main.o
    0x000225bc   0x00000054   Code   RO           44    i.services_init     main.o
    0x00022610   0x00000030   Code   RO         2054    i.set_security_req  ble_srv_common.o
    0x00022640   0x0000007c   Code   RO         5618    i.shutdown_process  nrf_pwr_mgmt.o
    0x000226bc   0x00000018   Code   RO         2409    i.soc_evt_handler   nrf_drv_clock.o
    0x000226d4   0x00000038   Code   RO         6935    i.softdevice_evt_irq_disable  nrf_sdh.o
    0x0002270c   0x00000058   Code   RO         6936    i.softdevices_evt_irq_enable  nrf_sdh.o
    0x00022764   0x0000000c   Code   RO         4211    i.sortlist_pop      app_timer2.o
    0x00022770   0x0000008c   Code   RO         6355    i.std_n             nrf_log_frontend.o
    0x000227fc   0x00000020   Code   RO          833    i.system_time_init  test.o
    0x0002281c   0x0000002c   Code   RO          834    i.system_time_manger  test.o
    0x00022848   0x00000084   Code   RO          975    i.system_upgrade_info_send  feng_gpiote.o
    0x000228cc   0x0000005c   Code   RO          880    i.test_rease_flash  feng_fstorage.o
    0x00022928   0x00000058   Code   RO         4212    i.timer_expire      app_timer2.o
    0x00022980   0x00000078   Code   RO         4213    i.timer_req_process  app_timer2.o
    0x000229f8   0x00000038   Code   RO         4214    i.timer_req_schedule  app_timer2.o
    0x00022a30   0x00000058   Code   RO           45    i.tp_init           main.o
    0x00022a88   0x0000000c   Code   RO           46    i.tp_pin_handler    main.o
    0x00022a94   0x000000aa   Code   RO         3545    i.twi_clear_bus     nrf_drv_twi.o
    0x00022b3e   0x00000002   PAD
    0x00022b40   0x00000014   Code   RO         1046    i.twi_handler       feng_twi.o
    0x00022b54   0x00000038   Code   RO         1047    i.twi_init          feng_twi.o
    0x00022b8c   0x00000040   Code   RO         3546    i.twim_evt_handler  nrf_drv_twi.o
    0x00022bcc   0x00000150   Code   RO         3620    i.twim_irq_handler  nrfx_twim.o
    0x00022d1c   0x0000024c   Code   RO         3621    i.twim_xfer         nrfx_twim.o
    0x00022f68   0x00000020   Code   RO         3217    i.tx_byte           nrfx_uart.o
    0x00022f88   0x0000001a   Code   RO         3218    i.tx_done_event     nrfx_uart.o
    0x00022fa2   0x0000001a   Code   RO         3402    i.tx_done_event     nrfx_uarte.o
    0x00022fbc   0x000001f0   Code   RO           47    i.uart_event_handle  main.o
    0x000231ac   0x000000a4   Code   RO         5903    i.uart_event_handler  app_uart_fifo.o
    0x00023250   0x00000030   Code   RO         2543    i.uart_evt_handler  nrf_drv_uart.o
    0x00023280   0x0000012a   Code   RO         3219    i.uart_irq_handler  nrfx_uart.o
    0x000233aa   0x00000002   PAD
    0x000233ac   0x00000030   Code   RO         2544    i.uarte_evt_handler  nrf_drv_uart.o
    0x000233dc   0x00000112   Code   RO         3403    i.uarte_irq_handler  nrfx_uarte.o
    0x000234ee   0x0000000a   Code   RO         1617    i.uint16_encode     ble_advdata.o
    0x000234f8   0x00000020   Code   RO         5436    i.uninit            nrf_fstorage_sd.o
    0x00023518   0x000000b4   Code   RO         5300    i.unsigned_print    nrf_fprintf_format.o
    0x000235cc   0x000000dc   Code   RO          881    i.updata_records    feng_fstorage.o
    0x000236a8   0x000000d0   Code   RO          882    i.updata_write      feng_fstorage.o
    0x00023778   0x00000068   Code   RO         1812    i.update_timeout_handler  ble_conn_params.o
    0x000237e0   0x00000018   Code   RO         1724    i.use_whitelist     ble_advertising.o
    0x000237f8   0x00000024   Code   RO         2188    i.user_mem_reply    nrf_ble_qwr.o
    0x0002381c   0x00000030   Code   RO         1618    i.uuid_list_encode  ble_advdata.o
    0x0002384c   0x0000009e   Code   RO         1619    i.uuid_list_sized_encode  ble_advdata.o
    0x000238ea   0x00000002   Code   RO           48    i.wdt_event_handler  main.o
    0x000238ec   0x00000004   Code   RO         5437    i.wmap              nrf_fstorage_sd.o
    0x000238f0   0x00000050   Code   RO         5438    i.write             nrf_fstorage_sd.o
    0x00023940   0x000000f8   Code   RO         4643    i.write_execute     fds.o
    0x00023a38   0x0000006c   Code   RO         3622    i.xfer_completeness_check  nrfx_twim.o
    0x00023aa4   0x0000000c   PAD
    0x00023ab0   0x00000086   Data   RO           54    .constdata          main.o
    0x00023b36   0x00000002   PAD
    0x00023b38   0x00000016   Data   RO          730    .constdata          app.o
    0x00023b4e   0x00000002   PAD
    0x00023b50   0x00000004   Data   RO          836    .constdata          test.o
    0x00023b54   0x0000000c   PAD
    0x00023b60   0x00000006   Data   RO          885    .constdata          feng_fstorage.o
    0x00023b66   0x00000002   PAD
    0x00023b68   0x00000020   Data   RO         1048    .constdata          feng_twi.o
    0x00023b88   0x000002ff   Data   RO         1184    .constdata          aes.o
    0x00023e87   0x00000008   Data   RO         1286    .constdata          boards.o
    0x00023e8f   0x00000001   PAD
    0x00023e90   0x0000002c   Data   RO         1401    .constdata          bsp.o
    0x00023ebc   0x0000000e   Data   RO         2118    .constdata          nrf_ble_gatt.o
    0x00023eca   0x00000002   PAD
    0x00023ecc   0x00000004   Data   RO         2911    .constdata          nrfx_gpiote.o
    0x00023ed0   0x00000004   Data   RO         3222    .constdata          nrfx_uart.o
    0x00023ed4   0x00000004   Data   RO         3406    .constdata          nrfx_uarte.o
    0x00023ed8   0x00000008   PAD
    0x00023ee0   0x00000006   Data   RO         3547    .constdata          nrf_drv_twi.o
    0x00023ee6   0x00000002   PAD
    0x00023ee8   0x00000018   Data   RO         3625    .constdata          nrfx_twim.o
    0x00023f00   0x00000002   Data   RO         3758    .constdata          nrf_drv_rng.o
    0x00023f02   0x00000002   PAD
    0x00023f04   0x00000014   Data   RO         4217    .constdata          app_timer2.o
    0x00023f18   0x00000008   PAD
    0x00023f20   0x00000006   Data   RO         4453    .constdata          drv_rtc.o
    0x00023f26   0x00000002   PAD
    0x00023f28   0x00000018   Data   RO         4648    .constdata          fds.o
    0x00023f40   0x00000010   Data   RO         5301    .constdata          nrf_fprintf_format.o
    0x00023f50   0x0000005e   Data   RO         5347    .constdata          nrf_fstorage.o
    0x00023fae   0x00000002   PAD
    0x00023fb0   0x00000010   Data   RO         5441    .constdata          nrf_fstorage_sd.o
    0x00023fc0   0x00000020   Data   RO         5442    .constdata          nrf_fstorage_sd.o
    0x00023fe0   0x00000018   Data   RO         5620    .constdata          nrf_pwr_mgmt.o
    0x00023ff8   0x0000000c   Data   RO         5621    .constdata          nrf_pwr_mgmt.o
    0x00024004   0x0000013c   Data   RO         5836    .constdata          nrf_strerror.o
    0x00024140   0x00000028   Data   RO         5905    .constdata          app_uart_fifo.o
    0x00024168   0x0000000c   Data   RO         6200    .constdata          nrf_log_backend_rtt.o
    0x00024174   0x0000000c   PAD
    0x00024180   0x00000006   Data   RO         6201    .constdata          nrf_log_backend_rtt.o
    0x00024186   0x00000002   PAD
    0x00024188   0x0000000c   Data   RO         6360    .constdata          nrf_log_frontend.o
    0x00024194   0x00000010   Data   RO         6937    .constdata          nrf_sdh.o
    0x000241a4   0x00000028   Data   RO         6938    .constdata          nrf_sdh.o
    0x000241cc   0x00000010   Data   RO         6939    .constdata          nrf_sdh.o
    0x000241dc   0x00000010   Data   RO         6940    .constdata          nrf_sdh.o
    0x000241ec   0x00000020   Data   RO         7048    .constdata          nrf_sdh_ble.o
    0x0002420c   0x00000010   Data   RO         7049    .constdata          nrf_sdh_ble.o
    0x0002421c   0x00000010   Data   RO         7099    .constdata          nrf_sdh_soc.o
    0x0002422c   0x0000000c   Data   RO         7100    .constdata          nrf_sdh_soc.o
    0x00024238   0x00000010   Data   RO         7138    .constdata          ble_nus.o
    0x00024248   0x00000018   Data   RO         7350    .constdata          ble_dfu.o
    0x00024260   0x00000081   Data   RO         7572    .constdata          mc_w.l(ctype_o.o)
    0x000242e1   0x00000003   PAD
    0x000242e4   0x00000004   Data   RO         7573    .constdata          mc_w.l(ctype_o.o)
    0x000242e8   0x00000041   Data   RO           55    .conststring        main.o
    0x00024329   0x00000003   PAD
    0x0002432c   0x00000041   Data   RO          886    .conststring        feng_fstorage.o
    0x0002436d   0x00000003   PAD
    0x00024370   0x0000004f   Data   RO         5348    .conststring        nrf_fstorage.o
    0x000243bf   0x00000001   PAD
    0x000243c0   0x000003eb   Data   RO         5837    .conststring        nrf_strerror.o
    0x000247ab   0x00000001   PAD
    0x000247ac   0x00000066   Data   RO         6521    .conststring        nrf_log_str_formatter.o
    0x00024812   0x00000002   PAD
    0x00024814   0x000001cf   Data   RO         7050    .conststring        nrf_sdh_ble.o
    0x000249e3   0x00000001   PAD
    0x000249e4   0x000000ce   Data   RO         7451    .conststring        ble_dfu_unbonded.o
    0x00024ab2   0x00000002   PAD
    0x00024ab4   0x0000000d   Data   RO         2119    .conststrlit        nrf_ble_gatt.o
    0x00024ac1   0x00000003   PAD
    0x00024ac4   0x00000006   Data   RO         2415    .conststrlit        nrf_drv_clock.o
    0x00024aca   0x00000002   PAD
    0x00024acc   0x00000006   Data   RO         2750    .conststrlit        nrfx_clock.o
    0x00024ad2   0x00000002   PAD
    0x00024ad4   0x00000007   Data   RO         2915    .conststrlit        nrfx_gpiote.o
    0x00024adb   0x00000001   PAD
    0x00024adc   0x00000004   Data   RO         3145    .conststrlit        nrfx_prs.o
    0x00024ae0   0x00000005   Data   RO         3225    .conststrlit        nrfx_uart.o
    0x00024ae5   0x00000003   PAD
    0x00024ae8   0x00000006   Data   RO         3409    .conststrlit        nrfx_uarte.o
    0x00024aee   0x00000002   PAD
    0x00024af0   0x00000005   Data   RO         3628    .conststrlit        nrfx_twim.o
    0x00024af5   0x00000003   PAD
    0x00024af8   0x00000004   Data   RO         3761    .conststrlit        nrf_drv_rng.o
    0x00024afc   0x00000004   Data   RO         3834    .conststrlit        nrfx_rng.o
    0x00024b00   0x00000004   Data   RO         3897    .conststrlit        nrfx_wdt.o
    0x00024b04   0x0000000b   Data   RO         3974    .conststrlit        app_button.o
    0x00024b0f   0x00000001   PAD
    0x00024b10   0x0000000a   Data   RO         4218    .conststrlit        app_timer2.o
    0x00024b1a   0x00000002   PAD
    0x00024b1c   0x0000000d   Data   RO         5349    .conststrlit        nrf_fstorage.o
    0x00024b29   0x00000003   PAD
    0x00024b2c   0x00000009   Data   RO         5622    .conststrlit        nrf_pwr_mgmt.o
    0x00024b35   0x00000003   PAD
    0x00024b38   0x00000009   Data   RO         5783    .conststrlit        nrf_sortlist.o
    0x00024b41   0x00000003   PAD
    0x00024b44   0x00000010   Data   RO         6295    .conststrlit        nrf_log_default_backends.o
    0x00024b54   0x00000004   Data   RO         6361    .conststrlit        nrf_log_frontend.o
    0x00024b58   0x00000008   Data   RO         6941    .conststrlit        nrf_sdh.o
    0x00024b60   0x0000000c   Data   RO         7051    .conststrlit        nrf_sdh_ble.o
    0x00024b6c   0x0000000c   Data   RO         7101    .conststrlit        nrf_sdh_soc.o
    0x00024b78   0x00000008   Data   RO         7139    .conststrlit        ble_nus.o
    0x00024b80   0x00000020   Data   RO         7633    Region$$Table       anon$$obj.o
    0x00024ba0   0x00000010   Data   RO         6297    log_backends        nrf_log_default_backends.o
    0x00024bb0   0x00000008   Data   RO         2120    log_const_data      nrf_ble_gatt.o
    0x00024bb8   0x00000008   Data   RO         2416    log_const_data      nrf_drv_clock.o
    0x00024bc0   0x00000008   Data   RO         2752    log_const_data      nrfx_clock.o
    0x00024bc8   0x00000008   Data   RO         2916    log_const_data      nrfx_gpiote.o
    0x00024bd0   0x00000008   Data   RO         3147    log_const_data      nrfx_prs.o
    0x00024bd8   0x00000008   Data   RO         3226    log_const_data      nrfx_uart.o
    0x00024be0   0x00000008   Data   RO         3410    log_const_data      nrfx_uarte.o
    0x00024be8   0x00000008   Data   RO         3629    log_const_data      nrfx_twim.o
    0x00024bf0   0x00000008   Data   RO         3763    log_const_data      nrf_drv_rng.o
    0x00024bf8   0x00000008   Data   RO         3836    log_const_data      nrfx_rng.o
    0x00024c00   0x00000008   Data   RO         3899    log_const_data      nrfx_wdt.o
    0x00024c08   0x00000008   Data   RO         3976    log_const_data      app_button.o
    0x00024c10   0x00000008   Data   RO         4221    log_const_data      app_timer2.o
    0x00024c18   0x00000008   Data   RO         5350    log_const_data      nrf_fstorage.o
    0x00024c20   0x00000008   Data   RO         5624    log_const_data      nrf_pwr_mgmt.o
    0x00024c28   0x00000008   Data   RO         5784    log_const_data      nrf_sortlist.o
    0x00024c30   0x00000008   Data   RO         6364    log_const_data      nrf_log_frontend.o
    0x00024c38   0x00000008   Data   RO         6943    log_const_data      nrf_sdh.o
    0x00024c40   0x00000008   Data   RO         7053    log_const_data      nrf_sdh_ble.o
    0x00024c48   0x00000008   Data   RO         7102    log_const_data      nrf_sdh_soc.o
    0x00024c50   0x00000008   Data   RO         7140    log_const_data      ble_nus.o
    0x00024c58   0x00000014   Data   RO         6365    nrf_balloc          nrf_log_frontend.o
    0x00024c6c   0x00000014   Data   RO         3764    nrf_queue           nrf_drv_rng.o
    0x00024c80   0x00000004   Data   RO           64    pwr_mgmt_data0      main.o
    0x00024c84   0x00000008   Data   RO         1901    sdh_ble_observers0  ble_conn_state.o
    0x00024c8c   0x00000010   Data   RO           65    sdh_ble_observers1  main.o
    0x00024c9c   0x00000008   Data   RO         1504    sdh_ble_observers1  bsp_btn_ble.o
    0x00024ca4   0x00000008   Data   RO         1815    sdh_ble_observers1  ble_conn_params.o
    0x00024cac   0x00000018   Data   RO           66    sdh_ble_observers2  main.o
    0x00024cc4   0x00000008   Data   RO         7351    sdh_ble_observers2  ble_dfu.o
    0x00024ccc   0x00000008   Data   RO           67    sdh_ble_observers3  main.o
    0x00024cd4   0x00000008   Data   RO         5444    sdh_req_observers0  nrf_fstorage_sd.o
    0x00024cdc   0x00000008   Data   RO         2417    sdh_soc_observers0  nrf_drv_clock.o
    0x00024ce4   0x00000008   Data   RO         5445    sdh_soc_observers0  nrf_fstorage_sd.o
    0x00024cec   0x00000008   Data   RO         7453    sdh_soc_observers1  ble_dfu_unbonded.o
    0x00024cf4   0x00000008   Data   RO         7054    sdh_stack_observers0  nrf_sdh_ble.o
    0x00024cfc   0x00000008   Data   RO         7103    sdh_stack_observers0  nrf_sdh_soc.o
    0x00024d04   0x00000008   Data   RO           68    sdh_state_observers0  main.o
    0x00024d0c   0x00000008   Data   RO         2418    sdh_state_observers0  nrf_drv_clock.o
    0x00024d14   0x00000008   Data   RO         3765    sdh_state_observers0  nrf_drv_rng.o
    0x00024d1c   0x00000008   Data   RO         5446    sdh_state_observers0  nrf_fstorage_sd.o


    Execution Region RW_IRAM1 (Base: 0x20002d88, Size: 0x00002088, Max: 0x00003278, ABSOLUTE, COMPRESSED[0x000000c8])

    Base Addr    Size         Type   Attr      Idx    E Section Name        Object

    0x20002d88   0x00000224   Data   RW           57    .data               main.o
    0x20002fac   0x00000008   Data   RW           58    .data               main.o
    0x20002fb4   0x00000008   Data   RW           59    .data               main.o
    0x20002fbc   0x00000008   Data   RW           61    .data               main.o
    0x20002fc4   0x0000002e   Data   RW          731    .data               app.o
    0x20002ff2   0x00000001   Data   RW          732    .data               app.o
    0x20002ff3   0x00000001   Data   RW          733    .data               app.o
    0x20002ff4   0x00000004   Data   RW          837    .data               test.o
    0x20002ff8   0x00000008   Data   RW          887    .data               feng_fstorage.o
    0x20003000   0x00000001   Data   RW          889    .data               feng_fstorage.o
    0x20003001   0x00000001   Data   RW          890    .data               feng_fstorage.o
    0x20003002   0x00000001   Data   RW          891    .data               feng_fstorage.o
    0x20003003   0x00000001   PAD
    0x20003004   0x00000008   Data   RW          978    .data               feng_gpiote.o
    0x2000300c   0x00000008   Data   RW         1049    .data               feng_twi.o
    0x20003014   0x0000000c   Data   RW         1185    .data               aes.o
    0x20003020   0x00000010   Data   RW         1402    .data               bsp.o
    0x20003030   0x00000008   Data   RW         1503    .data               bsp_btn_ble.o
    0x20003038   0x00000008   Data   RW         1814    .data               ble_conn_params.o
    0x20003040   0x0000000c   Data   RW         2545    .data               nrf_drv_uart.o
    0x2000304c   0x00000008   Data   RW         2751    .data               nrfx_clock.o
    0x20003054   0x00000008   Data   RW         3146    .data               nrfx_prs.o
    0x2000305c   0x00000008   Data   RW         3548    .data               nrf_drv_twi.o
    0x20003064   0x00000003   Data   RW         3762    .data               nrf_drv_rng.o
    0x20003067   0x00000001   PAD
    0x20003068   0x00000008   Data   RW         3835    .data               nrfx_rng.o
    0x20003070   0x00000008   Data   RW         3898    .data               nrfx_wdt.o
    0x20003078   0x00000020   Data   RW         4219    .data               app_timer2.o
    0x20003098   0x00000004   Data   RW         4220    .data               app_timer2.o
    0x2000309c   0x0000000c   Data   RW         4454    .data               drv_rtc.o
    0x200030a8   0x00000030   Data   RW         4649    .data               fds.o
    0x200030d8   0x00000008   Data   RW         5443    .data               nrf_fstorage_sd.o
    0x200030e0   0x00000008   Data   RW         5623    .data               nrf_pwr_mgmt.o
    0x200030e8   0x0000001c   Data   RW         5906    .data               app_uart_fifo.o
    0x20003104   0x00000001   Data   RW         6202    .data               nrf_log_backend_rtt.o
    0x20003105   0x00000003   PAD
    0x20003108   0x00000008   Data   RW         6296    .data               nrf_log_default_backends.o
    0x20003110   0x00000008   Data   RW         6362    .data               nrf_log_frontend.o
    0x20003118   0x00000008   Data   RW         6363    .data               nrf_log_frontend.o
    0x20003120   0x00000040   Data   RW         6522    .data               nrf_log_str_formatter.o
    0x20003160   0x00000003   Data   RW         6942    .data               nrf_sdh.o
    0x20003163   0x00000001   Data   RW         7052    .data               nrf_sdh_ble.o
    0x20003164   0x00000004   Data   RW         7452    .data               ble_dfu_unbonded.o
    0x20003168   0x00000004   Data   RW         7516    .data               system_nrf52810.o
    0x2000316c   0x00000014   Data   RW          892    fs_data             feng_fstorage.o
    0x20003180   0x00000014   Data   RW         4650    fs_data             fds.o
    0x20003194   0x00000004   PAD
    0x20003198   0x00000020   Zero   RW           50    .bss                main.o
    0x200031b8   0x00000020   Zero   RW           51    .bss                main.o
    0x200031d8   0x000004b0   Zero   RW           52    .bss                main.o
    0x20003688   0x00000040   Zero   RW           53    .bss                main.o
    0x200036c8   0x00000020   Zero   RW          728    .bss                app.o
    0x200036e8   0x00000030   Zero   RW          729    .bss                app.o
    0x20003718   0x00000020   Zero   RW          835    .bss                test.o
    0x20003738   0x000000e0   Zero   RW          883    .bss                feng_fstorage.o
    0x20003818   0x000000b0   Zero   RW         1183    .bss                aes.o
    0x200038c8   0x00000020   Zero   RW         1397    .bss                bsp.o
    0x200038e8   0x00000020   Zero   RW         1398    .bss                bsp.o
    0x20003908   0x0000000c   Zero   RW         1399    .bss                bsp.o
    0x20003914   0x00000004   PAD
    0x20003918   0x00000020   Zero   RW         1400    .bss                bsp.o
    0x20003938   0x00000050   Zero   RW         1813    .bss                ble_conn_params.o
    0x20003988   0x0000007c   Zero   RW         1900    .bss                ble_conn_state.o
    0x20003a04   0x00000014   Zero   RW         2410    .bss                nrf_drv_clock.o
    0x20003a18   0x0000005c   Zero   RW         2910    .bss                nrfx_gpiote.o
    0x20003a74   0x0000002c   Zero   RW         3220    .bss                nrfx_uart.o
    0x20003aa0   0x00000024   Zero   RW         3404    .bss                nrfx_uarte.o
    0x20003ac4   0x00000034   Zero   RW         3623    .bss                nrfx_twim.o
    0x20003af8   0x00000041   Zero   RW         3756    .bss                nrf_drv_rng.o
    0x20003b39   0x00000003   PAD
    0x20003b3c   0x0000000c   Zero   RW         3757    .bss                nrf_drv_rng.o
    0x20003b48   0x00000010   Zero   RW         4215    .bss                app_timer2.o
    0x20003b58   0x00000058   Zero   RW         4216    .bss                app_timer2.o
    0x20003bb0   0x0000000c   Zero   RW         4342    .bss                app_util_platform.o
    0x20003bbc   0x00000010   Zero   RW         4646    .bss                fds.o
    0x20003bcc   0x000000e0   Zero   RW         4647    .bss                fds.o
    0x20003cac   0x00000010   Zero   RW         5439    .bss                nrf_fstorage_sd.o
    0x20003cbc   0x000000a0   Zero   RW         5440    .bss                nrf_fstorage_sd.o
    0x20003d5c   0x0000000c   Zero   RW         5619    .bss                nrf_pwr_mgmt.o
    0x20003d68   0x00000020   Zero   RW         5904    .bss                app_uart_fifo.o
    0x20003d88   0x00000040   Zero   RW         6199    .bss                nrf_log_backend_rtt.o
    0x20003dc8   0x000000c0   Zero   RW         6356    .bss                nrf_log_frontend.o
    0x20003e88   0x00000080   Zero   RW         6357    .bss                nrf_log_frontend.o
    0x20003f08   0x00000018   Zero   RW         6358    .bss                nrf_log_frontend.o
    0x20003f20   0x00000424   Zero   RW         6359    .bss                nrf_log_frontend.o
    0x20004344   0x00000288   Zero   RW         6598    .bss                segger_rtt.o
    0x200045cc   0x0000001c   Zero   RW         7349    .bss                ble_dfu.o
    0x200045e8   0x00000028   Zero   RW         7450    .bss                ble_dfu_unbonded.o
    0x20004610   0x00000800   Zero   RW         7501    STACK               arm_startup_nrf52810.o


==============================================================================

Image component sizes


      Code (inc. data)   RO Data    RW Data    ZI Data      Debug   Object Name

       760         54        767         12        176       6872   aes.o
      1160        180         22         48         80      15808   app.o
         0          0         19          0          0       1835   app_button.o
        22          0          0          0          0       2405   app_error.o
       132         46          0          0          0      28081   app_error_weak.o
       118          0          0          0          0       4206   app_fifo.o
         0          0          0          0          0      37102   app_scheduler.o
       846         88         38         36        104      15941   app_timer2.o
       612         74         40         28         32      27031   app_uart_fifo.o
       124         14          0          0         12       9454   app_util_platform.o
        84         22        512          0       2048        900   arm_startup_nrf52810.o
      1332          0          0          0          0      52800   ble_advdata.o
       972          6          0          0          0      10314   ble_advertising.o
       636         44          8          8         80       8895   ble_conn_params.o
       458         16          8          0        124       9055   ble_conn_state.o
       478         36         32          0         28      18548   ble_dfu.o
       476         42        214          4         40       7138   ble_dfu_unbonded.o
      2782          0          0          0          0      20367   ble_hids.o
        72          0          0          0          0       1596   ble_link_ctx_manager.o
       664          6         32          0          0       6700   ble_nus.o
       646          6          0          0          0       5552   ble_srv_common.o
       194         26          8          0          0      10427   boards.o
       740         60         44         16        108      10417   bsp.o
       166          6          8          8          0       4012   bsp_btn_ble.o
       696         76          6         12          0      42613   drv_rtc.o
      2012        196         24         68        240      27891   fds.o
      1124        534         71         31        224      13059   feng_fstorage.o
       132          4          0          8          0       3071   feng_gpiote.o
       222         46         32          8          0      48535   feng_twi.o
      5528       1888        259        572       1328     232342   main.o
       342          0          0          0          0       6366   nrf_atfifo.o
        64          0          0          0          0       2812   nrf_atflags.o
       322          0          0          0          0       8823   nrf_atomic.o
       164          0          0          0          0       3480   nrf_balloc.o
       634        186         35          0          0       8145   nrf_ble_gatt.o
       276          0          0          0          0       4501   nrf_ble_qwr.o
       380        236          0          0          0       1630   nrf_dfu_svci.o
       276         34         30          0         20      34940   nrf_drv_clock.o
       352         38         42          3         77       7000   nrf_drv_rng.o
       328         16          6          8          0      22335   nrf_drv_twi.o
       200         26          0         12          0      17668   nrf_drv_uart.o
        50          0          0          0          0       3429   nrf_fprintf.o
       866          4         16          0          0       6358   nrf_fprintf_format.o
      1404        596        194          0          0       8687   nrf_fstorage.o
       798         82         72          8        176      15267   nrf_fstorage_sd.o
       112         18         18          1         64       5365   nrf_log_backend_rtt.o
       200          0          0          0          0      10805   nrf_log_backend_serial.o
        28          4         32          8          0       3289   nrf_log_default_backends.o
      1492        114         44         16       1404      29711   nrf_log_frontend.o
       570        108        102         64          0       5460   nrf_log_str_formatter.o
       346          0          0          0          0       9179   nrf_memobj.o
       244         38         53          8         12       6579   nrf_pwr_mgmt.o
       482          0          0          0          0       7708   nrf_queue.o
        28          0          0          0          0       2315   nrf_ringbuf.o
       552         60        104          3          0      38739   nrf_sdh.o
       720        234        539          1          0       5705   nrf_sdh_ble.o
        60          4         56          0          0       2420   nrf_sdh_soc.o
        78          0          0          0          0       2628   nrf_section_iter.o
        84          0         17          0          0       3913   nrf_sortlist.o
        76         10       1319          0          0       2643   nrf_strerror.o
       222         30         14          8          0      40646   nrfx_clock.o
      1046         66         19          0         92      53170   nrfx_gpiote.o
       112         16         12          8          0       4296   nrfx_prs.o
       220         56         12          8          0       6140   nrfx_rng.o
      1524         52         37          0         52      26684   nrfx_twim.o
      1562         48         17          0         44      31528   nrfx_uart.o
      1528         46         18          0         36      26611   nrfx_uarte.o
       244         50         12          8          0       7904   nrfx_wdt.o
       378         34          0          0        648       8701   segger_rtt.o
       996         92          0          4          0       4619   system_nrf52810.o
        92         18          4          4         32       3060   test.o

    ----------------------------------------------------------------------
     42710       5798       5100       1036       7292    1184226   Object Totals
         0          0         32          0          0          0   (incl. Generated)
        70         12        100          5         11          0   (incl. Padding)

    ----------------------------------------------------------------------

      Code (inc. data)   RO Data    RW Data    ZI Data      Debug   Library Member Name

        86          0          0          0          0          0   __dczerorl2.o
         8          4        133          0          0         68   ctype_o.o
         0          0          0          0          0          0   entry.o
         0          0          0          0          0          0   entry10a.o
         0          0          0          0          0          0   entry11a.o
         8          4          0          0          0          0   entry2.o
         4          0          0          0          0          0   entry5.o
         0          0          0          0          0          0   entry7b.o
         0          0          0          0          0          0   entry8b.o
         8          4          0          0          0          0   entry9a.o
        30          0          0          0          0          0   handlers.o
        36          8          0          0          0         68   init.o
        30          0          0          0          0         68   llshl.o
        32          0          0          0          0         68   llushr.o
        26          0          0          0          0         80   memcmp.o
        36          0          0          0          0         68   memcpya.o
        36          0          0          0          0        108   memseta.o
        18          0          0          0          0         68   strcpy.o
        14          0          0          0          0         68   strlen.o
        98          0          0          0          0         92   uldiv.o

    ----------------------------------------------------------------------
       474         20        136          0          0        756   Library Totals
         4          0          3          0          0          0   (incl. Padding)

    ----------------------------------------------------------------------

      Code (inc. data)   RO Data    RW Data    ZI Data      Debug   Library Name

       470         20        133          0          0        756   mc_w.l

    ----------------------------------------------------------------------
       474         20        136          0          0        756   Library Totals

    ----------------------------------------------------------------------

==============================================================================


      Code (inc. data)   RO Data    RW Data    ZI Data      Debug   

     43184       5818       5236       1036       7292    1159838   Grand Totals
     43184       5818       5236        200       7292    1159838   ELF Image Totals (compressed)
     43184       5818       5236        200          0          0   ROM Totals

==============================================================================

    Total RO  Size (Code + RO Data)                48420 (  47.29kB)
    Total RW  Size (RW Data + ZI Data)              8328 (   8.13kB)
    Total ROM Size (Code + RO Data + RW Data)      48620 (  47.48kB)

==============================================================================

