<html>
<body>
<pre>
<h1>µVision Build Log</h1>
<h2>Tool Versions:</h2>
IDE-Version: ¦ÌVision V5.23.0.0
Copyright (C) 2017 ARM Ltd and ARM Germany GmbH. All rights reserved.
License Information: test Administrator, August, LIC=LSNPC-7K9BH-NMU9F-6R8KV-L22WE-51LH5
 
Tool Versions:
Toolchain:       MDK-ARM Plus  Version: 5.23
Toolchain Path:  C:\Keil_v5\ARM\ARMCC\Bin
C Compiler:      Armcc.exe V5.06 update 4 (build 422)
Assembler:       Armasm.exe V5.06 update 4 (build 422)
Linker/Locator:  ArmLink.exe V5.06 update 4 (build 422)
Library Manager: ArmAr.exe V5.06 update 4 (build 422)
Hex Converter:   FromElf.exe V5.06 update 4 (build 422)
CPU DLL:         
Dialog DLL:      
Target DLL:      Segger\JL2CM3.dll V2.99.23.0
Dialog DLL:      TCM.DLL V1.27.0.0
 
<h2>Project:</h2>
D:\software\nrf52810\my project\my test\JPR\examples\ble_peripheral\ble_app_template\pca10040e\s112\arm5_no_packs\ble_app_template_pca10040e_s112.uvprojx
Project File Date:  08/23/2021

<h2>Output:</h2>
*** Using Compiler 'V5.06 update 4 (build 422)', folder: 'C:\Keil_v5\ARM\ARMCC\Bin'
Rebuild target 'nrf52810_xxaa'
compiling utf.c...
compiling aes.c...
..\..\..\AES\aes.h(39): warning:  #1-D: last line of file ends without a newline
  		
..\..\..\AES\aes.c(566): warning:  #1-D: last line of file ends without a newline
       
..\..\..\AES\aes.c: 2 warnings, 0 errors
compiling boards.c...
compiling bsp.c...
compiling ble_advertising.c...
compiling ble_advdata.c...
compiling bsp_btn_ble.c...
compiling feng_twi.c...
compiling feng_gpiote.c...
..\..\..\app\feng_gpiote.c(53): warning:  #223-D: function "nrf_twi_rx" declared implicitly
  	nrf_twi_rx(TP_REG_GESTURE,&tp_temp[0],1);
..\..\..\app\feng_gpiote.c(124): warning:  #188-D: enumerated type mixed with another type
  		touch_panel_event_handle(TP_type, tp_temp[3], tp_temp[5]);
..\..\..\app\feng_gpiote.c(130): warning:  #550-D: variable "error"  was set but never used
  	static uint32_t error;
..\..\..\app\feng_gpiote.c: 3 warnings, 0 errors
compiling test.c...
..\..\..\AES\aes.h(39): warning:  #1-D: last line of file ends without a newline
  		
..\..\..\app\feng_fstorage.h(14): warning:  #1295-D: Deprecated declaration updata_records - give arg types
  
ool updata_records();
..\..\..\app\test.c(80): warning:  #177-D: function "phex"  was declared but never referenced
  static void phex(uint8_t* str)
..\..\..\app\test.c(13): warning:  #177-D: function "test_encrypt_ecb"  was declared but never referenced
  static void test_encrypt_ecb(void);
..\..\..\app\test.c(14): warning:  #177-D: function "test_decrypt_ecb"  was declared but never referenced
  static void test_decrypt_ecb(void);
..\..\..\app\test.c(15): warning:  #177-D: function "test_encrypt_ecb_verbose"  was declared but never referenced
  static void test_encrypt_ecb_verbose(void);
..\..\..\app\test.c(114): warning:  #177-D: function "test_encrypt_cbc"  was declared but never referenced
  static void test_encrypt_cbc(void)
..\..\..\app\test.c(88): warning:  #177-D: function "test_decrypt_cbc"  was declared but never referenced
  static void test_decrypt_cbc(void)//feng
..\..\..\app\test.c: 8 warnings, 0 errors
compiling feng_fstorage.c...
..\..\..\app\feng_fstorage.h(14): warning:  #1295-D: Deprecated declaration updata_records - give arg types
  
ool updata_records();
..\..\..\app\feng_fstorage.c(80): warning:  #550-D: variable "error"  was set but never used
  	uint32_t	error;
..\..\..\app\feng_fstorage.c: 2 warnings, 0 errors
compiling app.c...
..\..\..\AES\aes.h(39): warning:  #1-D: last line of file ends without a newline
  		
..\..\..\app\app.c: 1 warning, 0 errors
compiling ble_srv_common.c...
compiling pm_buffer.c...
compiling nrf_ble_gatt.c...
compiling nrf_ble_qwr.c...
compiling ble_conn_state.c...
compiling ble_link_ctx_manager.c...
compiling peer_id.c...
compiling ble_conn_params.c...
compiling nrf_drv_clock.c...
compiling nrf_drv_uart.c...
compiling main.c...
..\..\..\..\..\..\components\libraries\svc\nrf_svci.h(279): warning:  #47-D: incompatible redefinition of macro "SVCI" 
  #define SVCI(svci_num, return_type, function_name, ...)                     \
..\..\..\app\feng_fstorage.h(14): warning:  #1295-D: Deprecated declaration updata_records - give arg types
  
ool updata_records();
..\..\..\main.c(369): warning:  #940-D: missing return statement at end of non-void function "whitelist_response" 
  }
..\..\..\main.c(1064): warning:  #546-D: transfer of control bypasses initialization of:
            variable "phys"  (declared at line 1200)
      switch(p_ble_evt->header.evt_id)
      ^
..\..\..\main.c(1466): warning:  #188-D: enumerated type mixed with another type
      ble_advertising_init_t init={0};
..\..\..\main.c(1601): warning:  #550-D: variable "data_len"  was set but never used
  	uint16_t data_len=0; 
..\..\..\main.c(1604): warning:  #177-D: variable "err_code"  was declared but never referenced
  	uint32_t err_code;
..\..\..\main.c(1765): warning:  #177-D: variable "erase_bonds"  was declared but never referenced
  	bool erase_bonds;
..\..\..\main.c(193): warning:  #550-D: variable "m_in_boot_mode"  was set but never used
  static bool m_in_boot_mode = false; 
..\..\..\main.c(201): warning:  #177-D: variable "m_adv_uuids"  was declared but never referenced
  static ble_uuid_t m_adv_uuids[] =                                               /**< Universally unique service identifiers. */
..\..\..\main.c(467): warning:  #177-D: variable "err_code"  was declared but never referenced
  static uint32_t err_code;
..\..\..\main.c(903): warning:  #177-D: function "sleep_mode_enter"  was declared but never referenced
  static void sleep_mode_enter(void)
..\..\..\main.c(1372): warning:  #177-D: function "peer_manager_init"  was declared but never referenced
  static void peer_manager_init(void)
..\..\..\main.c(1406): warning:  #177-D: function "delete_bonds"  was declared but never referenced
  static void delete_bonds(void)
..\..\..\main.c(1510): warning:  #177-D: function "buttons_leds_init"  was declared but never referenced
  static void buttons_leds_init(bool * p_erase_bonds)
..\..\..\main.c: 15 warnings, 0 errors
compiling nrfx_atomic.c...
compiling nrfx_clock.c...
compiling nrfx_prs.c...
compiling nrf_drv_rng.c...
compiling nrfx_uart.c...
compiling nrfx_gpiote.c...
compiling nrfx_uarte.c...
compiling nrfx_rng.c...
compiling nrfx_twim.c...
compiling nrf_drv_twi.c...
compiling app_error.c...
compiling app_util_platform.c...
compiling crc16.c...
compiling app_error_handler_keil.c...
compiling app_scheduler.c...
compiling nrf_assert.c...
compiling app_error_weak.c...
compiling hardfault_implementation.c...
compiling nrfx_wdt.c...
compiling fds.c...
compiling drv_rtc.c...
compiling app_button.c...
compiling app_timer2.c...
compiling nrf_atflags.c...
compiling nrf_atomic.c...
compiling nrf_atfifo.c...
compiling nrf_fprintf.c...
compiling nrf_fprintf_format.c...
compiling nrf_fstorage.c...
compiling nrf_balloc.c...
compiling sensorsim.c...
compiling nrf_ringbuf.c...
compiling nrf_fstorage_sd.c...
compiling nrf_memobj.c...
compiling nrf_pwr_mgmt.c...
compiling nrf_section_iter.c...
compiling retarget.c...
compiling nrf_strerror.c...
compiling nrf_sortlist.c...
compiling app_fifo.c...
compiling nrf_log_default_backends.c...
compiling nrf_log_backend_serial.c...
compiling nrf_queue.c...
compiling app_uart_fifo.c...
compiling nrf_log_backend_rtt.c...
compiling SEGGER_RTT_Syscalls_KEIL.c...
compiling SEGGER_RTT.c...
compiling SEGGER_RTT_printf.c...
compiling nrf_log_str_formatter.c...
compiling nrf_log_frontend.c...
assembling arm_startup_nrf52810.s...
compiling nrf_sdh_soc.c...
compiling nrf_sdh.c...
compiling ble_nus.c...
compiling nrf_sdh_ble.c...
compiling system_nrf52810.c...
compiling nrf_dfu_svci.c...
compiling ble_dfu_bonded.c...
..\..\..\..\..\..\components\libraries\svc\nrf_svci.h(279): warning:  #47-D: incompatible redefinition of macro "SVCI" 
  #define SVCI(svci_num, return_type, function_name, ...)                     \
..\..\..\..\..\..\components\ble\ble_services\ble_dfu\ble_dfu_bonded.c: 1 warning, 0 errors
compiling ble_dfu_unbonded.c...
..\..\..\..\..\..\components\libraries\svc\nrf_svci.h(279): warning:  #47-D: incompatible redefinition of macro "SVCI" 
  #define SVCI(svci_num, return_type, function_name, ...)                     \
..\..\..\..\..\..\components\ble\ble_services\ble_dfu\ble_dfu_unbonded.c: 1 warning, 0 errors
compiling ble_dfu.c...
..\..\..\..\..\..\components\libraries\svc\nrf_svci.h(279): warning:  #47-D: incompatible redefinition of macro "SVCI" 
  #define SVCI(svci_num, return_type, function_name, ...)                     \
..\..\..\..\..\..\components\ble\ble_services\ble_dfu\ble_dfu.c: 1 warning, 0 errors
compiling ble_hids.c...
linking...
Program Size: Code=43184 RO-data=5236 RW-data=1036 ZI-data=7292  
FromELF: creating hex file...
".\_build\nrf52810_xxaa.axf" - 0 Error(s), 34 Warning(s).

<h2>Software Packages used:</h2>

Package Vendor: ARM
                http://www.keil.com/pack/ARM.CMSIS.4.5.0.pack
                ARM::CMSIS:CORE:4.3.0
                CMSIS (Cortex Microcontroller Software Interface Standard)
   * Component: CORE Version: 4.3.0

Package Vendor: NordicSemiconductor
                http://developer.nordicsemi.com/nRF5_SDK/pieces/nRF_DeviceFamilyPack/NordicSemiconductor.nRF_DeviceFamilyPack_NordicLicense.8.27.0.pack
                NordicSemiconductor::Device:Startup:8.27.0
                Nordic Semiconductor nRF ARM devices Device Family Pack with Nordic license.
   * Component: Startup Version: 8.27.0

<h2>Collection of Component include folders:</h2>
  .\RTE\_nrf52810_xxaa
  C:\Keil_v5\ARM\PACK\ARM\CMSIS\4.5.0\CMSIS\Include
  C:\Keil_v5\ARM\PACK\NordicSemiconductor\nRF_DeviceFamilyPack_NordicLicense\8.27.0\Device\Include

<h2>Collection of Component Files used:</h2>

   * Component: ARM::CMSIS:CORE:4.3.0

   * Component: NordicSemiconductor::Device:Startup:8.27.0
      Source file:   Device\Source\arm\arm_startup_nrf52810.s
      Include file:  Device\Include\system_nrf.h
      Source file:   Device\Source\system_nrf52810.c
      Include file:  Device\Include\system_nrf52810.h
Build Time Elapsed:  00:00:18
</pre>
</body>
</html>
