<html>
<body>
<pre>
<h1>µVision Build Log</h1>
<h2>Tool Versions:</h2>
IDE-Version: ¦ÌVision V5.27.0.0
Copyright (C) 2018 ARM Ltd and ARM Germany GmbH. All rights reserved.
License Information: ly ly, AUGUST, LIC=BL28G-VHBXV-E0EN4-FSXSS-SY4S2-UNVLR
 
Tool Versions:
Toolchain:       MDK-ARM Professional  Version: 5.27.0.0
Toolchain Path:  C:\Keil_v5\ARM\ARMCC\Bin
C Compiler:      Armcc.exe V5.06 update 6 (build 750)
Assembler:       Armasm.exe V5.06 update 6 (build 750)
Linker/Locator:  ArmLink.exe V5.06 update 6 (build 750)
Library Manager: ArmAr.exe V5.06 update 6 (build 750)
Hex Converter:   FromElf.exe V5.06 update 6 (build 750)
CPU DLL:         
Dialog DLL:      
Target DLL:      Segger\JL2CM3.dll V2.99.34.0
Dialog DLL:      TCM.DLL V1.36.1.0
 
<h2>Project:</h2>
E:\JPR_LY_Project\JPR_52810_9160\nRF52810_20210518\examples\ble_peripheral\ble_app_template\pca10040e\s112\arm5_no_packs\ble_app_template_pca10040e_s112.uvprojx
Project File Date:  05/10/2021

<h2>Output:</h2>
*** Using Compiler 'V5.06 update 6 (build 750)', folder: 'C:\Keil_v5\ARM\ARMCC\Bin'
Rebuild target 'nrf52810_xxaa'
compiling feng_gpiote.c...
..\..\..\app\feng_gpiote.c(59): warning:  #223-D: function "nrf_twi_rx" declared implicitly
  		nrf_twi_rx(TP_REG_GESTURE,&tp_temp[0],1);
..\..\..\app\feng_gpiote.c(156): warning:  #188-D: enumerated type mixed with another type
  		touch_panel_event_handle(TP_type, tp_temp[2], tp_temp[3]);
..\..\..\app\feng_gpiote.c(51): warning:  #177-D: variable "tp_counter"  was declared but never referenced
  		uint32_t tp_counter;
..\..\..\app\feng_gpiote.c(165): warning:  #550-D: variable "error"  was set but never used
  			static	uint32_t error;
..\..\..\app\feng_gpiote.c(201): warning:  #1-D: last line of file ends without a newline
  	
..\..\..\app\feng_gpiote.c: 5 warnings, 0 errors
compiling test.c...
..\..\..\app\feng_fstorage.h(14): warning:  #1295-D: Deprecated declaration updata_records - give arg types
  bool updata_records();
..\..\..\AES\aes.h(39): warning:  #1-D: last line of file ends without a newline
  		
..\..\..\app\test.c(94): warning:  #177-D: function "phex"  was declared but never referenced
      static void phex(uint8_t* str)
..\..\..\app\test.c(16): warning:  #177-D: function "test_encrypt_ecb"  was declared but never referenced
      static void test_encrypt_ecb(void);
..\..\..\app\test.c(17): warning:  #177-D: function "test_decrypt_ecb"  was declared but never referenced
      static void test_decrypt_ecb(void);
..\..\..\app\test.c(18): warning:  #177-D: function "test_encrypt_ecb_verbose"  was declared but never referenced
      static void test_encrypt_ecb_verbose(void);
..\..\..\app\test.c(136): warning:  #177-D: function "test_encrypt_cbc"  was declared but never referenced
      static void test_encrypt_cbc(void)//feng here
..\..\..\app\test.c(106): warning:  #177-D: function "test_decrypt_cbc"  was declared but never referenced
      static void test_decrypt_cbc(void)//feng
..\..\..\app\test.c: 8 warnings, 0 errors
compiling feng_fstorage.c...
..\..\..\app\feng_fstorage.h(14): warning:  #1295-D: Deprecated declaration updata_records - give arg types
  bool updata_records();
..\..\..\app\feng_fstorage.c(80): warning:  #550-D: variable "error"  was set but never used
  	uint32_t	error;
..\..\..\app\feng_fstorage.c: 2 warnings, 0 errors
compiling app.c...
..\..\..\AES\aes.h(39): warning:  #1-D: last line of file ends without a newline
  		
..\..\..\app\app.c(124): warning:  #550-D: variable "sendlength"  was set but never used
  	uint16_t sendlength=0;
..\..\..\app\app.c(125): warning:  #177-D: variable "error"  was declared but never referenced
  	static	uint16_t error;
..\..\..\app\app.c(224): warning:  #177-D: variable "mac_crc"  was declared but never referenced
  	uint8_t	mac_crc=0;
..\..\..\app\app.c(268): warning:  #177-D: variable "ver_crc"  was declared but never referenced
  	uint8_t	ver_crc=0;
..\..\..\app\app.c: 5 warnings, 0 errors
compiling aes.c...
..\..\..\AES\aes.h(39): warning:  #1-D: last line of file ends without a newline
  		
..\..\..\AES\aes.c(566): warning:  #1-D: last line of file ends without a newline
       
..\..\..\AES\aes.c: 2 warnings, 0 errors
compiling main.c...
..\..\..\app\feng_fstorage.h(14): warning:  #1295-D: Deprecated declaration updata_records - give arg types
  bool updata_records();
..\..\..\main.c(351): warning:  #940-D: missing return statement at end of non-void function "whitelist_response" 
  }
..\..\..\main.c(907): warning:  #550-D: variable "error"  was set but never used
  	uint32_t		error;
..\..\..\main.c(1499): warning:  #177-D: variable "i"  was declared but never referenced
  		uint8_t	cr=0,i=0;
..\..\..\main.c(1501): warning:  #177-D: variable "lens"  was declared but never referenced
  		uint16_t lens = 0;
..\..\..\main.c(180): warning:  #550-D: variable "m_in_boot_mode"  was set but never used
  static bool              m_in_boot_mode = false; 
..\..\..\main.c(189): warning:  #177-D: variable "m_adv_uuids"  was declared but never referenced
  static ble_uuid_t m_adv_uuids[] =                                               /**< Universally unique service identifiers. */
..\..\..\main.c: 7 warnings, 0 errors
compiling boards.c...
compiling utf.c...
compiling bsp_btn_ble.c...
compiling feng_twi.c...
..\..\..\app\feng_twi.c(141): warning:  #550-D: variable "err_code"  was set but never used
    uint32_t err_code;
..\..\..\app\feng_twi.c(142): warning:  #177-D: variable "twi_flag"  was declared but never referenced
  	bool twi_flag;
..\..\..\app\feng_twi.c: 2 warnings, 0 errors
compiling bsp.c...
compiling auth_status_tracker.c...
compiling ble_advdata.c...
compiling ble_advertising.c...
compiling ble_conn_state.c...
compiling ble_conn_params.c...
compiling ble_srv_common.c...
compiling nrf_ble_gatt.c...
compiling gatts_cache_manager.c...
compiling nrf_ble_qwr.c...
compiling id_manager.c...
compiling gatt_cache_manager.c...
compiling peer_id.c...
compiling peer_data_storage.c...
compiling peer_manager_handler.c...
compiling peer_database.c...
compiling peer_manager.c...
compiling pm_buffer.c...
compiling ble_link_ctx_manager.c...
compiling security_manager.c...
compiling nrf_drv_clock.c...
compiling security_dispatcher.c...
compiling nrf_drv_uart.c...
compiling nrfx_atomic.c...
compiling nrfx_prs.c...
compiling nrfx_clock.c...
compiling nrfx_gpiote.c...
compiling nrfx_uart.c...
compiling nrfx_uarte.c...
compiling nrf_drv_twi.c...
compiling nrf_drv_rng.c...
compiling nrfx_twim.c...
compiling nrfx_rng.c...
compiling nrfx_wdt.c...
compiling app_error.c...
compiling app_error_handler_keil.c...
compiling app_button.c...
compiling app_scheduler.c...
compiling app_error_weak.c...
compiling app_util_platform.c...
compiling app_timer2.c...
compiling crc16.c...
compiling drv_rtc.c...
compiling fds.c...
compiling hardfault_implementation.c...
compiling nrf_assert.c...
compiling nrf_atfifo.c...
compiling nrf_atflags.c...
compiling nrf_atomic.c...
compiling nrf_balloc.c...
compiling nrf_fprintf.c...
compiling nrf_fprintf_format.c...
compiling nrf_fstorage.c...
compiling nrf_fstorage_sd.c...
compiling nrf_section_iter.c...
compiling nrf_memobj.c...
compiling nrf_ringbuf.c...
compiling nrf_sortlist.c...
compiling sensorsim.c...
compiling nrf_pwr_mgmt.c...
compiling retarget.c...
compiling app_fifo.c...
compiling nrf_strerror.c...
compiling app_uart_fifo.c...
compiling nrf_log_default_backends.c...
compiling nrf_queue.c...
compiling nrf_log_backend_serial.c...
compiling nrf_log_backend_rtt.c...
compiling nrf_log_frontend.c...
compiling SEGGER_RTT.c...
compiling nrf_log_str_formatter.c...
compiling SEGGER_RTT_Syscalls_KEIL.c...
compiling SEGGER_RTT_printf.c...
compiling nrf_sdh_soc.c...
assembling arm_startup_nrf52810.s...
compiling nrf_sdh_ble.c...
compiling nrf_sdh.c...
compiling ble_nus.c...
compiling ble_hids.c...
compiling system_nrf52810.c...
linking...
Program Size: Code=58016 RO-data=8896 RW-data=1264 ZI-data=7968  
FromELF: creating hex file...
".\_build\nrf52810_xxaa.axf" - 0 Error(s), 31 Warning(s).

<h2>Software Packages used:</h2>

Package Vendor: ARM
                http://www.keil.com/pack/ARM.CMSIS.4.5.0.pack
                ARM.CMSIS.4.5.0
                CMSIS (Cortex Microcontroller Software Interface Standard)
   * Component: CORE Version: 4.3.0

Package Vendor: NordicSemiconductor
                http://developer.nordicsemi.com/nRF5_SDK/pieces/nRF_DeviceFamilyPack/NordicSemiconductor.nRF_DeviceFamilyPack_NordicLicense.8.27.0.pack
                NordicSemiconductor.nRF_DeviceFamilyPack_NordicLicense.8.27.0
                Nordic Semiconductor nRF ARM devices Device Family Pack with Nordic license.
   * Component: Startup Version: 8.27.0

<h2>Collection of Component include folders:</h2>
  .\RTE\_nrf52810_xxaa
  C:\Keil_v5\ARM\PACK\ARM\CMSIS\4.5.0\CMSIS\Include
  C:\Keil_v5\ARM\PACK\NordicSemiconductor\nRF_DeviceFamilyPack\8.27.0\Device\Include

<h2>Collection of Component Files used:</h2>

   * Component: ARM::CMSIS:CORE:4.3.0

   * Component: NordicSemiconductor::Device:Startup:8.27.0
      Include file:  Device\Include\system_nrf.h
      Source file:   Device\Source\arm\arm_startup_nrf52810.s
      Source file:   Device\Source\system_nrf52810.c
      Include file:  Device\Include\system_nrf52810.h
Build Time Elapsed:  00:00:26
</pre>
</body>
</html>
