Component: ARM Compiler 5.06 update 6 (build 750) Tool: armlink [4d35ed]

==============================================================================

Section Cross References

    main.o(i.Read_Touch_Data_Interuputer_Processing) refers to feng_gpiote.o(i.tp_interrupt_handler) for tp_interrupt_handler
    main.o(i.Read_Touch_Data_Interuputer_Processing) refers to main.o(.data) for .data
    main.o(i.ack_find) refers to ble_nus.o(i.ble_nus_data_send) for ble_nus_data_send
    main.o(i.ack_find) refers to nrf_log_frontend.o(i.nrf_log_frontend_std_1) for nrf_log_frontend_std_1
    main.o(i.ack_find) refers to nrf_log_frontend.o(i.nrf_log_frontend_std_0) for nrf_log_frontend_std_0
    main.o(i.ack_find) refers to main.o(.data) for .data
    main.o(i.ack_find) refers to nrf_log_frontend.o(log_const_data) for m_nrf_log_app_logs_data_const
    main.o(i.ack_find) refers to app.o(.data) for connect_flag
    main.o(i.advertising_init) refers to memseta.o(.text) for __aeabi_memclr4
    main.o(i.advertising_init) refers to ble_advertising.o(i.ble_advertising_init) for ble_advertising_init
    main.o(i.advertising_init) refers to app_error.o(i.app_error_handler_bare) for app_error_handler_bare
    main.o(i.advertising_init) refers to ble_advertising.o(i.ble_advertising_conn_cfg_tag_set) for ble_advertising_conn_cfg_tag_set
    main.o(i.advertising_init) refers to app.o(.data) for device_address
    main.o(i.advertising_init) refers to main.o(i.on_adv_evt) for on_adv_evt
    main.o(i.advertising_init) refers to main.o(.bss) for .bss
    main.o(i.advertising_start) refers to main.o(i.advertising_stop) for advertising_stop
    main.o(i.advertising_start) refers to nrf_log_frontend.o(i.nrf_log_frontend_std_0) for nrf_log_frontend_std_0
    main.o(i.advertising_start) refers to peer_manager.o(i.pm_peers_delete) for pm_peers_delete
    main.o(i.advertising_start) refers to ble_advertising.o(i.ble_advertising_start) for ble_advertising_start
    main.o(i.advertising_start) refers to app_error.o(i.app_error_handler_bare) for app_error_handler_bare
    main.o(i.advertising_start) refers to main.o(.bss) for .bss
    main.o(i.advertising_start) refers to nrf_log_frontend.o(log_const_data) for m_nrf_log_app_logs_data_const
    main.o(i.advertising_start) refers to app.o(.data) for ble_work_status
    main.o(i.advertising_stop) refers to app.o(.data) for ble_work_status
    main.o(i.app_connect) refers to memseta.o(.text) for __aeabi_memclr4
    main.o(i.app_connect) refers to app_uart_fifo.o(i.app_uart_put) for app_uart_put
    main.o(i.app_connect) refers to nrf_log_frontend.o(i.nrf_log_frontend_std_2) for nrf_log_frontend_std_2
    main.o(i.app_connect) refers to main.o(.bss) for .bss
    main.o(i.app_connect) refers to nrf_log_frontend.o(log_const_data) for m_nrf_log_app_logs_data_const
    main.o(i.app_disconnect) refers to app_uart_fifo.o(i.app_uart_put) for app_uart_put
    main.o(i.app_disconnect) refers to nrf_log_frontend.o(i.nrf_log_frontend_std_2) for nrf_log_frontend_std_2
    main.o(i.app_disconnect) refers to nrf_log_frontend.o(log_const_data) for m_nrf_log_app_logs_data_const
    main.o(i.assert_nrf_callback) refers to app_error_handler_keil.o(.emb_text) for app_error_handler
    main.o(i.ble_evt_handler) refers to app_error.o(i.app_error_handler_bare) for app_error_handler_bare
    main.o(i.ble_evt_handler) refers to nrf_log_frontend.o(i.nrf_log_frontend_std_0) for nrf_log_frontend_std_0
    main.o(i.ble_evt_handler) refers to app.o(i.guard_time_manger) for guard_time_manger
    main.o(i.ble_evt_handler) refers to main.o(i.app_connect) for app_connect
    main.o(i.ble_evt_handler) refers to bsp.o(i.bsp_indication_set) for bsp_indication_set
    main.o(i.ble_evt_handler) refers to nrf_ble_qwr.o(i.nrf_ble_qwr_conn_handle_assign) for nrf_ble_qwr_conn_handle_assign
    main.o(i.ble_evt_handler) refers to main.o(i.app_disconnect) for app_disconnect
    main.o(i.ble_evt_handler) refers to nrf_log_frontend.o(log_const_data) for m_nrf_log_app_logs_data_const
    main.o(i.ble_evt_handler) refers to app.o(.data) for judg_app_flag
    main.o(i.ble_evt_handler) refers to main.o(.data) for .data
    main.o(i.ble_evt_handler) refers to main.o(.bss) for .bss
    main.o(i.ble_evt_handler) refers to app.o(.data) for ble_work_status
    main.o(i.bsp_event_handler) refers to main.o(i.sleep_mode_enter) for sleep_mode_enter
    main.o(i.bsp_event_handler) refers to app_error.o(i.app_error_handler_bare) for app_error_handler_bare
    main.o(i.bsp_event_handler) refers to ble_advertising.o(i.ble_advertising_restart_without_whitelist) for ble_advertising_restart_without_whitelist
    main.o(i.bsp_event_handler) refers to main.o(.data) for .data
    main.o(i.bsp_event_handler) refers to main.o(.bss) for .bss
    main.o(i.conn_params_error_handler) refers to app_error.o(i.app_error_handler_bare) for app_error_handler_bare
    main.o(i.disconnect_app) refers to main.o(.data) for .data
[...]
    0x0001c794   0x0001c794   0x00000026   Code   RO         7383    i.continous_items_get  nrf_queue.o
    0x0001c7ba   0x0001c7ba   0x00000002   PAD
    0x0001c7bc   0x0001c7bc   0x00000030   Code   RO         2021    i.db_update_pending_handle  gatt_cache_manager.o
    0x0001c7ec   0x0001c7ec   0x0000008c   Code   RO         5904    i.delete_execute    fds.o
    0x0001c878   0x0001c878   0x000000aa   Code   RO         1961    i.descriptor_add    ble_srv_common.o
    0x0001c922   0x0001c922   0x00000002   PAD
    0x0001c924   0x0001c924   0x00000048   Code   RO         5275    i.detection_delay_timeout_handler  app_button.o
    0x0001c96c   0x0001c96c   0x00000010   Code   RO           15    i.disconnect_app    main.o
    0x0001c97c   0x0001c97c   0x00000014   Code   RO         7639    i.dropped_sat16_get  nrf_log_frontend.o
    0x0001c990   0x0001c990   0x00000014   Code   RO         5742    i.drv_rtc_compare_disable  drv_rtc.o
    0x0001c9a4   0x0001c9a4   0x0000000e   Code   RO         5744    i.drv_rtc_compare_pending  drv_rtc.o
    0x0001c9b2   0x0001c9b2   0x00000050   Code   RO         5745    i.drv_rtc_compare_set  drv_rtc.o
    0x0001ca02   0x0001ca02   0x00000008   Code   RO         5746    i.drv_rtc_counter_get  drv_rtc.o
    0x0001ca0a   0x0001ca0a   0x00000002   PAD
    0x0001ca0c   0x0001ca0c   0x000000d4   Code   RO         5747    i.drv_rtc_init      drv_rtc.o
    0x0001cae0   0x0001cae0   0x0000001a   Code   RO         5748    i.drv_rtc_irq_trigger  drv_rtc.o
    0x0001cafa   0x0001cafa   0x00000008   Code   RO         5750    i.drv_rtc_overflow_enable  drv_rtc.o
    0x0001cb02   0x0001cb02   0x00000008   Code   RO         5751    i.drv_rtc_overflow_pending  drv_rtc.o
    0x0001cb0a   0x0001cb0a   0x00000008   Code   RO         5752    i.drv_rtc_start     drv_rtc.o
    0x0001cb12   0x0001cb12   0x00000008   Code   RO         5753    i.drv_rtc_stop      drv_rtc.o
    0x0001cb1a   0x0001cb1a   0x000000de   Code   RO         5758    i.drv_rtc_windowed_compare_set  drv_rtc.o
    0x0001cbf8   0x0001cbf8   0x0000000a   Code   RO         3369    i.encryption_failure  security_dispatcher.o
    0x0001cc02   0x0001cc02   0x00000002   PAD
    0x0001cc04   0x0001cc04   0x0000004c   Code   RO         6734    i.erase             nrf_fstorage_sd.o
    0x0001cc50   0x0001cc50   0x0000004c   Code   RO         8629    i.errata_136        system_nrf52810.o
    0x0001cc9c   0x0001cc9c   0x0000004c   Code   RO         8630    i.errata_31         system_nrf52810.o
    0x0001cce8   0x0001cce8   0x0000004c   Code   RO         8631    i.errata_36         system_nrf52810.o
    0x0001cd34   0x0001cd34   0x00000074   Code   RO         5905    i.event_prepare     fds.o
    0x0001cda8   0x0001cda8   0x00000020   Code   RO         5906    i.event_send        fds.o
    0x0001cdc8   0x0001cdc8   0x00000054   Code   RO         6735    i.event_send        nrf_fstorage_sd.o
    0x0001ce1c   0x0001ce1c   0x00000098   Code   RO         3507    i.events_send_from_err_code  security_manager.o
    0x0001ceb4   0x0001ceb4   0x00000012   Code   RO         5759    i.evt_enable        drv_rtc.o
    0x0001cec6   0x0001cec6   0x00000002   PAD
    0x0001cec8   0x0001cec8   0x000000e0   Code   RO         5276    i.evt_handle        app_button.o
    0x0001cfa8   0x0001cfa8   0x00000014   Code   RO         5760    i.evt_pending       drv_rtc.o
    0x0001cfbc   0x0001cfbc   0x0000001c   Code   RO         2022    i.evt_send          gatt_cache_manager.o
    0x0001cfd8   0x0001cfd8   0x0000001c   Code   RO         2184    i.evt_send          gatts_cache_manager.o
    0x0001cff4   0x0001cff4   0x0000002c   Code   RO         2917    i.evt_send          peer_manager.o
    0x0001d020   0x0001d020   0x0000001c   Code   RO         3370    i.evt_send          security_dispatcher.o
    0x0001d03c   0x0001d03c   0x0000000c   Code   RO         3508    i.evt_send          security_manager.o
    0x0001d048   0x0001d048   0x000000e0   Code   RO         2564    i.fds_evt_handler   peer_data_storage.o
    0x0001d128   0x0001d128   0x00000048   Code   RO         5908    i.fds_file_delete   fds.o
    0x0001d170   0x0001d170   0x00000040   Code   RO         5909    i.fds_gc            fds.o
    0x0001d1b0   0x0001d1b0   0x000000e4   Code   RO         5910    i.fds_init          fds.o
    0x0001d294   0x0001d294   0x00000048   Code   RO         5911    i.fds_record_close  fds.o
    0x0001d2dc   0x0001d2dc   0x0000000e   Code   RO         5913    i.fds_record_find   fds.o
    0x0001d2ea   0x0001d2ea   0x00000010   Code   RO         5914    i.fds_record_find_by_key  fds.o
    0x0001d2fa   0x0001d2fa   0x00000010   Code   RO         5915    i.fds_record_find_in_file  fds.o
    0x0001d30a   0x0001d30a   0x00000012   Code   RO         5916    i.fds_record_id_from_desc  fds.o
    0x0001d31c   0x0001d31c   0x0000004c   Code   RO         5918    i.fds_record_open   fds.o
    0x0001d368   0x0001d368   0x00000010   Code   RO         5919    i.fds_record_update  fds.o
    0x0001d378   0x0001d378   0x00000008   Code   RO         5920    i.fds_record_write  fds.o
    0x0001d380   0x0001d380   0x00000030   Code   RO         5922    i.fds_register      fds.o
    0x0001d3b0   0x0001d3b0   0x000000a0   Code   RO         5925    i.fds_stat          fds.o
    0x0001d450   0x0001d450   0x00000014   Code   RO         7302    i.fifo_get          app_fifo.o
    0x0001d464   0x0001d464   0x00000012   Code   RO         7303    i.fifo_put          app_fifo.o
    0x0001d476   0x0001d476   0x00000014   Code   RO         2565    i.file_id_within_pm_range  peer_data_storage.o
    0x0001d48a   0x0001d48a   0x00000012   Code   RO         3371    i.flag_id_init      security_dispatcher.o
    0x0001d49c   0x0001d49c   0x00000012   Code   RO         3509    i.flag_id_init      security_manager.o
    0x0001d4ae   0x0001d4ae   0x0000000a   Code   RO         1805    i.flag_toggle       ble_conn_state.o
    0x0001d4b8   0x0001d4b8   0x00000028   Code   RO         1630    i.flags_set         ble_advertising.o
    0x0001d4e0   0x0001d4e0   0x00000030   Code   RO         3510    i.flags_set_from_err_code  security_manager.o
    0x0001d510   0x0001d510   0x00000030   Code   RO         1806    i.for_each_set_flag  ble_conn_state.o
    0x0001d540   0x0001d540   0x00000006   Code   RO         5926    i.fs_event_handler  fds.o
    0x0001d546   0x0001d546   0x00000002   PAD
    0x0001d548   0x0001d548   0x00000020   Code   RO          773    i.fs_init           feng_fstorage.o
    0x0001d568   0x0001d568   0x000000b4   Code   RO          774    i.fstorage_evt_handler  feng_fstorage.o
    0x0001d61c   0x0001d61c   0x0000005c   Code   RO           16    i.gatt_evt_handler  main.o
    0x0001d678   0x0001d678   0x00000080   Code   RO         5927    i.gc_execute        fds.o
    0x0001d6f8   0x0001d6f8   0x0000004c   Code   RO         5928    i.gc_next_page      fds.o
    0x0001d744   0x0001d744   0x00000040   Code   RO         5929    i.gc_page_erase     fds.o
    0x0001d784   0x0001d784   0x00000034   Code   RO         5930    i.gc_record_copy    fds.o
    0x0001d7b8   0x0001d7b8   0x00000024   Code   RO         5931    i.gc_record_find_next  fds.o
    0x0001d7dc   0x0001d7dc   0x00000088   Code   RO         5932    i.gc_state_advance  fds.o
    0x0001d864   0x0001d864   0x00000230   Code   RO         2023    i.gcm_ble_evt_handler  gatt_cache_manager.o
    0x0001da94   0x0001da94   0x0000003c   Code   RO         2024    i.gcm_im_evt_handler  gatt_cache_manager.o
    0x0001dad0   0x0001dad0   0x00000094   Code   RO         2025    i.gcm_init          gatt_cache_manager.o
    0x0001db64   0x0001db64   0x00000088   Code   RO         2028    i.gcm_pdb_evt_handler  gatt_cache_manager.o
    0x0001dbec   0x0001dbec   0x0000009c   Code   RO          620    i.get_ble_work_stutes  app.o
    0x0001dc88   0x0001dc88   0x00000034   Code   RO         5517    i.get_now           app_timer2.o
    0x0001dcbc   0x0001dcbc   0x0000003c   Code   RO         5277    i.gpiote_event_handler  app_button.o
    0x0001dcf8   0x0001dcf8   0x0000001c   Code   RO         2185    i.gscm_db_change_notification_done  gatts_cache_manager.o
    0x0001dd14   0x0001dd14   0x00000014   Code   RO         2186    i.gscm_init         gatts_cache_manager.o
    0x0001dd28   0x0001dd28   0x00000090   Code   RO         2188    i.gscm_local_db_cache_apply  gatts_cache_manager.o
    0x0001ddb8   0x0001ddb8   0x000000ac   Code   RO         2189    i.gscm_local_db_cache_update  gatts_cache_manager.o
    0x0001de64   0x0001de64   0x00000018   Code   RO         2190    i.gscm_pdb_evt_handler  gatts_cache_manager.o
    0x0001de7c   0x0001de7c   0x0000001e   Code   RO         2191    i.gscm_service_changed_ind_needed  gatts_cache_manager.o
    0x0001de9a   0x0001de9a   0x00000002   PAD
    0x0001de9c   0x0001de9c   0x0000005c   Code   RO         2192    i.gscm_service_changed_ind_send  gatts_cache_manager.o
    0x0001def8   0x0001def8   0x00000020   Code   RO          621    i.guard_time_init   app.o
    0x0001df18   0x0001df18   0x00000038   Code   RO          622    i.guard_time_manger  app.o
    0x0001df50   0x0001df50   0x0000002c   Code   RO         5933    i.header_check      fds.o
    0x0001df7c   0x0001df7c   0x00000012   Code   RO         5934    i.header_has_next   fds.o
    0x0001df8e   0x0001df8e   0x00000062   Code   RO         8502    i.hid_information_char_add  ble_hids.o
    0x0001dff0   0x0001dff0   0x000000e4   Code   RO           17    i.hids_init         main.o
    0x0001e0d4   0x0001e0d4   0x00000046   Code   RO         2281    i.im_address_resolve  id_manager.o
    0x0001e11a   0x0001e11a   0x00000002   PAD
    0x0001e11c   0x0001e11c   0x00000038   Code   RO         2282    i.im_ble_addr_get   id_manager.o
    0x0001e154   0x0001e154   0x000000dc   Code   RO         2283    i.im_ble_evt_handler  id_manager.o
    0x0001e230   0x0001e230   0x00000040   Code   RO         2284    i.im_conn_handle_get  id_manager.o
    0x0001e270   0x0001e270   0x00000038   Code   RO         2286    i.im_find_duplicate_bonding_data  id_manager.o
    0x0001e2a8   0x0001e2a8   0x00000072   Code   RO         2289    i.im_is_duplicate_bonding_data  id_manager.o
    0x0001e31a   0x0001e31a   0x00000018   Code   RO         2290    i.im_master_id_is_valid  id_manager.o
    0x0001e332   0x0001e332   0x0000002a   Code   RO         2291    i.im_master_ids_compare  id_manager.o
    0x0001e35c   0x0001e35c   0x00000014   Code   RO         2292    i.im_new_peer_id    id_manager.o
    0x0001e370   0x0001e370   0x0000002c   Code   RO         2293    i.im_peer_free      id_manager.o
    0x0001e39c   0x0001e39c   0x00000024   Code   RO         2294    i.im_peer_id_get_by_conn_handle  id_manager.o
    0x0001e3c0   0x0001e3c0   0x0000003c   Code   RO         2295    i.im_peer_id_get_by_master_id  id_manager.o
    0x0001e3fc   0x0001e3fc   0x00000034   Code   RO         6736    i.init              nrf_fstorage_sd.o
    0x0001e430   0x0001e430   0x000000c8   Code   RO         5935    i.init_execute      fds.o
    0x0001e4f8   0x0001e4f8   0x0000006c   Code   RO         8503    i.inp_rep_characteristics_add  ble_hids.o
    0x0001e564   0x0001e564   0x00000014   Code   RO         1717    i.instance_get      ble_conn_params.o
    0x0001e578   0x0001e578   0x000000a6   Code   RO         6608    i.int_print         nrf_fprintf_format.o
    0x0001e61e   0x0001e61e   0x00000002   PAD
    0x0001e620   0x0001e620   0x00000084   Code   RO         4693    i.interrupts_enable  nrfx_uarte.o
    0x0001e6a4   0x0001e6a4   0x00000034   Code   RO         7640    i.invalid_packets_omit  nrf_log_frontend.o
    0x0001e6d8   0x0001e6d8   0x00000010   Code   RO         6737    i.is_busy           nrf_fstorage_sd.o
    0x0001e6e8   0x0001e6e8   0x00000044   Code   RO         1718    i.is_conn_params_ok  ble_conn_params.o
    0x0001e72c   0x0001e72c   0x00000014   Code   RO         2300    i.is_valid_irk      id_manager.o
    0x0001e740   0x0001e740   0x0000000c   Code   RO         5936    i.is_word_aligned   fds.o
    0x0001e74c   0x0001e74c   0x00000030   Code   RO         1284    i.leds_off          bsp.o
    0x0001e77c   0x0001e77c   0x00000014   Code   RO         1285    i.leds_timer_handler  bsp.o
    0x0001e790   0x0001e790   0x00000010   Code   RO         2448    i.link_init         nrf_ble_gatt.o
    0x0001e7a0   0x0001e7a0   0x000000d0   Code   RO         3511    i.link_secure       security_manager.o
    0x0001e870   0x0001e870   0x0000003c   Code   RO         3372    i.link_secure_failure  security_dispatcher.o
    0x0001e8ac   0x0001e8ac   0x0000002c   Code   RO         3512    i.link_secure_pending_handle  security_manager.o
    0x0001e8d8   0x0001e8d8   0x000000a8   Code   RO         2029    i.local_db_apply_in_evt  gatt_cache_manager.o
    0x0001e980   0x0001e980   0x00000010   Code   RO         2030    i.local_db_update   gatt_cache_manager.o
    0x0001e990   0x0001e990   0x0000010c   Code   RO         2031    i.local_db_update_in_evt  gatt_cache_manager.o
    0x0001ea9c   0x0001ea9c   0x0000009c   Code   RO         7641    i.log_skip          nrf_log_frontend.o
    0x0001eb38   0x0001eb38   0x0000030c   Code   RO           20    i.main              main.o
    0x0001ee44   0x0001ee44   0x00000012   Code   RO         8504    i.make_char_id      ble_hids.o
    0x0001ee56   0x0001ee56   0x00000064   Code   RO         1522    i.manuf_specific_data_encode  ble_advdata.o
    0x0001eeba   0x0001eeba   0x0000007e   Code   RO         6846    i.memobj_op         nrf_memobj.o
    0x0001ef38   0x0001ef38   0x00000030   Code   RO         7642    i.module_idx_get    nrf_log_frontend.o
    0x0001ef68   0x0001ef68   0x00000008   Code   RO         3319    i.mutex_lock_status_get  pm_buffer.o
    0x0001ef70   0x0001ef70   0x000000a6   Code   RO         1523    i.name_encode       ble_advdata.o
    0x0001f016   0x0001f016   0x00000002   PAD
    0x0001f018   0x0001f018   0x00000014   Code   RO         3513    i.new_context_get   security_manager.o
    0x0001f02c   0x0001f02c   0x00000032   Code   RO         3514    i.new_evt           security_manager.o
    0x0001f05e   0x0001f05e   0x00000030   Code   RO         2827    i.next_id_get       peer_id.o
    0x0001f08e   0x0001f08e   0x00000010   Code   RO         6261    i.nrf_atfifo_clear  nrf_atfifo.o
    0x0001f09e   0x0001f09e   0x00000026   Code   RO         6263    i.nrf_atfifo_init   nrf_atfifo.o
    0x0001f0c4   0x0001f0c4   0x00000016   Code   RO         6264    i.nrf_atfifo_item_alloc  nrf_atfifo.o
    0x0001f0da   0x0001f0da   0x00000016   Code   RO         6265    i.nrf_atfifo_item_free  nrf_atfifo.o
    0x0001f0f0   0x0001f0f0   0x00000016   Code   RO         6266    i.nrf_atfifo_item_get  nrf_atfifo.o
    0x0001f106   0x0001f106   0x00000016   Code   RO         6267    i.nrf_atfifo_item_put  nrf_atfifo.o
    0x0001f11c   0x0001f11c   0x00000016   Code   RO         6329    i.nrf_atflags_clear  nrf_atflags.o
    0x0001f132   0x0001f132   0x00000020   Code   RO         6331    i.nrf_atflags_fetch_set  nrf_atflags.o
    0x0001f152   0x0001f152   0x0000004a   Code   RO         6333    i.nrf_atflags_find_and_set_flag  nrf_atflags.o
    0x0001f19c   0x0001f19c   0x00000016   Code   RO         6334    i.nrf_atflags_get   nrf_atflags.o
    0x0001f1b2   0x0001f1b2   0x00000014   Code   RO         6336    i.nrf_atflags_set   nrf_atflags.o
    0x0001f1c6   0x0001f1c6   0x00000006   Code   RO         6397    i.nrf_atomic_flag_clear_fetch  nrf_atomic.o
    0x0001f1cc   0x0001f1cc   0x00000006   Code   RO         6398    i.nrf_atomic_flag_set  nrf_atomic.o
    0x0001f1d2   0x0001f1d2   0x00000006   Code   RO         6399    i.nrf_atomic_flag_set_fetch  nrf_atomic.o
    0x0001f1d8   0x0001f1d8   0x0000000c   Code   RO         6400    i.nrf_atomic_u32_add  nrf_atomic.o
    0x0001f1e4   0x0001f1e4   0x0000000c   Code   RO         6401    i.nrf_atomic_u32_and  nrf_atomic.o
    0x0001f1f0   0x0001f1f0   0x0000000a   Code   RO         6403    i.nrf_atomic_u32_fetch_add  nrf_atomic.o
    0x0001f1fa   0x0001f1fa   0x0000000a   Code   RO         6404    i.nrf_atomic_u32_fetch_and  nrf_atomic.o
    0x0001f204   0x0001f204   0x0000000a   Code   RO         6405    i.nrf_atomic_u32_fetch_or  nrf_atomic.o
    0x0001f20e   0x0001f20e   0x0000000a   Code   RO         6406    i.nrf_atomic_u32_fetch_store  nrf_atomic.o
    0x0001f218   0x0001f218   0x0000000c   Code   RO         6410    i.nrf_atomic_u32_or  nrf_atomic.o
    0x0001f224   0x0001f224   0x0000000c   Code   RO         6412    i.nrf_atomic_u32_sub  nrf_atomic.o
    0x0001f230   0x0001f230   0x00000044   Code   RO         6531    i.nrf_balloc_alloc  nrf_balloc.o
    0x0001f274   0x0001f274   0x00000030   Code   RO         6532    i.nrf_balloc_free   nrf_balloc.o
    0x0001f2a4   0x0001f2a4   0x00000030   Code   RO         6533    i.nrf_balloc_init   nrf_balloc.o
    0x0001f2d4   0x0001f2d4   0x00000010   Code   RO         4185    i.nrf_bitmask_bit_is_set  nrfx_gpiote.o
    0x0001f2e4   0x0001f2e4   0x00000014   Code   RO         4186    i.nrf_bitmask_bit_set  nrfx_gpiote.o
    0x0001f2f8   0x0001f2f8   0x00000018   Code   RO         2450    i.nrf_ble_gatt_att_mtu_periph_set  nrf_ble_gatt.o
    0x0001f310   0x0001f310   0x00000022   Code   RO         2452    i.nrf_ble_gatt_init  nrf_ble_gatt.o
    0x0001f332   0x0001f332   0x00000002   PAD
    0x0001f334   0x0001f334   0x000000f4   Code   RO         2453    i.nrf_ble_gatt_on_ble_evt  nrf_ble_gatt.o
    0x0001f428   0x0001f428   0x00000016   Code   RO         2523    i.nrf_ble_qwr_conn_handle_assign  nrf_ble_qwr.o
    0x0001f43e   0x0001f43e   0x00000024   Code   RO         2524    i.nrf_ble_qwr_init  nrf_ble_qwr.o
    0x0001f462   0x0001f462   0x000000b6   Code   RO         2525    i.nrf_ble_qwr_on_ble_evt  nrf_ble_qwr.o
    0x0001f518   0x0001f518   0x0000000e   Code   RO         4044    i.nrf_clock_event_check  nrfx_clock.o
    0x0001f526   0x0001f526   0x00000010   Code   RO         4045    i.nrf_clock_event_clear  nrfx_clock.o
    0x0001f536   0x0001f536   0x00000002   PAD
    0x0001f538   0x0001f538   0x00000020   Code   RO           21    i.nrf_delay_ms      main.o
    0x0001f558   0x0001f558   0x00000020   Code   RO          775    i.nrf_delay_ms      feng_fstorage.o
    0x0001f578   0x0001f578   0x00000020   Code   RO          924    i.nrf_delay_ms      feng_twi.o
    0x0001f598   0x0001f598   0x00000038   Code   RO         3714    i.nrf_drv_clock_init  nrf_drv_clock.o
    0x0001f5d0   0x0001f5d0   0x00000030   Code   RO         3718    i.nrf_drv_clock_lfclk_release  nrf_drv_clock.o
    0x0001f600   0x0001f600   0x00000020   Code   RO         5060    i.nrf_drv_rng_bytes_available  nrf_drv_rng.o
    0x0001f620   0x0001f620   0x00000058   Code   RO         5061    i.nrf_drv_rng_init  nrf_drv_rng.o
    0x0001f678   0x0001f678   0x00000060   Code   RO         5062    i.nrf_drv_rng_rand  nrf_drv_rng.o
    0x0001f6d8   0x0001f6d8   0x00000040   Code   RO         4852    i.nrf_drv_twi_init  nrf_drv_twi.o
    0x0001f718   0x0001f718   0x00000006   Code   RO          925    i.nrf_drv_twi_rx    feng_twi.o
    0x0001f71e   0x0001f71e   0x0000000e   Code   RO          926    i.nrf_drv_twi_tx    feng_twi.o
    0x0001f72c   0x0001f72c   0x00000068   Code   RO         3852    i.nrf_drv_uart_init  nrf_drv_uart.o
    0x0001f794   0x0001f794   0x00000020   Code   RO         7208    i.nrf_drv_uart_rx   app_uart_fifo.o
    0x0001f7b4   0x0001f7b4   0x00000020   Code   RO         7209    i.nrf_drv_uart_tx   app_uart_fifo.o
    0x0001f7d4   0x0001f7d4   0x0000001a   Code   RO         6568    i.nrf_fprintf       nrf_fprintf.o
    0x0001f7ee   0x0001f7ee   0x00000018   Code   RO         6569    i.nrf_fprintf_buffer_flush  nrf_fprintf.o
    0x0001f806   0x0001f806   0x000001da   Code   RO         6609    i.nrf_fprintf_fmt   nrf_fprintf_format.o
    0x0001f9e0   0x0001f9e0   0x00000138   Code   RO         6649    i.nrf_fstorage_erase  nrf_fstorage.o
    0x0001fb18   0x0001fb18   0x00000094   Code   RO         6650    i.nrf_fstorage_init  nrf_fstorage.o
    0x0001fbac   0x0001fbac   0x00000050   Code   RO         6651    i.nrf_fstorage_is_busy  nrf_fstorage.o
    0x0001fbfc   0x0001fbfc   0x00000160   Code   RO         6652    i.nrf_fstorage_read  nrf_fstorage.o
    0x0001fd5c   0x0001fd5c   0x00000018   Code   RO         6738    i.nrf_fstorage_sdh_req_handler  nrf_fstorage_sd.o
    0x0001fd74   0x0001fd74   0x00000020   Code   RO         6739    i.nrf_fstorage_sdh_state_handler  nrf_fstorage_sd.o
    0x0001fd94   0x0001fd94   0x000000a4   Code   RO         6740    i.nrf_fstorage_sys_evt_handler  nrf_fstorage_sd.o
    0x0001fe38   0x0001fe38   0x000001dc   Code   RO         6656    i.nrf_fstorage_write  nrf_fstorage.o
    0x00020014   0x00020014   0x00000024   Code   RO         1174    i.nrf_gpio_cfg      boards.o
    0x00020038   0x00020038   0x00000024   Code   RO         4187    i.nrf_gpio_cfg      nrfx_gpiote.o
    0x0002005c   0x0002005c   0x00000024   Code   RO         4505    i.nrf_gpio_cfg      nrfx_uart.o
    0x00020080   0x00020080   0x00000024   Code   RO         4694    i.nrf_gpio_cfg      nrfx_uarte.o
    0x000200a4   0x000200a4   0x00000024   Code   RO         4915    i.nrf_gpio_cfg      nrfx_twim.o
    0x000200c8   0x000200c8   0x00000012   Code   RO         4507    i.nrf_gpio_cfg_input  nrfx_uart.o
    0x000200da   0x000200da   0x00000012   Code   RO         4696    i.nrf_gpio_cfg_input  nrfx_uarte.o
    0x000200ec   0x000200ec   0x00000010   Code   RO           22    i.nrf_gpio_cfg_output  main.o
    0x000200fc   0x000200fc   0x00000014   Code   RO         4508    i.nrf_gpio_cfg_output  nrfx_uart.o
    0x00020110   0x00020110   0x00000014   Code   RO         4697    i.nrf_gpio_cfg_output  nrfx_uarte.o
    0x00020124   0x00020124   0x00000022   Code   RO         4189    i.nrf_gpio_cfg_sense_set  nrfx_gpiote.o
    0x00020146   0x00020146   0x0000000e   Code   RO         4853    i.nrf_gpio_pin_set  nrf_drv_twi.o
    0x00020154   0x00020154   0x00000016   Code   RO         1175    i.nrf_gpio_pin_write  boards.o
    0x0002016a   0x0002016a   0x00000002   PAD
    0x0002016c   0x0002016c   0x00000028   Code   RO         4190    i.nrf_gpio_ports_read  nrfx_gpiote.o
    0x00020194   0x00020194   0x00000014   Code   RO         4191    i.nrf_gpiote_event_clear  nrfx_gpiote.o
    0x000201a8   0x000201a8   0x00000010   Code   RO         4192    i.nrf_gpiote_event_is_set  nrfx_gpiote.o
    0x000201b8   0x000201b8   0x0000005c   Code   RO         7643    i.nrf_log_backend_add  nrf_log_frontend.o
    0x00020214   0x00020214   0x00000002   Code   RO         7501    i.nrf_log_backend_rtt_flush  nrf_log_backend_rtt.o
    0x00020216   0x00020216   0x00000004   Code   RO         7502    i.nrf_log_backend_rtt_init  nrf_log_backend_rtt.o
    0x0002021a   0x0002021a   0x00000002   Code   RO         7503    i.nrf_log_backend_rtt_panic_set  nrf_log_backend_rtt.o
    0x0002021c   0x0002021c   0x00000018   Code   RO         7504    i.nrf_log_backend_rtt_put  nrf_log_backend_rtt.o
    0x00020234   0x00020234   0x000000c8   Code   RO         7567    i.nrf_log_backend_serial_put  nrf_log_backend_serial.o
    0x000202fc   0x000202fc   0x00000030   Code   RO         7645    i.nrf_log_color_id_get  nrf_log_frontend.o
    0x0002032c   0x0002032c   0x0000001c   Code   RO         7601    i.nrf_log_default_backends_init  nrf_log_default_backends.o
    0x00020348   0x00020348   0x00000234   Code   RO         7646    i.nrf_log_frontend_dequeue  nrf_log_frontend.o
    0x0002057c   0x0002057c   0x00000008   Code   RO         7648    i.nrf_log_frontend_std_0  nrf_log_frontend.o
    0x00020584   0x00020584   0x0000000e   Code   RO         7649    i.nrf_log_frontend_std_1  nrf_log_frontend.o
    0x00020592   0x00020592   0x00000010   Code   RO         7650    i.nrf_log_frontend_std_2  nrf_log_frontend.o
    0x000205a2   0x000205a2   0x00000012   Code   RO         7651    i.nrf_log_frontend_std_3  nrf_log_frontend.o
    0x000205b4   0x000205b4   0x00000014   Code   RO         7652    i.nrf_log_frontend_std_4  nrf_log_frontend.o
    0x000205c8   0x000205c8   0x000000b0   Code   RO         7823    i.nrf_log_hexdump_entry_process  nrf_log_str_formatter.o
    0x00020678   0x00020678   0x0000003c   Code   RO         7655    i.nrf_log_init      nrf_log_frontend.o
    0x000206b4   0x000206b4   0x00000014   Code   RO         7656    i.nrf_log_module_cnt_get  nrf_log_frontend.o
    0x000206c8   0x000206c8   0x0000001c   Code   RO         7659    i.nrf_log_module_name_get  nrf_log_frontend.o
    0x000206e4   0x000206e4   0x0000002c   Code   RO         7660    i.nrf_log_panic     nrf_log_frontend.o
    0x00020710   0x00020710   0x000000b6   Code   RO         7824    i.nrf_log_std_entry_process  nrf_log_str_formatter.o
    0x000207c6   0x000207c6   0x00000060   Code   RO         6847    i.nrf_memobj_alloc  nrf_memobj.o
    0x00020826   0x00020826   0x00000032   Code   RO         6848    i.nrf_memobj_free   nrf_memobj.o
    0x00020858   0x00020858   0x00000008   Code   RO         6849    i.nrf_memobj_get    nrf_memobj.o
    0x00020860   0x00020860   0x00000004   Code   RO         6850    i.nrf_memobj_pool_init  nrf_memobj.o
    0x00020864   0x00020864   0x0000001e   Code   RO         6851    i.nrf_memobj_put    nrf_memobj.o
    0x00020882   0x00020882   0x00000010   Code   RO         6852    i.nrf_memobj_read   nrf_memobj.o
    0x00020892   0x00020892   0x00000010   Code   RO         6853    i.nrf_memobj_write  nrf_memobj.o
    0x000208a2   0x000208a2   0x00000002   PAD
    0x000208a4   0x000208a4   0x00000028   Code   RO         6925    i.nrf_pwr_mgmt_init  nrf_pwr_mgmt.o
    0x000208cc   0x000208cc   0x00000014   Code   RO         6926    i.nrf_pwr_mgmt_run  nrf_pwr_mgmt.o
    0x000208e0   0x000208e0   0x0000001e   Code   RO         7388    i.nrf_queue_is_full  nrf_queue.o
    0x000208fe   0x000208fe   0x0000000e   Code   RO         7391    i.nrf_queue_next_idx  nrf_queue.o
    0x0002090c   0x0002090c   0x000000b2   Code   RO         7393    i.nrf_queue_push    nrf_queue.o
    0x000209be   0x000209be   0x0000003e   Code   RO         7394    i.nrf_queue_read    nrf_queue.o
    0x000209fc   0x000209fc   0x00000024   Code   RO         7396    i.nrf_queue_utilization_get  nrf_queue.o
    0x00020a20   0x00020a20   0x00000004   Code   RO           23    i.nrf_qwr_error_handler  main.o
    0x00020a24   0x00020a24   0x0000001c   Code   RO         6992    i.nrf_ringbuf_init  nrf_ringbuf.o
    0x00020a40   0x00020a40   0x0000000c   Code   RO         5761    i.nrf_rtc_event_clear  drv_rtc.o
    0x00020a4c   0x00020a4c   0x00000014   Code   RO         8351    i.nrf_sdh_ble_app_ram_start_get  nrf_sdh_ble.o
    0x00020a60   0x00020a60   0x00000128   Code   RO         8352    i.nrf_sdh_ble_default_cfg_set  nrf_sdh_ble.o
    0x00020b88   0x00020b88   0x00000130   Code   RO         8353    i.nrf_sdh_ble_enable  nrf_sdh_ble.o
    0x00020cb8   0x00020cb8   0x00000060   Code   RO         8354    i.nrf_sdh_ble_evts_poll  nrf_sdh_ble.o
    0x00020d18   0x00020d18   0x00000054   Code   RO         8232    i.nrf_sdh_disable_request  nrf_sdh.o
    0x00020d6c   0x00020d6c   0x00000074   Code   RO         8233    i.nrf_sdh_enable_request  nrf_sdh.o
    0x00020de0   0x00020de0   0x00000024   Code   RO         8234    i.nrf_sdh_evts_poll  nrf_sdh.o
    0x00020e04   0x00020e04   0x0000000c   Code   RO         8235    i.nrf_sdh_is_enabled  nrf_sdh.o
    0x00020e10   0x00020e10   0x0000001c   Code   RO         8237    i.nrf_sdh_request_continue  nrf_sdh.o
    0x00020e2c   0x00020e2c   0x0000003c   Code   RO         8405    i.nrf_sdh_soc_evts_poll  nrf_sdh_soc.o
    0x00020e68   0x00020e68   0x0000000a   Code   RO         7050    i.nrf_section_iter_init  nrf_section_iter.o
    0x00020e72   0x00020e72   0x00000024   Code   RO         7051    i.nrf_section_iter_item_set  nrf_section_iter.o
    0x00020e96   0x00020e96   0x00000020   Code   RO         7052    i.nrf_section_iter_next  nrf_section_iter.o
    0x00020eb6   0x00020eb6   0x00000022   Code   RO         7085    i.nrf_sortlist_add  nrf_sortlist.o
    0x00020ed8   0x00020ed8   0x00000006   Code   RO         7087    i.nrf_sortlist_peek  nrf_sortlist.o
    0x00020ede   0x00020ede   0x0000000e   Code   RO         7088    i.nrf_sortlist_pop  nrf_sortlist.o
    0x00020eec   0x00020eec   0x0000001e   Code   RO         7089    i.nrf_sortlist_remove  nrf_sortlist.o
    0x00020f0a   0x00020f0a   0x00000002   PAD
    0x00020f0c   0x00020f0c   0x00000038   Code   RO         7141    i.nrf_strerror_find  nrf_strerror.o
    0x00020f44   0x00020f44   0x00000014   Code   RO         7142    i.nrf_strerror_get  nrf_strerror.o
    0x00020f58   0x00020f58   0x0000000a   Code   RO         4917    i.nrf_twim_event_check  nrfx_twim.o
    0x00020f62   0x00020f62   0x0000000c   Code   RO         4918    i.nrf_twim_event_clear  nrfx_twim.o
    0x00020f6e   0x00020f6e   0x0000000a   Code   RO         4509    i.nrf_uart_event_check  nrfx_uart.o
    0x00020f78   0x00020f78   0x0000000c   Code   RO         4510    i.nrf_uart_event_clear  nrfx_uart.o
    0x00020f84   0x00020f84   0x0000000c   Code   RO         4511    i.nrf_uart_int_enable_check  nrfx_uart.o
    0x00020f90   0x00020f90   0x0000000a   Code   RO         4698    i.nrf_uarte_event_check  nrfx_uarte.o
    0x00020f9a   0x00020f9a   0x0000000c   Code   RO         4699    i.nrf_uarte_event_clear  nrfx_uarte.o
    0x00020fa6   0x00020fa6   0x00000002   PAD
    0x00020fa8   0x00020fa8   0x0000002c   Code   RO         4050    i.nrfx_clock_enable  nrfx_clock.o
    0x00020fd4   0x00020fd4   0x00000020   Code   RO         4053    i.nrfx_clock_init   nrfx_clock.o
    0x00020ff4   0x00020ff4   0x0000001c   Code   RO         4056    i.nrfx_clock_lfclk_stop  nrfx_clock.o
    0x00021010   0x00021010   0x00000010   Code   RO         4854    i.nrfx_coredep_delay_us  nrf_drv_twi.o
    0x00021020   0x00021020   0x00000010   Code   RO         5762    i.nrfx_coredep_delay_us  drv_rtc.o
    0x00021030   0x00021030   0x000000a4   Code   RO         4197    i.nrfx_gpiote_in_event_enable  nrfx_gpiote.o
    0x000210d4   0x000210d4   0x000000d0   Code   RO         4198    i.nrfx_gpiote_in_init  nrfx_gpiote.o
    0x000211a4   0x000211a4   0x00000014   Code   RO         4199    i.nrfx_gpiote_in_is_set  nrfx_gpiote.o
    0x000211b8   0x000211b8   0x0000006c   Code   RO         4201    i.nrfx_gpiote_init  nrfx_gpiote.o
    0x00021224   0x00021224   0x00000014   Code   RO         4202    i.nrfx_gpiote_is_init  nrfx_gpiote.o
    0x00021238   0x00021238   0x00000010   Code   RO         4700    i.nrfx_is_in_ram    nrfx_uarte.o
    0x00021248   0x00021248   0x00000010   Code   RO         4919    i.nrfx_is_in_ram    nrfx_twim.o
    0x00021258   0x00021258   0x0000003a   Code   RO         4451    i.nrfx_prs_acquire  nrfx_prs.o
    0x00021292   0x00021292   0x00000002   PAD
    0x00021294   0x00021294   0x00000038   Code   RO         5064    i.nrfx_rng_handler  nrf_drv_rng.o
    0x000212cc   0x000212cc   0x00000058   Code   RO         5140    i.nrfx_rng_init     nrfx_rng.o
    0x00021324   0x00021324   0x00000020   Code   RO         5141    i.nrfx_rng_start    nrfx_rng.o
    0x00021344   0x00021344   0x00000014   Code   RO         5142    i.nrfx_rng_stop     nrfx_rng.o
    0x00021358   0x00021358   0x00000028   Code   RO         5143    i.nrfx_rng_uninit   nrfx_rng.o
    0x00021380   0x00021380   0x00000024   Code   RO         4921    i.nrfx_twim_enable  nrfx_twim.o
    0x000213a4   0x000213a4   0x000000e0   Code   RO         4922    i.nrfx_twim_init    nrfx_twim.o
    0x00021484   0x00021484   0x00000030   Code   RO         4924    i.nrfx_twim_rx      nrfx_twim.o
    0x000214b4   0x000214b4   0x00000036   Code   RO         4927    i.nrfx_twim_tx      nrfx_twim.o
    0x000214ea   0x000214ea   0x00000002   PAD
    0x000214ec   0x000214ec   0x00000028   Code   RO         4929    i.nrfx_twim_xfer    nrfx_twim.o
    0x00021514   0x00021514   0x00000010   Code   RO         4512    i.nrfx_uart_0_irq_handler  nrfx_uart.o
    0x00021524   0x00021524   0x000000d0   Code   RO         4514    i.nrfx_uart_init    nrfx_uart.o
    0x000215f4   0x000215f4   0x000000ec   Code   RO         4515    i.nrfx_uart_rx      nrfx_uart.o
    0x000216e0   0x000216e0   0x000000a8   Code   RO         4520    i.nrfx_uart_tx      nrfx_uart.o
    0x00021788   0x00021788   0x00000020   Code   RO         4522    i.nrfx_uart_tx_in_progress  nrfx_uart.o
    0x000217a8   0x000217a8   0x00000010   Code   RO         4701    i.nrfx_uarte_0_irq_handler  nrfx_uarte.o
    0x000217b8   0x000217b8   0x0000006c   Code   RO         4703    i.nrfx_uarte_init   nrfx_uarte.o
    0x00021824   0x00021824   0x00000104   Code   RO         4704    i.nrfx_uarte_rx     nrfx_uarte.o
    0x00021928   0x00021928   0x000000ac   Code   RO         4707    i.nrfx_uarte_tx     nrfx_uarte.o
    0x000219d4   0x000219d4   0x0000001c   Code   RO         4709    i.nrfx_uarte_tx_in_progress  nrfx_uarte.o
    0x000219f0   0x000219f0   0x00000044   Code   RO         5200    i.nrfx_wdt_channel_alloc  nrfx_wdt.o
    0x00021a34   0x00021a34   0x00000018   Code   RO         5201    i.nrfx_wdt_channel_feed  nrfx_wdt.o
    0x00021a4c   0x00021a4c   0x0000001c   Code   RO         5202    i.nrfx_wdt_enable   nrfx_wdt.o
    0x00021a68   0x00021a68   0x00000058   Code   RO         5204    i.nrfx_wdt_init     nrfx_wdt.o
    0x00021ac0   0x00021ac0   0x0000040c   Code   RO           24    i.nus_data_handler  main.o
    0x00021ecc   0x00021ecc   0x00000054   Code   RO           25    i.on_adv_evt        main.o
    0x00021f20   0x00021f20   0x0000001c   Code   RO           26    i.on_conn_params_evt  main.o
    0x00021f3c   0x00021f3c   0x0000006a   Code   RO         8443    i.on_connect        ble_nus.o
    0x00021fa6   0x00021fa6   0x00000002   PAD
    0x00021fa8   0x00021fa8   0x000000ac   Code   RO         8505    i.on_connect        ble_hids.o
    0x00022054   0x00022054   0x0000008c   Code   RO         2454    i.on_connected_evt  nrf_ble_gatt.o
    0x000220e0   0x000220e0   0x000000b0   Code   RO         2455    i.on_exchange_mtu_request_evt  nrf_ble_gatt.o
    0x00022190   0x00022190   0x00000024   Code   RO           27    i.on_hids_evt       main.o
    0x000221b4   0x000221b4   0x0000005e   Code   RO         8506    i.on_protocol_mode_read_auth  ble_hids.o
    0x00022212   0x00022212   0x0000003c   Code   RO         8507    i.on_report_cccd_write  ble_hids.o
    0x0002224e   0x0002224e   0x00000084   Code   RO         8508    i.on_report_value_read_auth  ble_hids.o
    0x000222d2   0x000222d2   0x00000076   Code   RO         8509    i.on_report_value_write  ble_hids.o
    0x00022348   0x00022348   0x000000ce   Code   RO         8510    i.on_rw_authorize_request  ble_hids.o
    0x00022416   0x00022416   0x00000084   Code   RO         8444    i.on_write          ble_nus.o
    0x0002249a   0x0002249a   0x00000002   PAD
    0x0002249c   0x0002249c   0x000001a8   Code   RO         8511    i.on_write          ble_hids.o
    0x00022644   0x00022644   0x00000024   Code   RO         5937    i.page_identify     fds.o
    0x00022668   0x00022668   0x0000001c   Code   RO         5938    i.page_offsets_update  fds.o
    0x00022684   0x00022684   0x0000006c   Code   RO         5939    i.page_scan         fds.o
    0x000226f0   0x000226f0   0x0000001c   Code   RO         5940    i.page_tag_write_data  fds.o
    0x0002270c   0x0002270c   0x00000024   Code   RO         5941    i.page_tag_write_swap  fds.o
    0x00022730   0x00022730   0x00000130   Code   RO         5942    i.pages_init        fds.o
    0x00022860   0x00022860   0x0000000c   Code   RO         3373    i.pairing           security_dispatcher.o
    0x0002286c   0x0002286c   0x00000074   Code   RO         3374    i.pairing_failure   security_dispatcher.o
    0x000228e0   0x000228e0   0x0000002e   Code   RO         3375    i.pairing_success_evt_send  security_dispatcher.o
    0x0002290e   0x0002290e   0x00000006   Code   RO         3515    i.params_reply_pending_handle  security_manager.o
    0x00022914   0x00022914   0x00000020   Code   RO         3516    i.params_req_send   security_manager.o
    0x00022934   0x00022934   0x0000001c   Code   RO         2707    i.pdb_evt_send      peer_database.o
    0x00022950   0x00022950   0x00000090   Code   RO         2708    i.pdb_init          peer_database.o
    0x000229e0   0x000229e0   0x0000007c   Code   RO         2709    i.pdb_pds_evt_handler  peer_database.o
    0x00022a5c   0x00022a5c   0x00000006   Code   RO         2710    i.pdb_peer_data_ptr_get  peer_database.o
    0x00022a62   0x00022a62   0x00000002   PAD
    0x00022a64   0x00022a64   0x0000008c   Code   RO         2711    i.pdb_peer_free     peer_database.o
    0x00022af0   0x00022af0   0x000000dc   Code   RO         2712    i.pdb_write_buf_get  peer_database.o
    0x00022bcc   0x00022bcc   0x00000014   Code   RO         2713    i.pdb_write_buf_release  peer_database.o
    0x00022be0   0x00022be0   0x00000036   Code   RO         2714    i.pdb_write_buf_store  peer_database.o
    0x00022c16   0x00022c16   0x00000002   PAD
    0x00022c18   0x00022c18   0x00000010   Code   RO         2566    i.pds_evt_send      peer_data_storage.o
    0x00022c28   0x00022c28   0x000000dc   Code   RO         2567    i.pds_init          peer_data_storage.o
    0x00022d04   0x00022d04   0x00000004   Code   RO         2568    i.pds_next_deleted_peer_id_get  peer_data_storage.o
    0x00022d08   0x00022d08   0x00000004   Code   RO         2569    i.pds_next_peer_id_get  peer_data_storage.o
    0x00022d0c   0x00022d0c   0x00000058   Code   RO         2572    i.pds_peer_data_iterate  peer_data_storage.o
    0x00022d64   0x00022d64   0x00000010   Code   RO         2573    i.pds_peer_data_iterate_prepare  peer_data_storage.o
    0x00022d74   0x00022d74   0x00000072   Code   RO         2574    i.pds_peer_data_read  peer_data_storage.o
    0x00022de6   0x00022de6   0x00000002   PAD
    0x00022de8   0x00022de8   0x000000a4   Code   RO         2575    i.pds_peer_data_store  peer_data_storage.o
    0x00022e8c   0x00022e8c   0x00000008   Code   RO         2576    i.pds_peer_id_allocate  peer_data_storage.o
    0x00022e94   0x00022e94   0x00000016   Code   RO         2577    i.pds_peer_id_free  peer_data_storage.o
    0x00022eaa   0x00022eaa   0x00000004   Code   RO         2578    i.pds_peer_id_is_allocated  peer_data_storage.o
    0x00022eae   0x00022eae   0x00000002   PAD
    0x00022eb0   0x00022eb0   0x000000a8   Code   RO         2580    i.peer_data_delete_process  peer_data_storage.o
    0x00022f58   0x00022f58   0x00000030   Code   RO         2581    i.peer_data_find    peer_data_storage.o
    0x00022f88   0x00022f88   0x00000024   Code   RO         2582    i.peer_data_id_is_valid  peer_data_storage.o
    0x00022fac   0x00022fac   0x0000001a   Code   RO         2715    i.peer_data_point_to_buffer  peer_database.o
    0x00022fc6   0x00022fc6   0x00000002   PAD
    0x00022fc8   0x00022fc8   0x0000000c   Code   RO         2828    i.peer_id_allocate  peer_id.o
    0x00022fd4   0x00022fd4   0x00000024   Code   RO         2829    i.peer_id_delete    peer_id.o
    0x00022ff8   0x00022ff8   0x0000001c   Code   RO         2830    i.peer_id_free      peer_id.o
    0x00023014   0x00023014   0x0000000c   Code   RO         2831    i.peer_id_get_next_deleted  peer_id.o
    0x00023020   0x00023020   0x00000030   Code   RO         2832    i.peer_id_get_next_used  peer_id.o
    0x00023050   0x00023050   0x0000000c   Code   RO         2833    i.peer_id_init      peer_id.o
    0x0002305c   0x0002305c   0x00000014   Code   RO         2834    i.peer_id_is_allocated  peer_id.o
    0x00023070   0x00023070   0x00000014   Code   RO         2835    i.peer_id_is_deleted  peer_id.o
    0x00023084   0x00023084   0x0000006c   Code   RO           28    i.peer_manager_init  main.o
    0x000230f0   0x000230f0   0x00000012   Code   RO         1631    i.phy_is_valid      ble_advertising.o
    0x00023102   0x00023102   0x00000002   PAD
    0x00023104   0x00023104   0x00000018   Code   RO         4218    i.pin_in_use_by_port  nrfx_gpiote.o
    0x0002311c   0x0002311c   0x00000018   Code   RO         4219    i.pin_in_use_by_te  nrfx_gpiote.o
    0x00023134   0x00023134   0x00000064   Code   RO         3320    i.pm_buffer_block_acquire  pm_buffer.o
    0x00023198   0x00023198   0x00000024   Code   RO         3321    i.pm_buffer_init    pm_buffer.o
    0x000231bc   0x000231bc   0x00000028   Code   RO         3322    i.pm_buffer_ptr_get  pm_buffer.o
    0x000231e4   0x000231e4   0x00000032   Code   RO         3323    i.pm_buffer_release  pm_buffer.o
    0x00023216   0x00023216   0x0000000a   Code   RO         2920    i.pm_conn_sec_config_reply  peer_manager.o
    0x00023220   0x00023220   0x00000014   Code   RO         2922    i.pm_conn_sec_status_get  peer_manager.o
    0x00023234   0x00023234   0x0000001c   Code   RO         2923    i.pm_conn_secure    peer_manager.o
    0x00023250   0x00023250   0x00000348   Code   RO           29    i.pm_evt_handler    main.o
    0x00023598   0x00023598   0x00000004   Code   RO         2925    i.pm_gcm_evt_handler  peer_manager.o
    0x0002359c   0x0002359c   0x00000004   Code   RO         2926    i.pm_gscm_evt_handler  peer_manager.o
    0x000235a0   0x000235a0   0x00000244   Code   RO         3226    i.pm_handler_flash_clean  peer_manager_handler.o
    0x000237e4   0x000237e4   0x0000001c   Code   RO         3227    i.pm_handler_flash_clean_on_return  peer_manager_handler.o
    0x00023800   0x00023800   0x00000054   Code   RO         3228    i.pm_handler_on_pm_evt  peer_manager_handler.o
    0x00023854   0x00023854   0x00000310   Code   RO         3229    i.pm_handler_pm_evt_log  peer_manager_handler.o
    0x00023b64   0x00023b64   0x00000004   Code   RO         2929    i.pm_im_evt_handler  peer_manager.o
    0x00023b68   0x00023b68   0x000001bc   Code   RO         2930    i.pm_init           peer_manager.o
    0x00023d24   0x00023d24   0x00000118   Code   RO         2934    i.pm_pdb_evt_handler  peer_manager.o
    0x00023e3c   0x00023e3c   0x00000014   Code   RO         2945    i.pm_peer_delete    peer_manager.o
    0x00023e50   0x00023e50   0x0000011c   Code   RO         2949    i.pm_peer_rank_highest  peer_manager.o
    0x00023f6c   0x00023f6c   0x000000e8   Code   RO         2950    i.pm_peer_ranks_get  peer_manager.o
    0x00024054   0x00024054   0x00000094   Code   RO         2951    i.pm_peers_delete   peer_manager.o
    0x000240e8   0x000240e8   0x0000002c   Code   RO         2954    i.pm_register       peer_manager.o
    0x00024114   0x00024114   0x00000014   Code   RO         2956    i.pm_sec_params_set  peer_manager.o
    0x00024128   0x00024128   0x0000000a   Code   RO         2957    i.pm_sm_evt_handler  peer_manager.o
    0x00024132   0x00024132   0x00000002   PAD
    0x00024134   0x00024134   0x0000003c   Code   RO         7826    i.postfix_process   nrf_log_str_formatter.o
    0x00024170   0x00024170   0x00000098   Code   RO         7827    i.prefix_process    nrf_log_str_formatter.o
    0x00024208   0x00024208   0x000000b8   Code   RO          776    i.print_flash_info  feng_fstorage.o
    0x000242c0   0x000242c0   0x00000018   Code   RO         4453    i.prs_box_get       nrfx_prs.o
    0x000242d8   0x000242d8   0x0000001c   Code   RO         5943    i.queue_buf_get     fds.o
    0x000242f4   0x000242f4   0x00000010   Code   RO         5944    i.queue_buf_store   fds.o
    0x00024304   0x00024304   0x00000014   Code   RO         6741    i.queue_free        nrf_fstorage_sd.o
    0x00024318   0x00024318   0x000000a4   Code   RO         5945    i.queue_process     fds.o
    0x000243bc   0x000243bc   0x000000a0   Code   RO         6742    i.queue_process     nrf_fstorage_sd.o
    0x0002445c   0x0002445c   0x00000064   Code   RO         7398    i.queue_read        nrf_queue.o
    0x000244c0   0x000244c0   0x0000001c   Code   RO         5946    i.queue_start       fds.o
    0x000244dc   0x000244dc   0x00000024   Code   RO         6743    i.queue_start       nrf_fstorage_sd.o
    0x00024500   0x00024500   0x00000018   Code   RO         7399    i.queue_utilization_get  nrf_queue.o
    0x00024518   0x00024518   0x00000028   Code   RO          623    i.random_vector_generate  app.o
    0x00024540   0x00024540   0x0000001c   Code   RO         3232    i.rank_highest      peer_manager_handler.o
    0x0002455c   0x0002455c   0x00000034   Code   RO         2960    i.rank_vars_update  peer_manager.o
    0x00024590   0x00024590   0x0000000e   Code   RO         6744    i.read              nrf_fstorage_sd.o
    0x0002459e   0x0002459e   0x00000002   PAD
    0x000245a0   0x000245a0   0x00000074   Code   RO          929    i.read_tp_id        feng_twi.o
    0x00024614   0x00024614   0x000000a8   Code   RO         2716    i.reattempt_previous_operations  peer_database.o
    0x000246bc   0x000246bc   0x00000090   Code   RO         5947    i.record_find       fds.o
    0x0002474c   0x0002474c   0x000000a0   Code   RO         5948    i.record_find_by_desc  fds.o
    0x000247ec   0x000247ec   0x0000005c   Code   RO         5949    i.record_find_next  fds.o
    0x00024848   0x00024848   0x0000003c   Code   RO         5950    i.record_header_flag_dirty  fds.o
    0x00024884   0x00024884   0x00000088   Code   RO         5951    i.records_stat      fds.o
    0x0002490c   0x0002490c   0x00000010   Code   RO         2837    i.release           peer_id.o
    0x0002491c   0x0002491c   0x0000009a   Code   RO         8512    i.rep_char_add      ble_hids.o
    0x000249b6   0x000249b6   0x000000be   Code   RO         8513    i.rep_map_char_add  ble_hids.o
    0x00024a74   0x00024a74   0x000000f2   Code   RO         8514    i.rep_value_identify  ble_hids.o
    0x00024b66   0x00024b66   0x00000004   Code   RO         6745    i.rmap              nrf_fstorage_sd.o
    0x00024b6a   0x00024b6a   0x00000002   PAD
    0x00024b6c   0x00024b6c   0x0000005c   Code   RO         5518    i.rtc_irq           app_timer2.o
    0x00024bc8   0x00024bc8   0x00000064   Code   RO         5519    i.rtc_schedule      app_timer2.o
    0x00024c2c   0x00024c2c   0x00000074   Code   RO         5520    i.rtc_update        app_timer2.o
    0x00024ca0   0x00024ca0   0x00000032   Code   RO         4524    i.rx_byte           nrfx_uart.o
    0x00024cd2   0x00024cd2   0x00000016   Code   RO         4525    i.rx_done_event     nrfx_uart.o
    0x00024ce8   0x00024ce8   0x00000016   Code   RO         4711    i.rx_done_event     nrfx_uarte.o
    0x00024cfe   0x00024cfe   0x00000020   Code   RO         4526    i.rx_enable         nrfx_uart.o
    0x00024d1e   0x00024d1e   0x00000002   PAD
    0x00024d20   0x00024d20   0x00000024   Code   RO         2032    i.sc_send_pending_handle  gatt_cache_manager.o
    0x00024d44   0x00024d44   0x00000050   Code   RO         3721    i.sd_state_evt_handler  nrf_drv_clock.o
    0x00024d94   0x00024d94   0x00000050   Code   RO         5065    i.sd_state_evt_handler  nrf_drv_rng.o
    0x00024de4   0x00024de4   0x00000030   Code   RO         8240    i.sdh_request_observer_notify  nrf_sdh.o
    0x00024e14   0x00024e14   0x0000002c   Code   RO         8241    i.sdh_state_observer_notify  nrf_sdh.o
    0x00024e40   0x00024e40   0x000000d8   Code   RO         3376    i.sec_info_request_process  security_dispatcher.o
    0x00024f18   0x00024f18   0x000000f4   Code   RO         3377    i.sec_keyset_fill   security_dispatcher.o
    0x0002500c   0x0002500c   0x00000076   Code   RO         3517    i.sec_params_verify  security_manager.o
    0x00025082   0x00025082   0x00000002   PAD
    0x00025084   0x00025084   0x00000060   Code   RO         3378    i.sec_proc_start    security_dispatcher.o
    0x000250e4   0x000250e4   0x0000005c   Code   RO         3518    i.sec_req_process   security_manager.o
    0x00025140   0x00025140   0x000000d4   Code   RO          624    i.send_ble_device_mac  app.o
    0x00025214   0x00025214   0x00000158   Code   RO          625    i.send_ble_version  app.o
    0x0002536c   0x0002536c   0x00000022   Code   RO         3379    i.send_config_req   security_dispatcher.o
    0x0002538e   0x0002538e   0x00000002   PAD
    0x00025390   0x00025390   0x00000058   Code   RO           31    i.send_data_app     main.o
    0x000253e8   0x000253e8   0x00000010   Code   RO         1719    i.send_error_evt    ble_conn_params.o
    0x000253f8   0x000253f8   0x000000b4   Code   RO          626    i.send_random_app   app.o
    0x000254ac   0x000254ac   0x00000028   Code   RO         2033    i.send_unexpected_error  gatt_cache_manager.o
    0x000254d4   0x000254d4   0x00000028   Code   RO         3380    i.send_unexpected_error  security_dispatcher.o
    0x000254fc   0x000254fc   0x00000050   Code   RO         7505    i.serial_tx         nrf_log_backend_rtt.o
    0x0002554c   0x0002554c   0x00000014   Code   RO         2034    i.service_changed_pending_flags_check  gatt_cache_manager.o
    0x00025560   0x00025560   0x00000094   Code   RO         2193    i.service_changed_pending_set  gatts_cache_manager.o
    0x000255f4   0x000255f4   0x00000168   Code   RO         2035    i.service_changed_send_in_evt  gatt_cache_manager.o
    0x0002575c   0x0002575c   0x00000088   Code   RO         1524    i.service_data_encode  ble_advdata.o
    0x000257e4   0x000257e4   0x00000004   Code   RO           32    i.service_error_handler  main.o
    0x000257e8   0x000257e8   0x00000030   Code   RO         1962    i.set_security_req  ble_srv_common.o
    0x00025818   0x00025818   0x00000028   Code   RO           33    i.sleep_mode_enter  main.o
    0x00025840   0x00025840   0x0000002c   Code   RO         3519    i.sm_ble_evt_handler  security_manager.o
    0x0002586c   0x0002586c   0x00000004   Code   RO         3520    i.sm_conn_sec_config_reply  security_manager.o
    0x00025870   0x00025870   0x000000a2   Code   RO         3521    i.sm_conn_sec_status_get  security_manager.o
    0x00025912   0x00025912   0x00000002   PAD
    0x00025914   0x00025914   0x00000058   Code   RO         3522    i.sm_init           security_manager.o
    0x0002596c   0x0002596c   0x0000000a   Code   RO         3524    i.sm_link_secure    security_manager.o
    0x00025976   0x00025976   0x00000002   PAD
    0x00025978   0x00025978   0x00000044   Code   RO         3525    i.sm_pdb_evt_handler  security_manager.o
    0x000259bc   0x000259bc   0x00000028   Code   RO         3526    i.sm_sec_is_sufficient  security_manager.o
    0x000259e4   0x000259e4   0x00000034   Code   RO         3528    i.sm_sec_params_set  security_manager.o
    0x00025a18   0x00025a18   0x0000002c   Code   RO         3529    i.sm_smd_evt_handler  security_manager.o
    0x00025a44   0x00025a44   0x000000f4   Code   RO         3381    i.smd_ble_evt_handler  security_dispatcher.o
    0x00025b38   0x00025b38   0x00000010   Code   RO         3382    i.smd_conn_sec_config_reply  security_dispatcher.o
    0x00025b48   0x00025b48   0x00000068   Code   RO         3383    i.smd_init          security_dispatcher.o
    0x00025bb0   0x00025bb0   0x00000028   Code   RO         3384    i.smd_link_secure   security_dispatcher.o
    0x00025bd8   0x00025bd8   0x000000b0   Code   RO         3385    i.smd_params_reply  security_dispatcher.o
    0x00025c88   0x00025c88   0x00000040   Code   RO         3530    i.smd_params_reply_perform  security_manager.o
    0x00025cc8   0x00025cc8   0x00000018   Code   RO         3722    i.soc_evt_handler   nrf_drv_clock.o
    0x00025ce0   0x00025ce0   0x00000038   Code   RO         8242    i.softdevice_evt_irq_disable  nrf_sdh.o
    0x00025d18   0x00025d18   0x00000058   Code   RO         8243    i.softdevices_evt_irq_enable  nrf_sdh.o
    0x00025d70   0x00025d70   0x0000000c   Code   RO         5521    i.sortlist_pop      app_timer2.o
    0x00025d7c   0x00025d7c   0x00000030   Code   RO         5278    i.state_set         app_button.o
    0x00025dac   0x00025dac   0x0000008c   Code   RO         7662    i.std_n             nrf_log_frontend.o
    0x00025e38   0x00025e38   0x0000006c   Code   RO         2036    i.store_car_value   gatt_cache_manager.o
    0x00025ea4   0x00025ea4   0x00000020   Code   RO          730    i.system_time_init  test.o
    0x00025ec4   0x00025ec4   0x0000002c   Code   RO          731    i.system_time_manger  test.o
    0x00025ef0   0x00025ef0   0x0000005c   Code   RO          777    i.test_rease_flash  feng_fstorage.o
    0x00025f4c   0x00025f4c   0x00000058   Code   RO         5522    i.timer_expire      app_timer2.o
    0x00025fa4   0x00025fa4   0x00000078   Code   RO         5523    i.timer_req_process  app_timer2.o
    0x0002601c   0x0002601c   0x00000038   Code   RO         5524    i.timer_req_schedule  app_timer2.o
    0x00026054   0x00026054   0x00000018   Code   RO         5279    i.timer_start       app_button.o
    0x0002606c   0x0002606c   0x0000000c   Code   RO           34    i.tp_pin_handler    main.o
    0x00026078   0x00026078   0x000000aa   Code   RO         4855    i.twi_clear_bus     nrf_drv_twi.o
    0x00026122   0x00026122   0x00000002   PAD
    0x00026124   0x00026124   0x00000014   Code   RO          931    i.twi_handler       feng_twi.o
    0x00026138   0x00026138   0x00000038   Code   RO          932    i.twi_init          feng_twi.o
    0x00026170   0x00026170   0x00000040   Code   RO         4856    i.twim_evt_handler  nrf_drv_twi.o
    0x000261b0   0x000261b0   0x00000150   Code   RO         4930    i.twim_irq_handler  nrfx_twim.o
    0x00026300   0x00026300   0x0000024c   Code   RO         4931    i.twim_xfer         nrfx_twim.o
    0x0002654c   0x0002654c   0x00000020   Code   RO         4527    i.tx_byte           nrfx_uart.o
    0x0002656c   0x0002656c   0x0000001a   Code   RO         4528    i.tx_done_event     nrfx_uart.o
    0x00026586   0x00026586   0x0000001a   Code   RO         4712    i.tx_done_event     nrfx_uarte.o
    0x000265a0   0x000265a0   0x00000200   Code   RO           35    i.uart_event_handle  main.o
    0x000267a0   0x000267a0   0x000000a4   Code   RO         7210    i.uart_event_handler  app_uart_fifo.o
    0x00026844   0x00026844   0x00000030   Code   RO         3853    i.uart_evt_handler  nrf_drv_uart.o
    0x00026874   0x00026874   0x0000012a   Code   RO         4529    i.uart_irq_handler  nrfx_uart.o
    0x0002699e   0x0002699e   0x00000002   PAD
    0x000269a0   0x000269a0   0x00000030   Code   RO         3854    i.uarte_evt_handler  nrf_drv_uart.o
    0x000269d0   0x000269d0   0x00000112   Code   RO         4713    i.uarte_irq_handler  nrfx_uarte.o
    0x00026ae2   0x00026ae2   0x0000000a   Code   RO         1525    i.uint16_encode     ble_advdata.o
    0x00026aec   0x00026aec   0x00000020   Code   RO         6746    i.uninit            nrf_fstorage_sd.o
    0x00026b0c   0x00026b0c   0x000000b4   Code   RO         6610    i.unsigned_print    nrf_fprintf_format.o
    0x00026bc0   0x00026bc0   0x000000dc   Code   RO          778    i.updata_records    feng_fstorage.o
    0x00026c9c   0x00026c9c   0x000000d0   Code   RO          779    i.updata_write      feng_fstorage.o
    0x00026d6c   0x00026d6c   0x00000030   Code   RO         2037    i.update_pending_flags_check  gatt_cache_manager.o
    0x00026d9c   0x00026d9c   0x00000068   Code   RO         1720    i.update_timeout_handler  ble_conn_params.o
    0x00026e04   0x00026e04   0x00000018   Code   RO         1632    i.use_whitelist     ble_advertising.o
    0x00026e1c   0x00026e1c   0x0000000c   Code   RO         1807    i.user_flag_is_acquired  ble_conn_state.o
    0x00026e28   0x00026e28   0x00000024   Code   RO         2526    i.user_mem_reply    nrf_ble_qwr.o
    0x00026e4c   0x00026e4c   0x00000020   Code   RO         5280    i.usr_event         app_button.o
    0x00026e6c   0x00026e6c   0x00000030   Code   RO         1526    i.uuid_list_encode  ble_advdata.o
    0x00026e9c   0x00026e9c   0x0000009e   Code   RO         1527    i.uuid_list_sized_encode  ble_advdata.o
    0x00026f3a   0x00026f3a   0x0000003a   Code   RO         1286    i.wakeup_button_cfg  bsp.o
    0x00026f74   0x00026f74   0x00000002   Code   RO           36    i.wdt_event_handler  main.o
    0x00026f76   0x00026f76   0x00000004   Code   RO         6747    i.wmap              nrf_fstorage_sd.o
    0x00026f7a   0x00026f7a   0x00000002   PAD
    0x00026f7c   0x00026f7c   0x00000050   Code   RO         6748    i.write             nrf_fstorage_sd.o
    0x00026fcc   0x00026fcc   0x0000014c   Code   RO         2717    i.write_buf_store   peer_database.o
    0x00027118   0x00027118   0x00000034   Code   RO         2718    i.write_buffer_record_find  peer_database.o
    0x0002714c   0x0002714c   0x00000030   Code   RO         2719    i.write_buffer_record_find_next  peer_database.o
    0x0002717c   0x0002717c   0x0000001c   Code   RO         2720    i.write_buffer_record_invalidate  peer_database.o
    0x00027198   0x00027198   0x0000002c   Code   RO         2721    i.write_buffer_record_release  peer_database.o
    0x000271c4   0x000271c4   0x000000f4   Code   RO         5952    i.write_enqueue     fds.o
    0x000272b8   0x000272b8   0x000000f8   Code   RO         5953    i.write_execute     fds.o
    0x000273b0   0x000273b0   0x00000018   Code   RO         5954    i.write_space_free  fds.o
    0x000273c8   0x000273c8   0x00000060   Code   RO         5955    i.write_space_reserve  fds.o
    0x00027428   0x00027428   0x0000006c   Code   RO         4932    i.xfer_completeness_check  nrfx_twim.o
    0x00027494   0x00027494   0x0000000c   PAD
    0x000274a0   0x000274a0   0x00000048   Data   RO           40    .constdata          main.o
    0x000274e8   0x000274e8   0x00000004   Data   RO          630    .constdata          app.o
    0x000274ec   0x000274ec   0x00000004   Data   RO          733    .constdata          test.o
    0x000274f0   0x000274f0   0x00000006   Data   RO          782    .constdata          feng_fstorage.o
    0x000274f6   0x000274f6   0x0000000a   PAD
    0x00027500   0x00027500   0x00000028   Data   RO          933    .constdata          feng_twi.o
    0x00027528   0x00027528   0x000002ff   Data   RO         1074    .constdata          aes.o
    0x00027827   0x00027827   0x00000008   Data   RO         1176    .constdata          boards.o
    0x0002782f   0x0002782f   0x00000001   PAD
    0x00027830   0x00027830   0x0000002c   Data   RO         1291    .constdata          bsp.o
    0x0002785c   0x0002785c   0x0000006c   Data   RO         2038    .constdata          gatt_cache_manager.o
    0x000278c8   0x000278c8   0x00000004   Data   RO         2194    .constdata          gatts_cache_manager.o
    0x000278cc   0x000278cc   0x00000010   Data   RO         2195    .constdata          gatts_cache_manager.o
    0x000278dc   0x000278dc   0x00000004   Data   RO         2196    .constdata          gatts_cache_manager.o
    0x000278e0   0x000278e0   0x00000008   Data   RO         2303    .constdata          id_manager.o
    0x000278e8   0x000278e8   0x0000000e   Data   RO         2456    .constdata          nrf_ble_gatt.o
    0x000278f6   0x000278f6   0x00000002   PAD
    0x000278f8   0x000278f8   0x00000018   Data   RO         2583    .constdata          peer_data_storage.o
    0x00027910   0x00027910   0x00000010   Data   RO         2723    .constdata          peer_database.o
    0x00027920   0x00027920   0x0000002c   Data   RO         2962    .constdata          peer_manager.o
    0x0002794c   0x0002794c   0x00000014   Data   RO         3235    .constdata          peer_manager_handler.o
    0x00027960   0x00027960   0x00000078   Data   RO         3387    .constdata          security_dispatcher.o
    0x000279d8   0x000279d8   0x00000008   Data   RO         3531    .constdata          security_manager.o
    0x000279e0   0x000279e0   0x00000004   Data   RO         4221    .constdata          nrfx_gpiote.o
    0x000279e4   0x000279e4   0x00000004   Data   RO         4532    .constdata          nrfx_uart.o
    0x000279e8   0x000279e8   0x00000004   Data   RO         4716    .constdata          nrfx_uarte.o
    0x000279ec   0x000279ec   0x00000004   PAD
    0x000279f0   0x000279f0   0x00000006   Data   RO         4857    .constdata          nrf_drv_twi.o
    0x000279f6   0x000279f6   0x00000002   PAD
    0x000279f8   0x000279f8   0x00000018   Data   RO         4935    .constdata          nrfx_twim.o
    0x00027a10   0x00027a10   0x00000002   Data   RO         5068    .constdata          nrf_drv_rng.o
    0x00027a12   0x00027a12   0x00000002   PAD
    0x00027a14   0x00027a14   0x00000008   Data   RO         5283    .constdata          app_button.o
    0x00027a1c   0x00027a1c   0x00000014   Data   RO         5527    .constdata          app_timer2.o
    0x00027a30   0x00027a30   0x00000006   Data   RO         5763    .constdata          drv_rtc.o
    0x00027a36   0x00027a36   0x00000002   PAD
    0x00027a38   0x00027a38   0x00000018   Data   RO         5958    .constdata          fds.o
    0x00027a50   0x00027a50   0x00000010   Data   RO         6611    .constdata          nrf_fprintf_format.o
    0x00027a60   0x00027a60   0x0000005e   Data   RO         6657    .constdata          nrf_fstorage.o
    0x00027abe   0x00027abe   0x00000002   PAD
    0x00027ac0   0x00027ac0   0x00000010   Data   RO         6751    .constdata          nrf_fstorage_sd.o
    0x00027ad0   0x00027ad0   0x00000020   Data   RO         6752    .constdata          nrf_fstorage_sd.o
    0x00027af0   0x00027af0   0x00000018   Data   RO         6930    .constdata          nrf_pwr_mgmt.o
    0x00027b08   0x00027b08   0x0000000c   Data   RO         6931    .constdata          nrf_pwr_mgmt.o
    0x00027b14   0x00027b14   0x0000013c   Data   RO         7143    .constdata          nrf_strerror.o
    0x00027c50   0x00027c50   0x00000028   Data   RO         7212    .constdata          app_uart_fifo.o
    0x00027c78   0x00027c78   0x0000000c   Data   RO         7507    .constdata          nrf_log_backend_rtt.o
    0x00027c84   0x00027c84   0x0000000c   PAD
    0x00027c90   0x00027c90   0x00000006   Data   RO         7508    .constdata          nrf_log_backend_rtt.o
    0x00027c96   0x00027c96   0x00000002   PAD
    0x00027c98   0x00027c98   0x0000000c   Data   RO         7667    .constdata          nrf_log_frontend.o
    0x00027ca4   0x00027ca4   0x00000010   Data   RO         8244    .constdata          nrf_sdh.o
    0x00027cb4   0x00027cb4   0x00000028   Data   RO         8245    .constdata          nrf_sdh.o
    0x00027cdc   0x00027cdc   0x00000010   Data   RO         8246    .constdata          nrf_sdh.o
    0x00027cec   0x00027cec   0x00000010   Data   RO         8247    .constdata          nrf_sdh.o
    0x00027cfc   0x00027cfc   0x00000020   Data   RO         8355    .constdata          nrf_sdh_ble.o
    0x00027d1c   0x00027d1c   0x00000010   Data   RO         8356    .constdata          nrf_sdh_ble.o
    0x00027d2c   0x00027d2c   0x00000010   Data   RO         8406    .constdata          nrf_sdh_soc.o
    0x00027d3c   0x00027d3c   0x0000000c   Data   RO         8407    .constdata          nrf_sdh_soc.o
    0x00027d48   0x00027d48   0x00000010   Data   RO         8445    .constdata          ble_nus.o
    0x00027d58   0x00027d58   0x00000081   Data   RO         8688    .constdata          mc_w.l(ctype_o.o)
    0x00027dd9   0x00027dd9   0x00000003   PAD
    0x00027ddc   0x00027ddc   0x00000004   Data   RO         8689    .constdata          mc_w.l(ctype_o.o)
    0x00027de0   0x00027de0   0x00000041   Data   RO          783    .conststring        feng_fstorage.o
    0x00027e21   0x00027e21   0x00000003   PAD
    0x00027e24   0x00027e24   0x000001a4   Data   RO         2039    .conststring        gatt_cache_manager.o
    0x00027fc8   0x00027fc8   0x0000019c   Data   RO         2197    .conststring        gatts_cache_manager.o
    0x00028164   0x00028164   0x000000e8   Data   RO         2584    .conststring        peer_data_storage.o
    0x0002824c   0x0002824c   0x00000180   Data   RO         2724    .conststring        peer_database.o
    0x000283cc   0x000283cc   0x00000090   Data   RO         2963    .conststring        peer_manager.o
    0x0002845c   0x0002845c   0x0000030f   Data   RO         3236    .conststring        peer_manager_handler.o
    0x0002876b   0x0002876b   0x00000001   PAD
    0x0002876c   0x0002876c   0x000002b2   Data   RO         3388    .conststring        security_dispatcher.o
    0x00028a1e   0x00028a1e   0x00000002   PAD
    0x00028a20   0x00028a20   0x0000017b   Data   RO         3532    .conststring        security_manager.o
    0x00028b9b   0x00028b9b   0x00000001   PAD
    0x00028b9c   0x00028b9c   0x0000004f   Data   RO         6658    .conststring        nrf_fstorage.o
    0x00028beb   0x00028beb   0x00000001   PAD
    0x00028bec   0x00028bec   0x000003eb   Data   RO         7144    .conststring        nrf_strerror.o
    0x00028fd7   0x00028fd7   0x00000001   PAD
    0x00028fd8   0x00028fd8   0x00000066   Data   RO         7828    .conststring        nrf_log_str_formatter.o
    0x0002903e   0x0002903e   0x00000002   PAD
    0x00029040   0x00029040   0x000001cf   Data   RO         8357    .conststring        nrf_sdh_ble.o
    0x0002920f   0x0002920f   0x00000001   PAD
    0x00029210   0x00029210   0x00000011   Data   RO         2040    .conststrlit        gatt_cache_manager.o
    0x00029221   0x00029221   0x00000003   PAD
    0x00029224   0x00029224   0x00000012   Data   RO         2198    .conststrlit        gatts_cache_manager.o
    0x00029236   0x00029236   0x00000002   PAD
    0x00029238   0x00029238   0x00000010   Data   RO         2305    .conststrlit        id_manager.o
    0x00029248   0x00029248   0x0000000d   Data   RO         2457    .conststrlit        nrf_ble_gatt.o
    0x00029255   0x00029255   0x00000003   PAD
    0x00029258   0x00029258   0x00000011   Data   RO         2585    .conststrlit        peer_data_storage.o
    0x00029269   0x00029269   0x00000003   PAD
    0x0002926c   0x0002926c   0x00000011   Data   RO         2725    .conststrlit        peer_database.o
    0x0002927d   0x0002927d   0x00000003   PAD
    0x00029280   0x00029280   0x0000000d   Data   RO         2964    .conststrlit        peer_manager.o
    0x0002928d   0x0002928d   0x00000003   PAD
    0x00029290   0x00029290   0x00000015   Data   RO         3239    .conststrlit        peer_manager_handler.o
    0x000292a5   0x000292a5   0x00000003   PAD
    0x000292a8   0x000292a8   0x00000011   Data   RO         3389    .conststrlit        security_dispatcher.o
    0x000292b9   0x000292b9   0x00000003   PAD
    0x000292bc   0x000292bc   0x00000010   Data   RO         3533    .conststrlit        security_manager.o
    0x000292cc   0x000292cc   0x00000006   Data   RO         3728    .conststrlit        nrf_drv_clock.o
    0x000292d2   0x000292d2   0x00000002   PAD
    0x000292d4   0x000292d4   0x00000006   Data   RO         4060    .conststrlit        nrfx_clock.o
    0x000292da   0x000292da   0x00000002   PAD
    0x000292dc   0x000292dc   0x00000007   Data   RO         4225    .conststrlit        nrfx_gpiote.o
    0x000292e3   0x000292e3   0x00000001   PAD
    0x000292e4   0x000292e4   0x00000004   Data   RO         4455    .conststrlit        nrfx_prs.o
    0x000292e8   0x000292e8   0x00000005   Data   RO         4535    .conststrlit        nrfx_uart.o
    0x000292ed   0x000292ed   0x00000003   PAD
    0x000292f0   0x000292f0   0x00000006   Data   RO         4719    .conststrlit        nrfx_uarte.o
    0x000292f6   0x000292f6   0x00000002   PAD
    0x000292f8   0x000292f8   0x00000005   Data   RO         4938    .conststrlit        nrfx_twim.o
    0x000292fd   0x000292fd   0x00000003   PAD
    0x00029300   0x00029300   0x00000004   Data   RO         5071    .conststrlit        nrf_drv_rng.o
    0x00029304   0x00029304   0x00000004   Data   RO         5144    .conststrlit        nrfx_rng.o
    0x00029308   0x00029308   0x00000004   Data   RO         5207    .conststrlit        nrfx_wdt.o
    0x0002930c   0x0002930c   0x0000000b   Data   RO         5284    .conststrlit        app_button.o
    0x00029317   0x00029317   0x00000001   PAD
    0x00029318   0x00029318   0x0000000a   Data   RO         5528    .conststrlit        app_timer2.o
    0x00029322   0x00029322   0x00000002   PAD
    0x00029324   0x00029324   0x0000000d   Data   RO         6659    .conststrlit        nrf_fstorage.o
    0x00029331   0x00029331   0x00000003   PAD
    0x00029334   0x00029334   0x00000009   Data   RO         6932    .conststrlit        nrf_pwr_mgmt.o
    0x0002933d   0x0002933d   0x00000003   PAD
    0x00029340   0x00029340   0x00000009   Data   RO         7090    .conststrlit        nrf_sortlist.o
    0x00029349   0x00029349   0x00000003   PAD
    0x0002934c   0x0002934c   0x00000010   Data   RO         7602    .conststrlit        nrf_log_default_backends.o
    0x0002935c   0x0002935c   0x00000004   Data   RO         7668    .conststrlit        nrf_log_frontend.o
    0x00029360   0x00029360   0x00000008   Data   RO         8248    .conststrlit        nrf_sdh.o
    0x00029368   0x00029368   0x0000000c   Data   RO         8358    .conststrlit        nrf_sdh_ble.o
    0x00029374   0x00029374   0x0000000c   Data   RO         8408    .conststrlit        nrf_sdh_soc.o
    0x00029380   0x00029380   0x00000008   Data   RO         8446    .conststrlit        ble_nus.o
    0x00029388   0x00029388   0x00000020   Data   RO         9027    Region$$Table       anon$$obj.o
    0x000293a8   0x000293a8   0x00000010   Data   RO         7604    log_backends        nrf_log_default_backends.o
    0x000293b8   0x000293b8   0x00000008   Data   RO         2042    log_const_data      gatt_cache_manager.o
    0x000293c0   0x000293c0   0x00000008   Data   RO         2200    log_const_data      gatts_cache_manager.o
    0x000293c8   0x000293c8   0x00000008   Data   RO         2307    log_const_data      id_manager.o
    0x000293d0   0x000293d0   0x00000008   Data   RO         2458    log_const_data      nrf_ble_gatt.o
    0x000293d8   0x000293d8   0x00000008   Data   RO         2587    log_const_data      peer_data_storage.o
    0x000293e0   0x000293e0   0x00000008   Data   RO         2727    log_const_data      peer_database.o
    0x000293e8   0x000293e8   0x00000008   Data   RO         2966    log_const_data      peer_manager.o
    0x000293f0   0x000293f0   0x00000008   Data   RO         3242    log_const_data      peer_manager_handler.o
    0x000293f8   0x000293f8   0x00000008   Data   RO         3391    log_const_data      security_dispatcher.o
    0x00029400   0x00029400   0x00000008   Data   RO         3535    log_const_data      security_manager.o
    0x00029408   0x00029408   0x00000008   Data   RO         3729    log_const_data      nrf_drv_clock.o
    0x00029410   0x00029410   0x00000008   Data   RO         4062    log_const_data      nrfx_clock.o
    0x00029418   0x00029418   0x00000008   Data   RO         4226    log_const_data      nrfx_gpiote.o
    0x00029420   0x00029420   0x00000008   Data   RO         4457    log_const_data      nrfx_prs.o
    0x00029428   0x00029428   0x00000008   Data   RO         4536    log_const_data      nrfx_uart.o
    0x00029430   0x00029430   0x00000008   Data   RO         4720    log_const_data      nrfx_uarte.o
    0x00029438   0x00029438   0x00000008   Data   RO         4939    log_const_data      nrfx_twim.o
    0x00029440   0x00029440   0x00000008   Data   RO         5073    log_const_data      nrf_drv_rng.o
    0x00029448   0x00029448   0x00000008   Data   RO         5146    log_const_data      nrfx_rng.o
    0x00029450   0x00029450   0x00000008   Data   RO         5209    log_const_data      nrfx_wdt.o
    0x00029458   0x00029458   0x00000008   Data   RO         5286    log_const_data      app_button.o
    0x00029460   0x00029460   0x00000008   Data   RO         5531    log_const_data      app_timer2.o
    0x00029468   0x00029468   0x00000008   Data   RO         6660    log_const_data      nrf_fstorage.o
    0x00029470   0x00029470   0x00000008   Data   RO         6934    log_const_data      nrf_pwr_mgmt.o
    0x00029478   0x00029478   0x00000008   Data   RO         7091    log_const_data      nrf_sortlist.o
    0x00029480   0x00029480   0x00000008   Data   RO         7671    log_const_data      nrf_log_frontend.o
    0x00029488   0x00029488   0x00000008   Data   RO         8250    log_const_data      nrf_sdh.o
    0x00029490   0x00029490   0x00000008   Data   RO         8360    log_const_data      nrf_sdh_ble.o
    0x00029498   0x00029498   0x00000008   Data   RO         8409    log_const_data      nrf_sdh_soc.o
    0x000294a0   0x000294a0   0x00000008   Data   RO         8447    log_const_data      ble_nus.o
    0x000294a8   0x000294a8   0x00000014   Data   RO         7672    nrf_balloc          nrf_log_frontend.o
    0x000294bc   0x000294bc   0x00000014   Data   RO         5074    nrf_queue           nrf_drv_rng.o
    0x000294d0   0x000294d0   0x00000008   Data   RO         1809    sdh_ble_observers0  ble_conn_state.o
    0x000294d8   0x000294d8   0x00000010   Data   RO           48    sdh_ble_observers1  main.o
    0x000294e8   0x000294e8   0x00000008   Data   RO         1394    sdh_ble_observers1  bsp_btn_ble.o
    0x000294f0   0x000294f0   0x00000008   Data   RO         1723    sdh_ble_observers1  ble_conn_params.o
    0x000294f8   0x000294f8   0x00000008   Data   RO         2967    sdh_ble_observers1  peer_manager.o
    0x00029500   0x00029500   0x00000018   Data   RO           49    sdh_ble_observers2  main.o
    0x00029518   0x00029518   0x00000008   Data   RO           50    sdh_ble_observers3  main.o
    0x00029520   0x00029520   0x00000008   Data   RO         6754    sdh_req_observers0  nrf_fstorage_sd.o
    0x00029528   0x00029528   0x00000008   Data   RO         3730    sdh_soc_observers0  nrf_drv_clock.o
    0x00029530   0x00029530   0x00000008   Data   RO         6755    sdh_soc_observers0  nrf_fstorage_sd.o
    0x00029538   0x00029538   0x00000008   Data   RO         8361    sdh_stack_observers0  nrf_sdh_ble.o
    0x00029540   0x00029540   0x00000008   Data   RO         8410    sdh_stack_observers0  nrf_sdh_soc.o
    0x00029548   0x00029548   0x00000008   Data   RO         3731    sdh_state_observers0  nrf_drv_clock.o
    0x00029550   0x00029550   0x00000008   Data   RO         5075    sdh_state_observers0  nrf_drv_rng.o
    0x00029558   0x00029558   0x00000008   Data   RO         6756    sdh_state_observers0  nrf_fstorage_sd.o


    Execution Region RW_IRAM1 (Exec base: 0x20002d78, Load base: 0x00029560, Size: 0x00002410, Max: 0x00003288, ABSOLUTE, COMPRESSED[0x00000114])

    Exec Addr    Load Addr    Size         Type   Attr      Idx    E Section Name        Object

    0x20002d78   COMPRESSED   0x0000023c   Data   RW           41    .data               main.o
    0x20002fb4   COMPRESSED   0x00000008   Data   RW           42    .data               main.o
    0x20002fbc   COMPRESSED   0x00000008   Data   RW           43    .data               main.o
    0x20002fc4   COMPRESSED   0x00000008   Data   RW           45    .data               main.o
    0x20002fcc   COMPRESSED   0x0000002e   Data   RW          631    .data               app.o
    0x20002ffa   COMPRESSED   0x00000001   Data   RW          632    .data               app.o
    0x20002ffb   COMPRESSED   0x00000001   Data   RW          633    .data               app.o
    0x20002ffc   COMPRESSED   0x00000004   Data   RW          734    .data               test.o
    0x20003000   COMPRESSED   0x00000008   Data   RW          784    .data               feng_fstorage.o
    0x20003008   COMPRESSED   0x00000001   Data   RW          786    .data               feng_fstorage.o
    0x20003009   COMPRESSED   0x00000001   Data   RW          787    .data               feng_fstorage.o
    0x2000300a   COMPRESSED   0x00000001   Data   RW          788    .data               feng_fstorage.o
    0x2000300b   COMPRESSED   0x00000001   PAD
    0x2000300c   COMPRESSED   0x00000008   Data   RW          934    .data               feng_twi.o
    0x20003014   COMPRESSED   0x0000000c   Data   RW         1075    .data               aes.o
    0x20003020   COMPRESSED   0x00000010   Data   RW         1292    .data               bsp.o
    0x20003030   COMPRESSED   0x00000008   Data   RW         1393    .data               bsp_btn_ble.o
    0x20003038   COMPRESSED   0x00000008   Data   RW         1722    .data               ble_conn_params.o
    0x20003040   COMPRESSED   0x00000010   Data   RW         2041    .data               gatt_cache_manager.o
    0x20003050   COMPRESSED   0x0000000c   Data   RW         2199    .data               gatts_cache_manager.o
    0x2000305c   COMPRESSED   0x0000000c   Data   RW         2586    .data               peer_data_storage.o
    0x20003068   COMPRESSED   0x00000008   Data   RW         2726    .data               peer_database.o
    0x20003070   COMPRESSED   0x00000010   Data   RW         2965    .data               peer_manager.o
    0x20003080   COMPRESSED   0x00000060   Data   RW         3240    .data               peer_manager_handler.o
    0x200030e0   COMPRESSED   0x00000005   Data   RW         3390    .data               security_dispatcher.o
    0x200030e5   COMPRESSED   0x00000003   PAD
    0x200030e8   COMPRESSED   0x00000015   Data   RW         3534    .data               security_manager.o
    0x200030fd   COMPRESSED   0x00000003   PAD
    0x20003100   COMPRESSED   0x0000000c   Data   RW         3855    .data               nrf_drv_uart.o
    0x2000310c   COMPRESSED   0x00000008   Data   RW         4061    .data               nrfx_clock.o
    0x20003114   COMPRESSED   0x00000008   Data   RW         4456    .data               nrfx_prs.o
    0x2000311c   COMPRESSED   0x00000008   Data   RW         4858    .data               nrf_drv_twi.o
    0x20003124   COMPRESSED   0x00000003   Data   RW         5072    .data               nrf_drv_rng.o
    0x20003127   COMPRESSED   0x00000001   PAD
    0x20003128   COMPRESSED   0x00000008   Data   RW         5145    .data               nrfx_rng.o
    0x20003130   COMPRESSED   0x00000008   Data   RW         5208    .data               nrfx_wdt.o
    0x20003138   COMPRESSED   0x00000018   Data   RW         5285    .data               app_button.o
    0x20003150   COMPRESSED   0x00000020   Data   RW         5529    .data               app_timer2.o
    0x20003170   COMPRESSED   0x00000004   Data   RW         5530    .data               app_timer2.o
    0x20003174   COMPRESSED   0x0000000c   Data   RW         5764    .data               drv_rtc.o
    0x20003180   COMPRESSED   0x00000030   Data   RW         5959    .data               fds.o
    0x200031b0   COMPRESSED   0x00000008   Data   RW         6753    .data               nrf_fstorage_sd.o
    0x200031b8   COMPRESSED   0x00000008   Data   RW         6933    .data               nrf_pwr_mgmt.o
    0x200031c0   COMPRESSED   0x0000001c   Data   RW         7213    .data               app_uart_fifo.o
    0x200031dc   COMPRESSED   0x00000001   Data   RW         7509    .data               nrf_log_backend_rtt.o
    0x200031dd   COMPRESSED   0x00000003   PAD
    0x200031e0   COMPRESSED   0x00000008   Data   RW         7603    .data               nrf_log_default_backends.o
    0x200031e8   COMPRESSED   0x00000008   Data   RW         7669    .data               nrf_log_frontend.o
    0x200031f0   COMPRESSED   0x00000008   Data   RW         7670    .data               nrf_log_frontend.o
    0x200031f8   COMPRESSED   0x00000040   Data   RW         7829    .data               nrf_log_str_formatter.o
    0x20003238   COMPRESSED   0x00000003   Data   RW         8249    .data               nrf_sdh.o
    0x2000323b   COMPRESSED   0x00000001   Data   RW         8359    .data               nrf_sdh_ble.o
    0x2000323c   COMPRESSED   0x00000004   Data   RW         8632    .data               system_nrf52810.o
    0x20003240   COMPRESSED   0x00000014   Data   RW          789    fs_data             feng_fstorage.o
    0x20003254   COMPRESSED   0x00000014   Data   RW         5960    fs_data             fds.o
    0x20003268        -       0x000004bc   Zero   RW           38    .bss                main.o
    0x20003724        -       0x00000040   Zero   RW           39    .bss                main.o
    0x20003764   COMPRESSED   0x00000004   PAD
    0x20003768        -       0x00000020   Zero   RW          628    .bss                app.o
    0x20003788        -       0x00000030   Zero   RW          629    .bss                app.o
    0x200037b8        -       0x00000020   Zero   RW          732    .bss                test.o
    0x200037d8        -       0x000000e0   Zero   RW          780    .bss                feng_fstorage.o
    0x200038b8        -       0x000000b0   Zero   RW         1073    .bss                aes.o
    0x20003968        -       0x00000020   Zero   RW         1287    .bss                bsp.o
    0x20003988        -       0x00000020   Zero   RW         1288    .bss                bsp.o
    0x200039a8        -       0x0000000c   Zero   RW         1289    .bss                bsp.o
    0x200039b4   COMPRESSED   0x00000004   PAD
    0x200039b8        -       0x00000020   Zero   RW         1290    .bss                bsp.o
    0x200039d8        -       0x00000050   Zero   RW         1721    .bss                ble_conn_params.o
    0x20003a28        -       0x0000007c   Zero   RW         1808    .bss                ble_conn_state.o
    0x20003aa4        -       0x000000d8   Zero   RW         2302    .bss                id_manager.o
    0x20003b7c        -       0x00000180   Zero   RW         2722    .bss                peer_database.o
    0x20003cfc        -       0x00000040   Zero   RW         2838    .bss                peer_id.o
    0x20003d3c        -       0x0000000c   Zero   RW         2961    .bss                peer_manager.o
    0x20003d48        -       0x00000040   Zero   RW         3386    .bss                security_dispatcher.o
    0x20003d88        -       0x00000014   Zero   RW         3723    .bss                nrf_drv_clock.o
    0x20003d9c        -       0x0000005c   Zero   RW         4220    .bss                nrfx_gpiote.o
    0x20003df8        -       0x0000002c   Zero   RW         4530    .bss                nrfx_uart.o
    0x20003e24        -       0x00000024   Zero   RW         4714    .bss                nrfx_uarte.o
    0x20003e48        -       0x00000034   Zero   RW         4933    .bss                nrfx_twim.o
    0x20003e7c        -       0x00000041   Zero   RW         5066    .bss                nrf_drv_rng.o
    0x20003ebd   COMPRESSED   0x00000003   PAD
    0x20003ec0        -       0x0000000c   Zero   RW         5067    .bss                nrf_drv_rng.o
    0x20003ecc   COMPRESSED   0x00000004   PAD
    0x20003ed0        -       0x00000020   Zero   RW         5281    .bss                app_button.o
    0x20003ef0        -       0x00000010   Zero   RW         5282    .bss                app_button.o
    0x20003f00        -       0x00000010   Zero   RW         5525    .bss                app_timer2.o
    0x20003f10        -       0x00000058   Zero   RW         5526    .bss                app_timer2.o
    0x20003f68        -       0x0000000c   Zero   RW         5652    .bss                app_util_platform.o
    0x20003f74        -       0x00000010   Zero   RW         5956    .bss                fds.o
    0x20003f84        -       0x000000e0   Zero   RW         5957    .bss                fds.o
    0x20004064        -       0x00000010   Zero   RW         6749    .bss                nrf_fstorage_sd.o
    0x20004074        -       0x000000a0   Zero   RW         6750    .bss                nrf_fstorage_sd.o
    0x20004114        -       0x0000000c   Zero   RW         6929    .bss                nrf_pwr_mgmt.o
    0x20004120        -       0x00000020   Zero   RW         7211    .bss                app_uart_fifo.o
    0x20004140        -       0x00000040   Zero   RW         7506    .bss                nrf_log_backend_rtt.o
    0x20004180        -       0x000000c0   Zero   RW         7663    .bss                nrf_log_frontend.o
    0x20004240        -       0x00000080   Zero   RW         7664    .bss                nrf_log_frontend.o
    0x200042c0        -       0x00000018   Zero   RW         7665    .bss                nrf_log_frontend.o
    0x200042d8        -       0x00000424   Zero   RW         7666    .bss                nrf_log_frontend.o
    0x200046fc        -       0x00000288   Zero   RW         7905    .bss                segger_rtt.o
    0x20004984   COMPRESSED   0x00000004   PAD
    0x20004988        -       0x00000800   Zero   RW         8617    STACK               arm_startup_nrf52810.o


==============================================================================

Image component sizes


      Code (inc. data)   RO Data    RW Data    ZI Data      Debug   Object Name

       760         54        767         12        176       6944   aes.o
      1222        220          4         48         80      15360   app.o
       664         66         27         24         48      14002   app_button.o
        22          0          0          0          0       2417   app_error.o
       132         46          0          0          0      28097   app_error_weak.o
       118          0          0          0          0       4254   app_fifo.o
         0          0          0          0          0      37110   app_scheduler.o
       846         88         38         36        104      16065   app_timer2.o
       572         64         40         28         32      26406   app_uart_fifo.o
       124         14          0          0         12       9494   app_util_platform.o
        84         22        512          0       2048        908   arm_startup_nrf52810.o
      1332          0          0          0          0      52892   ble_advdata.o
      1022          6          0          0          0      10515   ble_advertising.o
       636         44          8          8         80       8963   ble_conn_params.o
       770         58          8          0        124      15715   ble_conn_state.o
      2782          0          0          0          0      20483   ble_hids.o
        72          0          0          0          0       1612   ble_link_ctx_manager.o
       664          6         32          0          0       6752   ble_nus.o
       638          6          0          0          0       4928   ble_srv_common.o
       326         36          8          0          0      12830   boards.o
       986         84         44         16        108      14503   bsp.o
       220         10          8          8          0       5444   bsp_btn_ble.o
       696         76          6         12          0      42753   drv_rtc.o
      3848        342         24         68        240      46558   fds.o
      1124        534         71         31        224      13151   feng_fstorage.o
         0          0          0          0          0       1228   feng_gpiote.o
       244         54         40          8          0      49702   feng_twi.o
      2152        552        553         16          0      32943   gatt_cache_manager.o
       686         84        462         12          0      16191   gatts_cache_manager.o
       946         34         32          0        216      16448   id_manager.o
      5018       1702        120        596       1276     218757   main.o
       342          0          0          0          0       6430   nrf_atfifo.o
       170          0          0          0          0       4548   nrf_atflags.o
       332          0          0          0          0       9638   nrf_atomic.o
       164          0          0          0          0       3512   nrf_balloc.o
       634        186         35          0          0       8213   nrf_ble_gatt.o
       276          0          0          0          0       4541   nrf_ble_qwr.o
       276         34         30          0         20      35012   nrf_drv_clock.o
       352         38         42          3         77       7060   nrf_drv_rng.o
       328         16          6          8          0      22427   nrf_drv_twi.o
       200         26          0         12          0      17740   nrf_drv_uart.o
        50          0          0          0          0       3461   nrf_fprintf.o
       866          4         16          0          0       6390   nrf_fprintf_format.o
      1404        596        194          0          0       8763   nrf_fstorage.o
       798         82         72          8        176      15403   nrf_fstorage_sd.o
       112         18         18          1         64       5429   nrf_log_backend_rtt.o
       200          0          0          0          0      10837   nrf_log_backend_serial.o
        28          4         32          8          0       3313   nrf_log_default_backends.o
      1512        114         44         16       1404      30600   nrf_log_frontend.o
       570        108        102         64          0       5500   nrf_log_str_formatter.o
       346          0          0          0          0       9239   nrf_memobj.o
        60         12         53          8         12       4023   nrf_pwr_mgmt.o
       482          0          0          0          0       7776   nrf_queue.o
        28          0          0          0          0       2339   nrf_ringbuf.o
       552         60        104          3          0      38847   nrf_sdh.o
       716        232        539          1          0       5745   nrf_sdh_ble.o
        60          4         56          0          0       2440   nrf_sdh_soc.o
        78          0          0          0          0       2660   nrf_section_iter.o
        84          0         17          0          0       3953   nrf_sortlist.o
        76         10       1319          0          0       2671   nrf_strerror.o
       222         30         14          8          0      40738   nrfx_clock.o
      1222         92         19          0         92      56399   nrfx_gpiote.o
        94         16         12          8          0       3653   nrfx_prs.o
       220         56         12          8          0       6188   nrfx_rng.o
      1524         52         37          0         52      26796   nrfx_twim.o
      1364         38         17          0         44      29557   nrfx_uart.o
      1286         36         18          0         36      24471   nrfx_uarte.o
       244         50         12          8          0       7972   nrfx_wdt.o
      1156        144        281         12          0      17586   peer_data_storage.o
      1434        260        425          8        384      18834   peer_database.o
       314         38          0          0         64       8711   peer_id.o
      1688        454        217         16         12      19894   peer_manager.o
      1824        842        832         96          0       9088   peer_manager_handler.o
       234          0          0          0          0       5243   pm_buffer.o
      1964        272        835          5         64      26767   security_dispatcher.o
      1376        122        411         21          0      50137   security_manager.o
       378         34          0          0        648       8765   segger_rtt.o
       996         92          0          4          0       4651   system_nrf52810.o
        92         18          4          4         32       3104   test.o

    ----------------------------------------------------------------------
     57542       8404       8760       1264       7968    1410489   Object Totals
         0          0         32          0          0          0   (incl. Generated)
       108         12         99         11         19          0   (incl. Padding)

    ----------------------------------------------------------------------

      Code (inc. data)   RO Data    RW Data    ZI Data      Debug   Library Member Name

        86          0          0          0          0          0   __dczerorl2.o
         8          4        133          0          0         68   ctype_o.o
         0          0          0          0          0          0   entry.o
         0          0          0          0          0          0   entry10a.o
         0          0          0          0          0          0   entry11a.o
         8          4          0          0          0          0   entry2.o
         4          0          0          0          0          0   entry5.o
         0          0          0          0          0          0   entry7b.o
         0          0          0          0          0          0   entry8b.o
         8          4          0          0          0          0   entry9a.o
        30          0          0          0          0          0   handlers.o
        36          8          0          0          0         68   init.o
        30          0          0          0          0         68   llshl.o
        32          0          0          0          0         68   llushr.o
        26          0          0          0          0         80   memcmp.o
        36          0          0          0          0         68   memcpya.o
        36          0          0          0          0        108   memseta.o
        18          0          0          0          0         68   strcpy.o
        14          0          0          0          0         68   strlen.o
        98          0          0          0          0         92   uldiv.o

    ----------------------------------------------------------------------
       474         20        136          0          0        756   Library Totals
         4          0          3          0          0          0   (incl. Padding)

    ----------------------------------------------------------------------

      Code (inc. data)   RO Data    RW Data    ZI Data      Debug   Library Name

       470         20        133          0          0        756   mc_w.l

    ----------------------------------------------------------------------
       474         20        136          0          0        756   Library Totals

    ----------------------------------------------------------------------

==============================================================================


      Code (inc. data)   RO Data    RW Data    ZI Data      Debug   

     58016       8424       8896       1264       7968    1376585   Grand Totals
     58016       8424       8896        276       7968    1376585   ELF Image Totals (compressed)
     58016       8424       8896        276          0          0   ROM Totals

==============================================================================

    Total RO  Size (Code + RO Data)                66912 (  65.34kB)
    Total RW  Size (RW Data + ZI Data)              9232 (   9.02kB)
    Total ROM Size (Code + RO Data + RW Data)      67188 (  65.61kB)

==============================================================================

